   text	   data	    bss	    dec	    hex	filename
    287	      0	    120	    407	    197	E:/workCODE/SLM130NA-M018-C0005/1200_SDK/xinyiNBIot_CP/.build/CMakeFiles/xinyiNBSoC.dir/./ARCH/assert/src/dump.c.o
    268	      0	     18	    286	    11e	E:/workCODE/SLM130NA-M018-C0005/1200_SDK/xinyiNBIot_CP/.build/CMakeFiles/xinyiNBSoC.dir/./ARCH/assert/src/sys_debug.c.o
     32	      0	      0	     32	     20	E:/workCODE/SLM130NA-M018-C0005/1200_SDK/xinyiNBIot_CP/.build/CMakeFiles/xinyiNBSoC.dir/./ARCH/core_cm3/src/HardFault.c.o
    160	      0	      0	    160	     a0	E:/workCODE/SLM130NA-M018-C0005/1200_SDK/xinyiNBIot_CP/.build/CMakeFiles/xinyiNBSoC.dir/./ARCH/core_cm3/src/MPU.c.o
    368	      0	      0	    368	    170	E:/workCODE/SLM130NA-M018-C0005/1200_SDK/xinyiNBIot_CP/.build/CMakeFiles/xinyiNBSoC.dir/./ARCH/nvic/src/xinyi_nvic.c.o
     94	    256	      0	    350	    15e	E:/workCODE/SLM130NA-M018-C0005/1200_SDK/xinyiNBIot_CP/.build/CMakeFiles/xinyiNBSoC.dir/./ARCH/startup/src/startup_xinyi_2100.s.o
     84	      0	      0	     84	     54	E:/workCODE/SLM130NA-M018-C0005/1200_SDK/xinyiNBIot_CP/.build/CMakeFiles/xinyiNBSoC.dir/./ARCH/startup/src/system_cm3.c.o
    130	      0	      0	    130	     82	E:/workCODE/SLM130NA-M018-C0005/1200_SDK/xinyiNBIot_CP/.build/CMakeFiles/xinyiNBSoC.dir/./KERNEL/OS/FreeRTOS/list.c.o
   1023	      4	      9	   1036	    40c	E:/workCODE/SLM130NA-M018-C0005/1200_SDK/xinyiNBIot_CP/.build/CMakeFiles/xinyiNBSoC.dir/./KERNEL/OS/FreeRTOS/portable/GCC/ARM_CM3/port.c.o
    542	      0	      8	    550	    226	E:/workCODE/SLM130NA-M018-C0005/1200_SDK/xinyiNBIot_CP/.build/CMakeFiles/xinyiNBSoC.dir/./KERNEL/OS/FreeRTOS/portable/GCC/ARM_CM3/port_clktick.c.o
   1941	      4	     81	   2026	    7ea	E:/workCODE/SLM130NA-M018-C0005/1200_SDK/xinyiNBIot_CP/.build/CMakeFiles/xinyiNBSoC.dir/./KERNEL/OS/FreeRTOS/portable/MemMang/heap_7.c.o
   3172	      0	      0	   3172	    c64	E:/workCODE/SLM130NA-M018-C0005/1200_SDK/xinyiNBIot_CP/.build/CMakeFiles/xinyiNBSoC.dir/./KERNEL/OS/FreeRTOS/queue.c.o
   7113	      0	    492	   7605	   1db5	E:/workCODE/SLM130NA-M018-C0005/1200_SDK/xinyiNBIot_CP/.build/CMakeFiles/xinyiNBSoC.dir/./KERNEL/OS/FreeRTOS/tasks.c.o
   1631	      0	     60	   1691	    69b	E:/workCODE/SLM130NA-M018-C0005/1200_SDK/xinyiNBIot_CP/.build/CMakeFiles/xinyiNBSoC.dir/./KERNEL/OS/FreeRTOS/timers.c.o
   5950	      0	      8	   5958	   1746	E:/workCODE/SLM130NA-M018-C0005/1200_SDK/xinyiNBIot_CP/.build/CMakeFiles/xinyiNBSoC.dir/./KERNEL/OSAL/FreeRTOS/Source/osal.c.o
      0	      0	      0	      0	      0	E:/workCODE/SLM130NA-M018-C0005/1200_SDK/xinyiNBIot_CP/.build/CMakeFiles/xinyiNBSoC.dir/./KERNEL/OSAL/FreeRTOS/Source/osal_cpu_utilization.c.o
    101	      0	      0	    101	     65	E:/workCODE/SLM130NA-M018-C0005/1200_SDK/xinyiNBIot_CP/.build/CMakeFiles/xinyiNBSoC.dir/./KERNEL/OSAL/FreeRTOS/Source/osal_freertos_hook.c.o
    218	      0	      4	    222	     de	E:/workCODE/SLM130NA-M018-C0005/1200_SDK/xinyiNBIot_CP/.build/CMakeFiles/xinyiNBSoC.dir/./KERNEL/OSAL/FreeRTOS/Source/osal_statistics.c.o
     60	      0	      4	     64	     40	E:/workCODE/SLM130NA-M018-C0005/1200_SDK/xinyiNBIot_CP/.build/CMakeFiles/xinyiNBSoC.dir/./KERNEL/newlib/src/_sbrk.c.o
    318	      0	      0	    318	    13e	E:/workCODE/SLM130NA-M018-C0005/1200_SDK/xinyiNBIot_CP/.build/CMakeFiles/xinyiNBSoC.dir/./KERNEL/newlib/src/_startup.c.o
     48	      8	      5	     61	     3d	E:/workCODE/SLM130NA-M018-C0005/1200_SDK/xinyiNBIot_CP/.build/CMakeFiles/xinyiNBSoC.dir/./KERNEL/newlib/src/_syscalls.c.o
     20	      0	      0	     20	     14	E:/workCODE/SLM130NA-M018-C0005/1200_SDK/xinyiNBIot_CP/.build/CMakeFiles/xinyiNBSoC.dir/./KERNEL/newlib/src/_write.c.o
    103	      0	      0	    103	     67	E:/workCODE/SLM130NA-M018-C0005/1200_SDK/xinyiNBIot_CP/.build/CMakeFiles/xinyiNBSoC.dir/./KERNEL/newlib/src/malloc.c.o
    144	      0	      0	    144	     90	E:/workCODE/SLM130NA-M018-C0005/1200_SDK/xinyiNBIot_CP/.build/CMakeFiles/xinyiNBSoC.dir/./KERNEL/newlib/src/memcpy.c.o
    110	      0	      0	    110	     6e	E:/workCODE/SLM130NA-M018-C0005/1200_SDK/xinyiNBIot_CP/.build/CMakeFiles/xinyiNBSoC.dir/./KERNEL/newlib/src/memset.c.o
    338	      0	      8	    346	    15a	E:/workCODE/SLM130NA-M018-C0005/1200_SDK/xinyiNBIot_CP/.build/CMakeFiles/xinyiNBSoC.dir/./KERNEL/utils/Source/osAssitantUtils.c.o
    352	      0	      0	    352	    160	E:/workCODE/SLM130NA-M018-C0005/1200_SDK/xinyiNBIot_CP/.build/CMakeFiles/xinyiNBSoC.dir/./NBIotPs/xy_ps/atc_ps/src/at_3GPP_cmd_demo.c.o
    458	      0	      0	    458	    1ca	E:/workCODE/SLM130NA-M018-C0005/1200_SDK/xinyiNBIot_CP/.build/CMakeFiles/xinyiNBSoC.dir/./NBIotPs/xy_ps/atc_ps/src/atc_analysis.c.o
   4690	      0	      0	   4690	   1252	E:/workCODE/SLM130NA-M018-C0005/1200_SDK/xinyiNBIot_CP/.build/CMakeFiles/xinyiNBSoC.dir/./NBIotPs/xy_ps/atc_ps/src/atc_cmd_basic.c.o
  11553	      0	      0	  11553	   2d21	E:/workCODE/SLM130NA-M018-C0005/1200_SDK/xinyiNBIot_CP/.build/CMakeFiles/xinyiNBSoC.dir/./NBIotPs/xy_ps/atc_ps/src/atc_cmd_other.c.o
  25086	      0	      4	  25090	   6202	E:/workCODE/SLM130NA-M018-C0005/1200_SDK/xinyiNBIot_CP/.build/CMakeFiles/xinyiNBSoC.dir/./NBIotPs/xy_ps/atc_ps/src/atc_cmd_proc.c.o
    680	      0	      0	    680	    2a8	E:/workCODE/SLM130NA-M018-C0005/1200_SDK/xinyiNBIot_CP/.build/CMakeFiles/xinyiNBSoC.dir/./NBIotPs/xy_ps/atc_ps/src/atc_cmd_sms.c.o
   1365	      0	      0	   1365	    555	E:/workCODE/SLM130NA-M018-C0005/1200_SDK/xinyiNBIot_CP/.build/CMakeFiles/xinyiNBSoC.dir/./NBIotPs/xy_ps/atc_ps/src/atc_msg_proc.c.o
  19170	      0	      0	  19170	   4ae2	E:/workCODE/SLM130NA-M018-C0005/1200_SDK/xinyiNBIot_CP/.build/CMakeFiles/xinyiNBSoC.dir/./NBIotPs/xy_ps/atc_ps/src/atc_ps_com.c.o
   1687	      4	      0	   1691	    69b	E:/workCODE/SLM130NA-M018-C0005/1200_SDK/xinyiNBIot_CP/.build/CMakeFiles/xinyiNBSoC.dir/./NBIotPs/xy_ps/atc_ps/src/atc_ps_main.c.o
   4207	      0	      0	   4207	   106f	E:/workCODE/SLM130NA-M018-C0005/1200_SDK/xinyiNBIot_CP/.build/CMakeFiles/xinyiNBSoC.dir/./NBIotPs/xy_ps/atc_ps/src/atc_ps_rom.c.o
   5297	      0	     57	   5354	   14ea	E:/workCODE/SLM130NA-M018-C0005/1200_SDK/xinyiNBIot_CP/.build/CMakeFiles/xinyiNBSoC.dir/./NBIotPs/xy_ps/src/xy_ps_api.c.o
   2168	      1	      8	   2177	    881	E:/workCODE/SLM130NA-M018-C0005/1200_SDK/xinyiNBIot_CP/.build/CMakeFiles/xinyiNBSoC.dir/./SYSAPP/at_ctrl/src/at_api.c.o
   4055	      0	      5	   4060	    fdc	E:/workCODE/SLM130NA-M018-C0005/1200_SDK/xinyiNBIot_CP/.build/CMakeFiles/xinyiNBSoC.dir/./SYSAPP/at_ctrl/src/at_com.c.o
    772	      0	    624	   1396	    574	E:/workCODE/SLM130NA-M018-C0005/1200_SDK/xinyiNBIot_CP/.build/CMakeFiles/xinyiNBSoC.dir/./SYSAPP/at_ctrl/src/at_context.c.o
   3703	    384	     16	   4103	   1007	E:/workCODE/SLM130NA-M018-C0005/1200_SDK/xinyiNBIot_CP/.build/CMakeFiles/xinyiNBSoC.dir/./SYSAPP/at_ctrl/src/at_ctl.c.o
   1145	      0	      0	   1145	    479	E:/workCODE/SLM130NA-M018-C0005/1200_SDK/xinyiNBIot_CP/.build/CMakeFiles/xinyiNBSoC.dir/./SYSAPP/at_ctrl/src/at_farps_channel.c.o
    103	      0	      0	    103	     67	E:/workCODE/SLM130NA-M018-C0005/1200_SDK/xinyiNBIot_CP/.build/CMakeFiles/xinyiNBSoC.dir/./SYSAPP/at_ctrl/src/at_nearps_channel.c.o
    660	      0	      8	    668	    29c	E:/workCODE/SLM130NA-M018-C0005/1200_SDK/xinyiNBIot_CP/.build/CMakeFiles/xinyiNBSoC.dir/./SYSAPP/at_ctrl/src/at_proxy.c.o
    163	      0	      4	    167	     a7	E:/workCODE/SLM130NA-M018-C0005/1200_SDK/xinyiNBIot_CP/.build/CMakeFiles/xinyiNBSoC.dir/./SYSAPP/at_ctrl/src/at_ps_proxy.c.o
   1340	     22	      0	   1362	    552	E:/workCODE/SLM130NA-M018-C0005/1200_SDK/xinyiNBIot_CP/.build/CMakeFiles/xinyiNBSoC.dir/./SYSAPP/at_ctrl/src/at_utils.c.o
    609	      0	      8	    617	    269	E:/workCODE/SLM130NA-M018-C0005/1200_SDK/xinyiNBIot_CP/.build/CMakeFiles/xinyiNBSoC.dir/./SYSAPP/at_uart/src/at_uart.c.o
    234	      0	     12	    246	     f6	E:/workCODE/SLM130NA-M018-C0005/1200_SDK/xinyiNBIot_CP/.build/CMakeFiles/xinyiNBSoC.dir/./SYSAPP/at_uart/src/at_uart_ringbuf.c.o
    672	      0	      0	    672	    2a0	E:/workCODE/SLM130NA-M018-C0005/1200_SDK/xinyiNBIot_CP/.build/CMakeFiles/xinyiNBSoC.dir/./SYSAPP/at_uart/src/auto_baudrate.c.o
    120	      0	      0	    120	     78	E:/workCODE/SLM130NA-M018-C0005/1200_SDK/xinyiNBIot_CP/.build/CMakeFiles/xinyiNBSoC.dir/./SYSAPP/at_uart/src/tmp_aon_func.c.o
      0	      0	      0	      0	      0	E:/workCODE/SLM130NA-M018-C0005/1200_SDK/xinyiNBIot_CP/.build/CMakeFiles/xinyiNBSoC.dir/./SYSAPP/custom/src/sys_260Y.c.o
      0	      0	      0	      0	      0	E:/workCODE/SLM130NA-M018-C0005/1200_SDK/xinyiNBIot_CP/.build/CMakeFiles/xinyiNBSoC.dir/./SYSAPP/custom/src/sys_bc25.c.o
      0	      0	      0	      0	      0	E:/workCODE/SLM130NA-M018-C0005/1200_SDK/xinyiNBIot_CP/.build/CMakeFiles/xinyiNBSoC.dir/./SYSAPP/custom/src/sys_cmcc.c.o
    982	      0	      4	    986	    3da	E:/workCODE/SLM130NA-M018-C0005/1200_SDK/xinyiNBIot_CP/.build/CMakeFiles/xinyiNBSoC.dir/./SYSAPP/custom/src/sys_quectel.c.o
    110	      0	      0	    110	     6e	E:/workCODE/SLM130NA-M018-C0005/1200_SDK/xinyiNBIot_CP/.build/CMakeFiles/xinyiNBSoC.dir/./SYSAPP/diag_ctrl/api/diag_at_cmd.c.o
    716	      0	    152	    868	    364	E:/workCODE/SLM130NA-M018-C0005/1200_SDK/xinyiNBIot_CP/.build/CMakeFiles/xinyiNBSoC.dir/./SYSAPP/diag_ctrl/api/diag_cmd_send.c.o
    301	      0	      0	    301	    12d	E:/workCODE/SLM130NA-M018-C0005/1200_SDK/xinyiNBIot_CP/.build/CMakeFiles/xinyiNBSoC.dir/./SYSAPP/diag_ctrl/api/diag_phy_print.c.o
    422	      0	      0	    422	    1a6	E:/workCODE/SLM130NA-M018-C0005/1200_SDK/xinyiNBIot_CP/.build/CMakeFiles/xinyiNBSoC.dir/./SYSAPP/diag_ctrl/api/diag_platform_print.c.o
    412	      0	      0	    412	    19c	E:/workCODE/SLM130NA-M018-C0005/1200_SDK/xinyiNBIot_CP/.build/CMakeFiles/xinyiNBSoC.dir/./SYSAPP/diag_ctrl/api/diag_ps_print.c.o
    332	      0	     20	    352	    160	E:/workCODE/SLM130NA-M018-C0005/1200_SDK/xinyiNBIot_CP/.build/CMakeFiles/xinyiNBSoC.dir/./SYSAPP/diag_ctrl/core/base/diag_list.c.o
    347	      0	     56	    403	    193	E:/workCODE/SLM130NA-M018-C0005/1200_SDK/xinyiNBIot_CP/.build/CMakeFiles/xinyiNBSoC.dir/./SYSAPP/diag_ctrl/core/base/diag_mem.c.o
   1228	      0	      0	   1228	    4cc	E:/workCODE/SLM130NA-M018-C0005/1200_SDK/xinyiNBIot_CP/.build/CMakeFiles/xinyiNBSoC.dir/./SYSAPP/diag_ctrl/core/format/diag_format.c.o
    366	      0	      4	    370	    172	E:/workCODE/SLM130NA-M018-C0005/1200_SDK/xinyiNBIot_CP/.build/CMakeFiles/xinyiNBSoC.dir/./SYSAPP/diag_ctrl/core/format/diag_packet.c.o
   1543	      4	      8	   1555	    613	E:/workCODE/SLM130NA-M018-C0005/1200_SDK/xinyiNBIot_CP/.build/CMakeFiles/xinyiNBSoC.dir/./SYSAPP/diag_ctrl/core/recv/diag_recv_handler.c.o
    308	      0	    132	    440	    1b8	E:/workCODE/SLM130NA-M018-C0005/1200_SDK/xinyiNBIot_CP/.build/CMakeFiles/xinyiNBSoC.dir/./SYSAPP/diag_ctrl/core/recv/diag_recv_msg.c.o
    108	      0	      0	    108	     6c	E:/workCODE/SLM130NA-M018-C0005/1200_SDK/xinyiNBIot_CP/.build/CMakeFiles/xinyiNBSoC.dir/./SYSAPP/diag_ctrl/core/recv/dump_flash.c.o
    472	      0	     12	    484	    1e4	E:/workCODE/SLM130NA-M018-C0005/1200_SDK/xinyiNBIot_CP/.build/CMakeFiles/xinyiNBSoC.dir/./SYSAPP/diag_ctrl/port/diag_filter.c.o
   1393	      0	     12	   1405	    57d	E:/workCODE/SLM130NA-M018-C0005/1200_SDK/xinyiNBIot_CP/.build/CMakeFiles/xinyiNBSoC.dir/./SYSAPP/diag_ctrl/port/diag_transmit_port.c.o
      0	      0	      0	      0	      0	E:/workCODE/SLM130NA-M018-C0005/1200_SDK/xinyiNBIot_CP/.build/CMakeFiles/xinyiNBSoC.dir/./SYSAPP/diag_ctrl/web_log/web_log.c.o
   2907	     48	     20	   2975	    b9f	E:/workCODE/SLM130NA-M018-C0005/1200_SDK/xinyiNBIot_CP/.build/CMakeFiles/xinyiNBSoC.dir/./SYSAPP/flash/src/flash_adapt.c.o
    283	      0	      0	    283	    11b	E:/workCODE/SLM130NA-M018-C0005/1200_SDK/xinyiNBIot_CP/.build/CMakeFiles/xinyiNBSoC.dir/./SYSAPP/flash/src/lpm_nv_write.c.o
    724	      8	      4	    736	    2e0	E:/workCODE/SLM130NA-M018-C0005/1200_SDK/xinyiNBIot_CP/.build/CMakeFiles/xinyiNBSoC.dir/./SYSAPP/flash/src/mpu_protect.c.o
   1414	      0	      0	   1414	    586	E:/workCODE/SLM130NA-M018-C0005/1200_SDK/xinyiNBIot_CP/.build/CMakeFiles/xinyiNBSoC.dir/./SYSAPP/flash/src/urgent_dbg_info.c.o
   1149	      0	      0	   1149	    47d	E:/workCODE/SLM130NA-M018-C0005/1200_SDK/xinyiNBIot_CP/.build/CMakeFiles/xinyiNBSoC.dir/./SYSAPP/flash/src/xy_flash.c.o
   2924	      0	      4	   2928	    b70	E:/workCODE/SLM130NA-M018-C0005/1200_SDK/xinyiNBIot_CP/.build/CMakeFiles/xinyiNBSoC.dir/./SYSAPP/flash/src/xy_ftl.c.o
    564	      0	      0	    564	    234	E:/workCODE/SLM130NA-M018-C0005/1200_SDK/xinyiNBIot_CP/.build/CMakeFiles/xinyiNBSoC.dir/./SYSAPP/hal/src/hal_aes.c.o
   4074	      0	     24	   4098	   1002	E:/workCODE/SLM130NA-M018-C0005/1200_SDK/xinyiNBIot_CP/.build/CMakeFiles/xinyiNBSoC.dir/./SYSAPP/lowpower/src/deepsleep.c.o
      0	      0	      4	      4	      4	E:/workCODE/SLM130NA-M018-C0005/1200_SDK/xinyiNBIot_CP/.build/CMakeFiles/xinyiNBSoC.dir/./SYSAPP/lowpower/src/fast_recovery.c.o
   4279	     29	    300	   4608	   1200	E:/workCODE/SLM130NA-M018-C0005/1200_SDK/xinyiNBIot_CP/.build/CMakeFiles/xinyiNBSoC.dir/./SYSAPP/lowpower/src/low_power.c.o
   2829	      0	     12	   2841	    b19	E:/workCODE/SLM130NA-M018-C0005/1200_SDK/xinyiNBIot_CP/.build/CMakeFiles/xinyiNBSoC.dir/./SYSAPP/lowpower/src/standby.c.o
   4898	      0	     28	   4926	   133e	E:/workCODE/SLM130NA-M018-C0005/1200_SDK/xinyiNBIot_CP/.build/CMakeFiles/xinyiNBSoC.dir/./SYSAPP/rtc_tmr/src/rtc_tmr.c.o
    824	      0	      0	    824	    338	E:/workCODE/SLM130NA-M018-C0005/1200_SDK/xinyiNBIot_CP/.build/CMakeFiles/xinyiNBSoC.dir/./SYSAPP/rtc_tmr/src/rtc_utils.c.o
    894	      0	      0	    894	    37e	E:/workCODE/SLM130NA-M018-C0005/1200_SDK/xinyiNBIot_CP/.build/CMakeFiles/xinyiNBSoC.dir/./SYSAPP/rtc_tmr/src/xy_rtc_api.c.o
   1008	      0	     24	   1032	    408	E:/workCODE/SLM130NA-M018-C0005/1200_SDK/xinyiNBIot_CP/.build/CMakeFiles/xinyiNBSoC.dir/./SYSAPP/shm_msg/src/ipc_msg.c.o
   1273	     16	     28	   1317	    525	E:/workCODE/SLM130NA-M018-C0005/1200_SDK/xinyiNBIot_CP/.build/CMakeFiles/xinyiNBSoC.dir/./SYSAPP/shm_msg/src/ipcmsg_drv.c.o
    275	      0	      0	    275	    113	E:/workCODE/SLM130NA-M018-C0005/1200_SDK/xinyiNBIot_CP/.build/CMakeFiles/xinyiNBSoC.dir/./SYSAPP/shm_msg/src/user_ipc_msg.c.o
   8423	    387	    591	   9401	   24b9	E:/workCODE/SLM130NA-M018-C0005/1200_SDK/xinyiNBIot_CP/.build/CMakeFiles/xinyiNBSoC.dir/./SYSAPP/smartcard/src/smartcard.c.o
     10	      0	      0	     10	      a	E:/workCODE/SLM130NA-M018-C0005/1200_SDK/xinyiNBIot_CP/.build/CMakeFiles/xinyiNBSoC.dir/./SYSAPP/smartcard/src/vsim_adapt.c.o
     76	      0	      0	     76	     4c	E:/workCODE/SLM130NA-M018-C0005/1200_SDK/xinyiNBIot_CP/.build/CMakeFiles/xinyiNBSoC.dir/./SYSAPP/system/src/htol_test.c.o
    481	      0	      4	    485	    1e5	E:/workCODE/SLM130NA-M018-C0005/1200_SDK/xinyiNBIot_CP/.build/CMakeFiles/xinyiNBSoC.dir/./SYSAPP/system/src/idle_hook.c.o
    486	      0	      8	    494	    1ee	E:/workCODE/SLM130NA-M018-C0005/1200_SDK/xinyiNBIot_CP/.build/CMakeFiles/xinyiNBSoC.dir/./SYSAPP/system/src/main_proxy.c.o
    791	      0	     24	    815	    32f	E:/workCODE/SLM130NA-M018-C0005/1200_SDK/xinyiNBIot_CP/.build/CMakeFiles/xinyiNBSoC.dir/./SYSAPP/system/src/mem_adapt.c.o
   1153	      0	     21	   1174	    496	E:/workCODE/SLM130NA-M018-C0005/1200_SDK/xinyiNBIot_CP/.build/CMakeFiles/xinyiNBSoC.dir/./SYSAPP/system/src/oss_nv.c.o
     94	     12	      4	    110	     6e	E:/workCODE/SLM130NA-M018-C0005/1200_SDK/xinyiNBIot_CP/.build/CMakeFiles/xinyiNBSoC.dir/./SYSAPP/system/src/sys_clk.c.o
     82	      0	      0	     82	     52	E:/workCODE/SLM130NA-M018-C0005/1200_SDK/xinyiNBIot_CP/.build/CMakeFiles/xinyiNBSoC.dir/./SYSAPP/system/src/sys_config.c.o
    917	      4	     12	    933	    3a5	E:/workCODE/SLM130NA-M018-C0005/1200_SDK/xinyiNBIot_CP/.build/CMakeFiles/xinyiNBSoC.dir/./SYSAPP/system/src/xy_lpm.c.o
    591	      0	     36	    627	    273	E:/workCODE/SLM130NA-M018-C0005/1200_SDK/xinyiNBIot_CP/.build/CMakeFiles/xinyiNBSoC.dir/./SYSAPP/system/src/xy_passthrough.c.o
     68	      0	     12	     80	     50	E:/workCODE/SLM130NA-M018-C0005/1200_SDK/xinyiNBIot_CP/.build/CMakeFiles/xinyiNBSoC.dir/./SYSAPP/system/src/xy_sys_hook.c.o
    619	      0	     24	    643	    283	E:/workCODE/SLM130NA-M018-C0005/1200_SDK/xinyiNBIot_CP/.build/CMakeFiles/xinyiNBSoC.dir/./SYSAPP/system/src/xy_system.c.o
    950	      0	      8	    958	    3be	E:/workCODE/SLM130NA-M018-C0005/1200_SDK/xinyiNBIot_CP/.build/CMakeFiles/xinyiNBSoC.dir/./SYSAPP/system/src/xy_utils.c.o
    374	      0	      0	    374	    176	E:/workCODE/SLM130NA-M018-C0005/1200_SDK/xinyiNBIot_CP/.build/CMakeFiles/xinyiNBSoC.dir/./SYSAPP/system/src/xy_utils_weak.c.o
    519	      0	      4	    523	    20b	E:/workCODE/SLM130NA-M018-C0005/1200_SDK/xinyiNBIot_CP/.build/CMakeFiles/xinyiNBSoC.dir/./SYSAPP/system/src/xy_wdt.c.o
   2140	      4	      0	   2144	    860	E:/workCODE/SLM130NA-M018-C0005/1200_SDK/xinyiNBIot_CP/.build/CMakeFiles/xinyiNBSoC.dir/./APPLIB/at_cmd/src/at_cmd_regist.c.o
      0	      0	      0	      0	      0	E:/workCODE/SLM130NA-M018-C0005/1200_SDK/xinyiNBIot_CP/.build/CMakeFiles/xinyiNBSoC.dir/./APPLIB/at_cmd/src/at_hardware_cmd_260y.c.o
      0	      0	      0	      0	      0	E:/workCODE/SLM130NA-M018-C0005/1200_SDK/xinyiNBIot_CP/.build/CMakeFiles/xinyiNBSoC.dir/./APPLIB/at_cmd/src/at_hardware_cmd_bc25.c.o
    820	      0	      0	    820	    334	E:/workCODE/SLM130NA-M018-C0005/1200_SDK/xinyiNBIot_CP/.build/CMakeFiles/xinyiNBSoC.dir/./APPLIB/at_cmd/src/at_hardware_cmd_bc95.c.o
   1140	      0	      0	   1140	    474	E:/workCODE/SLM130NA-M018-C0005/1200_SDK/xinyiNBIot_CP/.build/CMakeFiles/xinyiNBSoC.dir/./APPLIB/at_cmd/src/at_hardware_cmd_default.c.o
   1012	      0	      0	   1012	    3f4	E:/workCODE/SLM130NA-M018-C0005/1200_SDK/xinyiNBIot_CP/.build/CMakeFiles/xinyiNBSoC.dir/./APPLIB/at_cmd/src/at_passthrough.c.o
   2905	      4	      5	   2914	    b62	E:/workCODE/SLM130NA-M018-C0005/1200_SDK/xinyiNBIot_CP/.build/CMakeFiles/xinyiNBSoC.dir/./APPLIB/at_cmd/src/at_ps_cmd.c.o
   1229	      1	      0	   1230	    4ce	E:/workCODE/SLM130NA-M018-C0005/1200_SDK/xinyiNBIot_CP/.build/CMakeFiles/xinyiNBSoC.dir/./APPLIB/at_cmd/src/at_system_cmd_260y.c.o
      0	      0	      0	      0	      0	E:/workCODE/SLM130NA-M018-C0005/1200_SDK/xinyiNBIot_CP/.build/CMakeFiles/xinyiNBSoC.dir/./APPLIB/at_cmd/src/at_system_cmd_bc25.c.o
    887	      1	      0	    888	    378	E:/workCODE/SLM130NA-M018-C0005/1200_SDK/xinyiNBIot_CP/.build/CMakeFiles/xinyiNBSoC.dir/./APPLIB/at_cmd/src/at_system_cmd_bc95.c.o
   1207	      0	      8	   1215	    4bf	E:/workCODE/SLM130NA-M018-C0005/1200_SDK/xinyiNBIot_CP/.build/CMakeFiles/xinyiNBSoC.dir/./APPLIB/at_cmd/src/at_system_cmd_default.c.o
   2598	    200	     12	   2810	    afa	E:/workCODE/SLM130NA-M018-C0005/1200_SDK/xinyiNBIot_CP/.build/CMakeFiles/xinyiNBSoC.dir/./APPLIB/at_cmd/src/at_tcpip_api.c.o
   2398	      0	      0	   2398	    95e	E:/workCODE/SLM130NA-M018-C0005/1200_SDK/xinyiNBIot_CP/.build/CMakeFiles/xinyiNBSoC.dir/./APPLIB/at_cmd/src/at_tcpip_cmd.c.o
   6167	      4	     13	   6184	   1828	E:/workCODE/SLM130NA-M018-C0005/1200_SDK/xinyiNBIot_CP/.build/CMakeFiles/xinyiNBSoC.dir/./APPLIB/at_cmd/src/at_test_cmd.c.o
    778	      6	      4	    788	    314	E:/workCODE/SLM130NA-M018-C0005/1200_SDK/xinyiNBIot_CP/.build/CMakeFiles/xinyiNBSoC.dir/./APPLIB/at_cmd/src/at_worklock.c.o
   9730	      0	      0	   9730	   2602	E:/workCODE/SLM130NA-M018-C0005/1200_SDK/xinyiNBIot_CP/.build/CMakeFiles/xinyiNBSoC.dir/./APPLIB/at_cmd/src/at_xy_cmd.c.o
   6461	     12	     23	   6496	   1960	E:/workCODE/SLM130NA-M018-C0005/1200_SDK/xinyiNBIot_CP/.build/CMakeFiles/xinyiNBSoC.dir/./APPLIB/cJSON/cJSON.c.o
      0	      0	      0	      0	      0	E:/workCODE/SLM130NA-M018-C0005/1200_SDK/xinyiNBIot_CP/.build/CMakeFiles/xinyiNBSoC.dir/./APPLIB/cloud/cdp/AgentTiny/atiny_lwm2m/agent_tiny_cmd_ioctl.c.o
      0	      0	      0	      0	      0	E:/workCODE/SLM130NA-M018-C0005/1200_SDK/xinyiNBIot_CP/.build/CMakeFiles/xinyiNBSoC.dir/./APPLIB/cloud/cdp/AgentTiny/atiny_lwm2m/agent_tiny_demo.c.o
      0	      0	      0	      0	      0	E:/workCODE/SLM130NA-M018-C0005/1200_SDK/xinyiNBIot_CP/.build/CMakeFiles/xinyiNBSoC.dir/./APPLIB/cloud/cdp/AgentTiny/atiny_lwm2m/agenttiny.c.o
      0	      0	      0	      0	      0	E:/workCODE/SLM130NA-M018-C0005/1200_SDK/xinyiNBIot_CP/.build/CMakeFiles/xinyiNBSoC.dir/./APPLIB/cloud/cdp/AgentTiny/atiny_lwm2m/atiny_rpt.c.o
      0	      0	      0	      0	      0	E:/workCODE/SLM130NA-M018-C0005/1200_SDK/xinyiNBIot_CP/.build/CMakeFiles/xinyiNBSoC.dir/./APPLIB/cloud/cdp/AgentTiny/atiny_lwm2m/object_access_control.c.o
      0	      0	      0	      0	      0	E:/workCODE/SLM130NA-M018-C0005/1200_SDK/xinyiNBIot_CP/.build/CMakeFiles/xinyiNBSoC.dir/./APPLIB/cloud/cdp/AgentTiny/atiny_lwm2m/object_binary_app_data_container.c.o
      0	      0	      0	      0	      0	E:/workCODE/SLM130NA-M018-C0005/1200_SDK/xinyiNBIot_CP/.build/CMakeFiles/xinyiNBSoC.dir/./APPLIB/cloud/cdp/AgentTiny/atiny_lwm2m/object_connectivity_moni.c.o
      0	      0	      0	      0	      0	E:/workCODE/SLM130NA-M018-C0005/1200_SDK/xinyiNBIot_CP/.build/CMakeFiles/xinyiNBSoC.dir/./APPLIB/cloud/cdp/AgentTiny/atiny_lwm2m/object_connectivity_stat.c.o
      0	      0	      0	      0	      0	E:/workCODE/SLM130NA-M018-C0005/1200_SDK/xinyiNBIot_CP/.build/CMakeFiles/xinyiNBSoC.dir/./APPLIB/cloud/cdp/AgentTiny/atiny_lwm2m/object_device.c.o
      0	      0	      0	      0	      0	E:/workCODE/SLM130NA-M018-C0005/1200_SDK/xinyiNBIot_CP/.build/CMakeFiles/xinyiNBSoC.dir/./APPLIB/cloud/cdp/AgentTiny/atiny_lwm2m/object_firmware.c.o
      0	      0	      0	      0	      0	E:/workCODE/SLM130NA-M018-C0005/1200_SDK/xinyiNBIot_CP/.build/CMakeFiles/xinyiNBSoC.dir/./APPLIB/cloud/cdp/AgentTiny/atiny_lwm2m/object_location.c.o
      0	      0	      0	      0	      0	E:/workCODE/SLM130NA-M018-C0005/1200_SDK/xinyiNBIot_CP/.build/CMakeFiles/xinyiNBSoC.dir/./APPLIB/cloud/cdp/AgentTiny/atiny_lwm2m/object_security.c.o
      0	      0	      0	      0	      0	E:/workCODE/SLM130NA-M018-C0005/1200_SDK/xinyiNBIot_CP/.build/CMakeFiles/xinyiNBSoC.dir/./APPLIB/cloud/cdp/AgentTiny/atiny_lwm2m/object_server.c.o
      0	      0	      0	      0	      0	E:/workCODE/SLM130NA-M018-C0005/1200_SDK/xinyiNBIot_CP/.build/CMakeFiles/xinyiNBSoC.dir/./APPLIB/cloud/cdp/AgentTiny/log/atiny_log.c.o
      0	      0	      0	      0	      0	E:/workCODE/SLM130NA-M018-C0005/1200_SDK/xinyiNBIot_CP/.build/CMakeFiles/xinyiNBSoC.dir/./APPLIB/cloud/cdp/AgentTiny/lwm2m_core/block1.c.o
      0	      0	      0	      0	      0	E:/workCODE/SLM130NA-M018-C0005/1200_SDK/xinyiNBIot_CP/.build/CMakeFiles/xinyiNBSoC.dir/./APPLIB/cloud/cdp/AgentTiny/lwm2m_core/bootstrap.c.o
      0	      0	      0	      0	      0	E:/workCODE/SLM130NA-M018-C0005/1200_SDK/xinyiNBIot_CP/.build/CMakeFiles/xinyiNBSoC.dir/./APPLIB/cloud/cdp/AgentTiny/lwm2m_core/data.c.o
      0	      0	      0	      0	      0	E:/workCODE/SLM130NA-M018-C0005/1200_SDK/xinyiNBIot_CP/.build/CMakeFiles/xinyiNBSoC.dir/./APPLIB/cloud/cdp/AgentTiny/lwm2m_core/discover.c.o
      0	      0	      0	      0	      0	E:/workCODE/SLM130NA-M018-C0005/1200_SDK/xinyiNBIot_CP/.build/CMakeFiles/xinyiNBSoC.dir/./APPLIB/cloud/cdp/AgentTiny/lwm2m_core/er-coap-13/er-coap-13.c.o
      0	      0	      0	      0	      0	E:/workCODE/SLM130NA-M018-C0005/1200_SDK/xinyiNBIot_CP/.build/CMakeFiles/xinyiNBSoC.dir/./APPLIB/cloud/cdp/AgentTiny/lwm2m_core/json.c.o
      0	      0	      0	      0	      0	E:/workCODE/SLM130NA-M018-C0005/1200_SDK/xinyiNBIot_CP/.build/CMakeFiles/xinyiNBSoC.dir/./APPLIB/cloud/cdp/AgentTiny/lwm2m_core/liblwm2m.c.o
      0	      0	      0	      0	      0	E:/workCODE/SLM130NA-M018-C0005/1200_SDK/xinyiNBIot_CP/.build/CMakeFiles/xinyiNBSoC.dir/./APPLIB/cloud/cdp/AgentTiny/lwm2m_core/list.c.o
      0	      0	      0	      0	      0	E:/workCODE/SLM130NA-M018-C0005/1200_SDK/xinyiNBIot_CP/.build/CMakeFiles/xinyiNBSoC.dir/./APPLIB/cloud/cdp/AgentTiny/lwm2m_core/lwm2m_utils.c.o
      0	      0	      0	      0	      0	E:/workCODE/SLM130NA-M018-C0005/1200_SDK/xinyiNBIot_CP/.build/CMakeFiles/xinyiNBSoC.dir/./APPLIB/cloud/cdp/AgentTiny/lwm2m_core/management.c.o
      0	      0	      0	      0	      0	E:/workCODE/SLM130NA-M018-C0005/1200_SDK/xinyiNBIot_CP/.build/CMakeFiles/xinyiNBSoC.dir/./APPLIB/cloud/cdp/AgentTiny/lwm2m_core/objects.c.o
      0	      0	      0	      0	      0	E:/workCODE/SLM130NA-M018-C0005/1200_SDK/xinyiNBIot_CP/.build/CMakeFiles/xinyiNBSoC.dir/./APPLIB/cloud/cdp/AgentTiny/lwm2m_core/observe.c.o
      0	      0	      0	      0	      0	E:/workCODE/SLM130NA-M018-C0005/1200_SDK/xinyiNBIot_CP/.build/CMakeFiles/xinyiNBSoC.dir/./APPLIB/cloud/cdp/AgentTiny/lwm2m_core/packet.c.o
      0	      0	      0	      0	      0	E:/workCODE/SLM130NA-M018-C0005/1200_SDK/xinyiNBIot_CP/.build/CMakeFiles/xinyiNBSoC.dir/./APPLIB/cloud/cdp/AgentTiny/lwm2m_core/registration.c.o
      0	      0	      0	      0	      0	E:/workCODE/SLM130NA-M018-C0005/1200_SDK/xinyiNBIot_CP/.build/CMakeFiles/xinyiNBSoC.dir/./APPLIB/cloud/cdp/AgentTiny/lwm2m_core/tlv.c.o
      0	      0	      0	      0	      0	E:/workCODE/SLM130NA-M018-C0005/1200_SDK/xinyiNBIot_CP/.build/CMakeFiles/xinyiNBSoC.dir/./APPLIB/cloud/cdp/AgentTiny/lwm2m_core/transaction.c.o
      0	      0	      0	      0	      0	E:/workCODE/SLM130NA-M018-C0005/1200_SDK/xinyiNBIot_CP/.build/CMakeFiles/xinyiNBSoC.dir/./APPLIB/cloud/cdp/AgentTiny/lwm2m_core/uri.c.o
      0	      0	      0	      0	      0	E:/workCODE/SLM130NA-M018-C0005/1200_SDK/xinyiNBIot_CP/.build/CMakeFiles/xinyiNBSoC.dir/./APPLIB/cloud/cdp/AgentTiny/net/atiny_socket.c.o
      0	      0	      0	      0	      0	E:/workCODE/SLM130NA-M018-C0005/1200_SDK/xinyiNBIot_CP/.build/CMakeFiles/xinyiNBSoC.dir/./APPLIB/cloud/cdp/AgentTiny/net/connection.c.o
      0	      0	      0	      0	      0	E:/workCODE/SLM130NA-M018-C0005/1200_SDK/xinyiNBIot_CP/.build/CMakeFiles/xinyiNBSoC.dir/./APPLIB/cloud/cdp/AgentTiny/osdepends/atiny_osdep.c.o
      0	      0	      0	      0	      0	E:/workCODE/SLM130NA-M018-C0005/1200_SDK/xinyiNBIot_CP/.build/CMakeFiles/xinyiNBSoC.dir/./APPLIB/cloud/cdp/AgentTiny/osdepends/util_timer.c.o
      0	      0	      0	      0	      0	E:/workCODE/SLM130NA-M018-C0005/1200_SDK/xinyiNBIot_CP/.build/CMakeFiles/xinyiNBSoC.dir/./APPLIB/cloud/cdp/AgentTiny/ota/fota/atiny_fota_manager.c.o
      0	      0	      0	      0	      0	E:/workCODE/SLM130NA-M018-C0005/1200_SDK/xinyiNBIot_CP/.build/CMakeFiles/xinyiNBSoC.dir/./APPLIB/cloud/cdp/AgentTiny/ota/fota/atiny_fota_state.c.o
      0	      0	      0	      0	      0	E:/workCODE/SLM130NA-M018-C0005/1200_SDK/xinyiNBIot_CP/.build/CMakeFiles/xinyiNBSoC.dir/./APPLIB/cloud/cdp/AgentTiny/ota/fota/firmware_update.c.o
      0	      0	      0	      0	      0	E:/workCODE/SLM130NA-M018-C0005/1200_SDK/xinyiNBIot_CP/.build/CMakeFiles/xinyiNBSoC.dir/./APPLIB/cloud/cdp/AgentTiny/ota/fota/ota_flag.c.o
      0	      0	      0	      0	      0	E:/workCODE/SLM130NA-M018-C0005/1200_SDK/xinyiNBIot_CP/.build/CMakeFiles/xinyiNBSoC.dir/./APPLIB/cloud/cdp/xy_cdp/src/at_cdp.c.o
      0	      0	      0	      0	      0	E:/workCODE/SLM130NA-M018-C0005/1200_SDK/xinyiNBIot_CP/.build/CMakeFiles/xinyiNBSoC.dir/./APPLIB/cloud/cdp/xy_cdp/src/cdp_backup_proc.c.o
      0	      0	      0	      0	      0	E:/workCODE/SLM130NA-M018-C0005/1200_SDK/xinyiNBIot_CP/.build/CMakeFiles/xinyiNBSoC.dir/./APPLIB/cloud/cdp/xy_cdp/src/cdp_init.c.o
      0	      0	      0	      0	      0	E:/workCODE/SLM130NA-M018-C0005/1200_SDK/xinyiNBIot_CP/.build/CMakeFiles/xinyiNBSoC.dir/./APPLIB/cloud/cdp/xy_cdp/src/cdp_proxy.c.o
      0	      0	      0	      0	      0	E:/workCODE/SLM130NA-M018-C0005/1200_SDK/xinyiNBIot_CP/.build/CMakeFiles/xinyiNBSoC.dir/./APPLIB/cloud/cdp/xy_cdp/src/xy_cdp_api.c.o
   1463	      0	      0	   1463	    5b7	E:/workCODE/SLM130NA-M018-C0005/1200_SDK/xinyiNBIot_CP/.build/CMakeFiles/xinyiNBSoC.dir/./APPLIB/cloud/ctwing/ctiot_aep_coap/src/apps/ctlw_app_notify_demo.c.o
      0	      0	      0	      0	      0	E:/workCODE/SLM130NA-M018-C0005/1200_SDK/xinyiNBIot_CP/.build/CMakeFiles/xinyiNBSoC.dir/./APPLIB/cloud/ctwing/ctiot_aep_coap/src/apps/ctlw_user_fota.c.o
   1336	      0	      0	   1336	    538	E:/workCODE/SLM130NA-M018-C0005/1200_SDK/xinyiNBIot_CP/.build/CMakeFiles/xinyiNBSoC.dir/./APPLIB/cloud/ctwing/ctiot_aep_coap/src/apps/ctlw_user_objects/ctlw_test_object.c.o
   1177	    148	      8	   1333	    535	E:/workCODE/SLM130NA-M018-C0005/1200_SDK/xinyiNBIot_CP/.build/CMakeFiles/xinyiNBSoC.dir/./APPLIB/cloud/ctwing/ctiot_aep_coap/src/apps/ctlw_user_objects/ctlw_user_object_device.c.o
      0	      0	      0	      0	      0	E:/workCODE/SLM130NA-M018-C0005/1200_SDK/xinyiNBIot_CP/.build/CMakeFiles/xinyiNBSoC.dir/./APPLIB/cloud/ctwing/ctiot_aep_coap/src/apps/ctlw_user_objects/ctlw_user_object_firmware.c.o
    258	      0	      0	    258	    102	E:/workCODE/SLM130NA-M018-C0005/1200_SDK/xinyiNBIot_CP/.build/CMakeFiles/xinyiNBSoC.dir/./APPLIB/cloud/ctwing/ctiot_aep_coap/src/core/ctlw_block1.c.o
      0	      0	      0	      0	      0	E:/workCODE/SLM130NA-M018-C0005/1200_SDK/xinyiNBIot_CP/.build/CMakeFiles/xinyiNBSoC.dir/./APPLIB/cloud/ctwing/ctiot_aep_coap/src/core/ctlw_bootstrap.c.o
   1362	      0	      0	   1362	    552	E:/workCODE/SLM130NA-M018-C0005/1200_SDK/xinyiNBIot_CP/.build/CMakeFiles/xinyiNBSoC.dir/./APPLIB/cloud/ctwing/ctiot_aep_coap/src/core/ctlw_data.c.o
   1802	      0	      0	   1802	    70a	E:/workCODE/SLM130NA-M018-C0005/1200_SDK/xinyiNBIot_CP/.build/CMakeFiles/xinyiNBSoC.dir/./APPLIB/cloud/ctwing/ctiot_aep_coap/src/core/ctlw_discover.c.o
      0	      0	      0	      0	      0	E:/workCODE/SLM130NA-M018-C0005/1200_SDK/xinyiNBIot_CP/.build/CMakeFiles/xinyiNBSoC.dir/./APPLIB/cloud/ctwing/ctiot_aep_coap/src/core/ctlw_json.c.o
   1168	      0	      0	   1168	    490	E:/workCODE/SLM130NA-M018-C0005/1200_SDK/xinyiNBIot_CP/.build/CMakeFiles/xinyiNBSoC.dir/./APPLIB/cloud/ctwing/ctiot_aep_coap/src/core/ctlw_liblwm2m.c.o
    164	      0	      0	    164	     a4	E:/workCODE/SLM130NA-M018-C0005/1200_SDK/xinyiNBIot_CP/.build/CMakeFiles/xinyiNBSoC.dir/./APPLIB/cloud/ctwing/ctiot_aep_coap/src/core/ctlw_list.c.o
   1635	      0	      0	   1635	    663	E:/workCODE/SLM130NA-M018-C0005/1200_SDK/xinyiNBIot_CP/.build/CMakeFiles/xinyiNBSoC.dir/./APPLIB/cloud/ctwing/ctiot_aep_coap/src/core/ctlw_management.c.o
   2350	      0	      0	   2350	    92e	E:/workCODE/SLM130NA-M018-C0005/1200_SDK/xinyiNBIot_CP/.build/CMakeFiles/xinyiNBSoC.dir/./APPLIB/cloud/ctwing/ctiot_aep_coap/src/core/ctlw_objects.c.o
   3053	      0	      0	   3053	    bed	E:/workCODE/SLM130NA-M018-C0005/1200_SDK/xinyiNBIot_CP/.build/CMakeFiles/xinyiNBSoC.dir/./APPLIB/cloud/ctwing/ctiot_aep_coap/src/core/ctlw_observe.c.o
   1406	      0	    280	   1686	    696	E:/workCODE/SLM130NA-M018-C0005/1200_SDK/xinyiNBIot_CP/.build/CMakeFiles/xinyiNBSoC.dir/./APPLIB/cloud/ctwing/ctiot_aep_coap/src/core/ctlw_packet.c.o
   2845	      0	      0	   2845	    b1d	E:/workCODE/SLM130NA-M018-C0005/1200_SDK/xinyiNBIot_CP/.build/CMakeFiles/xinyiNBSoC.dir/./APPLIB/cloud/ctwing/ctiot_aep_coap/src/core/ctlw_registration.c.o
   1362	      0	      0	   1362	    552	E:/workCODE/SLM130NA-M018-C0005/1200_SDK/xinyiNBIot_CP/.build/CMakeFiles/xinyiNBSoC.dir/./APPLIB/cloud/ctwing/ctiot_aep_coap/src/core/ctlw_tlv.c.o
   1266	      0	      0	   1266	    4f2	E:/workCODE/SLM130NA-M018-C0005/1200_SDK/xinyiNBIot_CP/.build/CMakeFiles/xinyiNBSoC.dir/./APPLIB/cloud/ctwing/ctiot_aep_coap/src/core/ctlw_transaction.c.o
    747	      0	      0	    747	    2eb	E:/workCODE/SLM130NA-M018-C0005/1200_SDK/xinyiNBIot_CP/.build/CMakeFiles/xinyiNBSoC.dir/./APPLIB/cloud/ctwing/ctiot_aep_coap/src/core/ctlw_uri.c.o
   1546	      0	      0	   1546	    60a	E:/workCODE/SLM130NA-M018-C0005/1200_SDK/xinyiNBIot_CP/.build/CMakeFiles/xinyiNBSoC.dir/./APPLIB/cloud/ctwing/ctiot_aep_coap/src/core/ctlw_utils.c.o
   3655	      4	      3	   3662	    e4e	E:/workCODE/SLM130NA-M018-C0005/1200_SDK/xinyiNBIot_CP/.build/CMakeFiles/xinyiNBSoC.dir/./APPLIB/cloud/ctwing/ctiot_aep_coap/src/core/er-coap-13/ctlw-er-coap-13.c.o
    673	      0	      2	    675	    2a3	E:/workCODE/SLM130NA-M018-C0005/1200_SDK/xinyiNBIot_CP/.build/CMakeFiles/xinyiNBSoC.dir/./APPLIB/cloud/ctwing/ctiot_aep_coap/src/ctlw_client/common/ctlw_aep_msg_queue.c.o
    277	      1	      0	    278	    116	E:/workCODE/SLM130NA-M018-C0005/1200_SDK/xinyiNBIot_CP/.build/CMakeFiles/xinyiNBSoC.dir/./APPLIB/cloud/ctwing/ctiot_aep_coap/src/ctlw_client/common/ctlw_log.c.o
    656	      0	      0	    656	    290	E:/workCODE/SLM130NA-M018-C0005/1200_SDK/xinyiNBIot_CP/.build/CMakeFiles/xinyiNBSoC.dir/./APPLIB/cloud/ctwing/ctiot_aep_coap/src/ctlw_client/common/ctlw_parseuri.c.o
   4791	     40	      4	   4835	   12e3	E:/workCODE/SLM130NA-M018-C0005/1200_SDK/xinyiNBIot_CP/.build/CMakeFiles/xinyiNBSoC.dir/./APPLIB/cloud/ctwing/ctiot_aep_coap/src/ctlw_client/ctlw_NV_data.c.o
    811	      0	  40985	  41796	   a344	E:/workCODE/SLM130NA-M018-C0005/1200_SDK/xinyiNBIot_CP/.build/CMakeFiles/xinyiNBSoC.dir/./APPLIB/cloud/ctwing/ctiot_aep_coap/src/ctlw_client/ctlw_heap.c.o
    976	      0	     33	   1009	    3f1	E:/workCODE/SLM130NA-M018-C0005/1200_SDK/xinyiNBIot_CP/.build/CMakeFiles/xinyiNBSoC.dir/./APPLIB/cloud/ctwing/ctiot_aep_coap/src/ctlw_client/ctlw_heap_trace.c.o
  32808	      0	    231	  33039	   810f	E:/workCODE/SLM130NA-M018-C0005/1200_SDK/xinyiNBIot_CP/.build/CMakeFiles/xinyiNBSoC.dir/./APPLIB/cloud/ctwing/ctiot_aep_coap/src/ctlw_client/ctlw_lwm2m_sdk.c.o
   1331	      0	      0	   1331	    533	E:/workCODE/SLM130NA-M018-C0005/1200_SDK/xinyiNBIot_CP/.build/CMakeFiles/xinyiNBSoC.dir/./APPLIB/cloud/ctwing/ctiot_aep_coap/src/ctlw_client/ctlw_mbedtls_interface/ctlw_mbedtls_interface.c.o
    441	      0	      0	    441	    1b9	E:/workCODE/SLM130NA-M018-C0005/1200_SDK/xinyiNBIot_CP/.build/CMakeFiles/xinyiNBSoC.dir/./APPLIB/cloud/ctwing/ctiot_aep_coap/src/ctlw_client/ctlw_network.c.o
    337	      0	     20	    357	    165	E:/workCODE/SLM130NA-M018-C0005/1200_SDK/xinyiNBIot_CP/.build/CMakeFiles/xinyiNBSoC.dir/./APPLIB/cloud/ctwing/ctiot_aep_coap/src/ctlw_client/ctlw_sdk_internals.c.o
   3579	     81	    145	   3805	    edd	E:/workCODE/SLM130NA-M018-C0005/1200_SDK/xinyiNBIot_CP/.build/CMakeFiles/xinyiNBSoC.dir/./APPLIB/cloud/ctwing/ctiot_aep_coap/src/ctlw_client/fota/ctlw_fota.c.o
   1094	      0	      0	   1094	    446	E:/workCODE/SLM130NA-M018-C0005/1200_SDK/xinyiNBIot_CP/.build/CMakeFiles/xinyiNBSoC.dir/./APPLIB/cloud/ctwing/ctiot_aep_coap/src/ctlw_client/object19/ctlw_object_19.c.o
   1089	      0	      0	   1089	    441	E:/workCODE/SLM130NA-M018-C0005/1200_SDK/xinyiNBIot_CP/.build/CMakeFiles/xinyiNBSoC.dir/./APPLIB/cloud/ctwing/ctiot_aep_coap/src/ctlw_client/objects/ctlw_object_access_control.c.o
    876	      0	      0	    876	    36c	E:/workCODE/SLM130NA-M018-C0005/1200_SDK/xinyiNBIot_CP/.build/CMakeFiles/xinyiNBSoC.dir/./APPLIB/cloud/ctwing/ctiot_aep_coap/src/ctlw_client/objects/ctlw_object_connectivity_moni.c.o
    846	      0	      0	    846	    34e	E:/workCODE/SLM130NA-M018-C0005/1200_SDK/xinyiNBIot_CP/.build/CMakeFiles/xinyiNBSoC.dir/./APPLIB/cloud/ctwing/ctiot_aep_coap/src/ctlw_client/objects/ctlw_object_connectivity_stat.c.o
    995	      0	      0	    995	    3e3	E:/workCODE/SLM130NA-M018-C0005/1200_SDK/xinyiNBIot_CP/.build/CMakeFiles/xinyiNBSoC.dir/./APPLIB/cloud/ctwing/ctiot_aep_coap/src/ctlw_client/objects/ctlw_object_device.c.o
   2127	      0	     16	   2143	    85f	E:/workCODE/SLM130NA-M018-C0005/1200_SDK/xinyiNBIot_CP/.build/CMakeFiles/xinyiNBSoC.dir/./APPLIB/cloud/ctwing/ctiot_aep_coap/src/ctlw_client/objects/ctlw_object_firmware.c.o
    471	      0	      0	    471	    1d7	E:/workCODE/SLM130NA-M018-C0005/1200_SDK/xinyiNBIot_CP/.build/CMakeFiles/xinyiNBSoC.dir/./APPLIB/cloud/ctwing/ctiot_aep_coap/src/ctlw_client/objects/ctlw_object_location.c.o
    801	      0	      0	    801	    321	E:/workCODE/SLM130NA-M018-C0005/1200_SDK/xinyiNBIot_CP/.build/CMakeFiles/xinyiNBSoC.dir/./APPLIB/cloud/ctwing/ctiot_aep_coap/src/ctlw_client/objects/ctlw_object_security.c.o
   1038	      0	      0	   1038	    40e	E:/workCODE/SLM130NA-M018-C0005/1200_SDK/xinyiNBIot_CP/.build/CMakeFiles/xinyiNBSoC.dir/./APPLIB/cloud/ctwing/ctiot_aep_coap/src/ctlw_client/objects/ctlw_object_server.c.o
    171	      0	      0	    171	     ab	E:/workCODE/SLM130NA-M018-C0005/1200_SDK/xinyiNBIot_CP/.build/CMakeFiles/xinyiNBSoC.dir/./APPLIB/cloud/ctwing/ctiot_aep_coap/src/port/ctlw_abstract_os.c.o
   1490	      0	     12	   1502	    5de	E:/workCODE/SLM130NA-M018-C0005/1200_SDK/xinyiNBIot_CP/.build/CMakeFiles/xinyiNBSoC.dir/./APPLIB/cloud/ctwing/ctiot_aep_coap/src/port/ctlw_abstract_signal.c.o
   1347	      0	      0	   1347	    543	E:/workCODE/SLM130NA-M018-C0005/1200_SDK/xinyiNBIot_CP/.build/CMakeFiles/xinyiNBSoC.dir/./APPLIB/cloud/ctwing/ctiot_aep_coap/src/port/ctlw_connection.c.o
      0	      0	      0	      0	      0	E:/workCODE/SLM130NA-M018-C0005/1200_SDK/xinyiNBIot_CP/.build/CMakeFiles/xinyiNBSoC.dir/./APPLIB/cloud/ctwing/ctiot_aep_coap/src/port/ctlw_internals.c.o
   1003	      2	      1	   1006	    3ee	E:/workCODE/SLM130NA-M018-C0005/1200_SDK/xinyiNBIot_CP/.build/CMakeFiles/xinyiNBSoC.dir/./APPLIB/cloud/ctwing/ctiot_aep_coap/src/port/ctlw_platform.c.o
   4757	      0	      0	   4757	   1295	E:/workCODE/SLM130NA-M018-C0005/1200_SDK/xinyiNBIot_CP/.build/CMakeFiles/xinyiNBSoC.dir/./APPLIB/cloud/ctwing/xy_ctwing/src/at_ctwing.c.o
   5336	     32	     24	   5392	   1510	E:/workCODE/SLM130NA-M018-C0005/1200_SDK/xinyiNBIot_CP/.build/CMakeFiles/xinyiNBSoC.dir/./APPLIB/cloud/ctwing/xy_ctwing/src/ctwing_adapt.c.o
   1153	      0	      8	   1161	    489	E:/workCODE/SLM130NA-M018-C0005/1200_SDK/xinyiNBIot_CP/.build/CMakeFiles/xinyiNBSoC.dir/./APPLIB/cloud/ctwing/xy_ctwing/src/ctwing_proxy.c.o
    543	      0	      4	    547	    223	E:/workCODE/SLM130NA-M018-C0005/1200_SDK/xinyiNBIot_CP/.build/CMakeFiles/xinyiNBSoC.dir/./APPLIB/cloud/ctwing/xy_ctwing/src/ctwing_resume.c.o
   3413	      1	     98	   3512	    db8	E:/workCODE/SLM130NA-M018-C0005/1200_SDK/xinyiNBIot_CP/.build/CMakeFiles/xinyiNBSoC.dir/./APPLIB/cloud/ctwing/xy_ctwing/src/ctwing_util.c.o
   1184	      0	     16	   1200	    4b0	E:/workCODE/SLM130NA-M018-C0005/1200_SDK/xinyiNBIot_CP/.build/CMakeFiles/xinyiNBSoC.dir/./APPLIB/cloud/ctwing/xy_ctwing/src/xy_ctwing_api.c.o
   4027	      0	     14	   4041	    fc9	E:/workCODE/SLM130NA-M018-C0005/1200_SDK/xinyiNBIot_CP/.build/CMakeFiles/xinyiNBSoC.dir/./APPLIB/cloud/onenet/DM/src/cmcc_dm.c.o
    825	      0	      0	    825	    339	E:/workCODE/SLM130NA-M018-C0005/1200_SDK/xinyiNBIot_CP/.build/CMakeFiles/xinyiNBSoC.dir/./APPLIB/cloud/onenet/DM/src/cmccdm_hook_func.c.o
    253	      0	      0	    253	     fd	E:/workCODE/SLM130NA-M018-C0005/1200_SDK/xinyiNBIot_CP/.build/CMakeFiles/xinyiNBSoC.dir/./APPLIB/cloud/onenet/ciscore/cis_block1.c.o
    641	      0	      0	    641	    281	E:/workCODE/SLM130NA-M018-C0005/1200_SDK/xinyiNBIot_CP/.build/CMakeFiles/xinyiNBSoC.dir/./APPLIB/cloud/onenet/ciscore/cis_bootstrap.c.o
    531	      0	      0	    531	    213	E:/workCODE/SLM130NA-M018-C0005/1200_SDK/xinyiNBIot_CP/.build/CMakeFiles/xinyiNBSoC.dir/./APPLIB/cloud/onenet/ciscore/cis_config.c.o
   5282	     16	      8	   5306	   14ba	E:/workCODE/SLM130NA-M018-C0005/1200_SDK/xinyiNBIot_CP/.build/CMakeFiles/xinyiNBSoC.dir/./APPLIB/cloud/onenet/ciscore/cis_core.c.o
   1167	      0	      0	   1167	    48f	E:/workCODE/SLM130NA-M018-C0005/1200_SDK/xinyiNBIot_CP/.build/CMakeFiles/xinyiNBSoC.dir/./APPLIB/cloud/onenet/ciscore/cis_data.c.o
    899	      0	      0	    899	    383	E:/workCODE/SLM130NA-M018-C0005/1200_SDK/xinyiNBIot_CP/.build/CMakeFiles/xinyiNBSoC.dir/./APPLIB/cloud/onenet/ciscore/cis_discover.c.o
   3666	      4	      3	   3673	    e59	E:/workCODE/SLM130NA-M018-C0005/1200_SDK/xinyiNBIot_CP/.build/CMakeFiles/xinyiNBSoC.dir/./APPLIB/cloud/onenet/ciscore/cis_er-coap-13/cis_er-coap-13.c.o
      0	      0	      0	      0	      0	E:/workCODE/SLM130NA-M018-C0005/1200_SDK/xinyiNBIot_CP/.build/CMakeFiles/xinyiNBSoC.dir/./APPLIB/cloud/onenet/ciscore/cis_json.c.o
    232	      0	      0	    232	     e8	E:/workCODE/SLM130NA-M018-C0005/1200_SDK/xinyiNBIot_CP/.build/CMakeFiles/xinyiNBSoC.dir/./APPLIB/cloud/onenet/ciscore/cis_list.c.o
     52	      4	      1	     57	     39	E:/workCODE/SLM130NA-M018-C0005/1200_SDK/xinyiNBIot_CP/.build/CMakeFiles/xinyiNBSoC.dir/./APPLIB/cloud/onenet/ciscore/cis_log.c.o
   1581	      0	      0	   1581	    62d	E:/workCODE/SLM130NA-M018-C0005/1200_SDK/xinyiNBIot_CP/.build/CMakeFiles/xinyiNBSoC.dir/./APPLIB/cloud/onenet/ciscore/cis_management.c.o
      0	      0	      0	      0	      0	E:/workCODE/SLM130NA-M018-C0005/1200_SDK/xinyiNBIot_CP/.build/CMakeFiles/xinyiNBSoC.dir/./APPLIB/cloud/onenet/ciscore/cis_memtrace.c.o
   2847	      0	      0	   2847	    b1f	E:/workCODE/SLM130NA-M018-C0005/1200_SDK/xinyiNBIot_CP/.build/CMakeFiles/xinyiNBSoC.dir/./APPLIB/cloud/onenet/ciscore/cis_objects.c.o
   2042	      0	      0	   2042	    7fa	E:/workCODE/SLM130NA-M018-C0005/1200_SDK/xinyiNBIot_CP/.build/CMakeFiles/xinyiNBSoC.dir/./APPLIB/cloud/onenet/ciscore/cis_observe.c.o
   4055	      0	    296	   4351	   10ff	E:/workCODE/SLM130NA-M018-C0005/1200_SDK/xinyiNBIot_CP/.build/CMakeFiles/xinyiNBSoC.dir/./APPLIB/cloud/onenet/ciscore/cis_packet.c.o
   1646	      0	      0	   1646	    66e	E:/workCODE/SLM130NA-M018-C0005/1200_SDK/xinyiNBIot_CP/.build/CMakeFiles/xinyiNBSoC.dir/./APPLIB/cloud/onenet/ciscore/cis_registration.c.o
   1030	      0	      0	   1030	    406	E:/workCODE/SLM130NA-M018-C0005/1200_SDK/xinyiNBIot_CP/.build/CMakeFiles/xinyiNBSoC.dir/./APPLIB/cloud/onenet/ciscore/cis_tlv.c.o
   1144	      0	      0	   1144	    478	E:/workCODE/SLM130NA-M018-C0005/1200_SDK/xinyiNBIot_CP/.build/CMakeFiles/xinyiNBSoC.dir/./APPLIB/cloud/onenet/ciscore/cis_transaction.c.o
    896	      0	      0	    896	    380	E:/workCODE/SLM130NA-M018-C0005/1200_SDK/xinyiNBIot_CP/.build/CMakeFiles/xinyiNBSoC.dir/./APPLIB/cloud/onenet/ciscore/cis_uri.c.o
   3643	      0	      0	   3643	    e3b	E:/workCODE/SLM130NA-M018-C0005/1200_SDK/xinyiNBIot_CP/.build/CMakeFiles/xinyiNBSoC.dir/./APPLIB/cloud/onenet/ciscore/cis_utils.c.o
      0	      0	      0	      0	      0	E:/workCODE/SLM130NA-M018-C0005/1200_SDK/xinyiNBIot_CP/.build/CMakeFiles/xinyiNBSoC.dir/./APPLIB/cloud/onenet/ciscore/dm_utils/dm_endpoint.c.o
      0	      0	      0	      0	      0	E:/workCODE/SLM130NA-M018-C0005/1200_SDK/xinyiNBIot_CP/.build/CMakeFiles/xinyiNBSoC.dir/./APPLIB/cloud/onenet/ciscore/dm_utils/j_aes.c.o
      0	      0	      0	      0	      0	E:/workCODE/SLM130NA-M018-C0005/1200_SDK/xinyiNBIot_CP/.build/CMakeFiles/xinyiNBSoC.dir/./APPLIB/cloud/onenet/ciscore/dm_utils/j_base64.c.o
   1056	      0	      4	   1060	    424	E:/workCODE/SLM130NA-M018-C0005/1200_SDK/xinyiNBIot_CP/.build/CMakeFiles/xinyiNBSoC.dir/./APPLIB/cloud/onenet/ciscore/dtls/ccm.c.o
   6640	      0	      0	   6640	   19f0	E:/workCODE/SLM130NA-M018-C0005/1200_SDK/xinyiNBIot_CP/.build/CMakeFiles/xinyiNBSoC.dir/./APPLIB/cloud/onenet/ciscore/dtls/cis_aes.c.o
   1003	      0	      4	   1007	    3ef	E:/workCODE/SLM130NA-M018-C0005/1200_SDK/xinyiNBIot_CP/.build/CMakeFiles/xinyiNBSoC.dir/./APPLIB/cloud/onenet/ciscore/dtls/crypto.c.o
      0	      0	      0	      0	      0	E:/workCODE/SLM130NA-M018-C0005/1200_SDK/xinyiNBIot_CP/.build/CMakeFiles/xinyiNBSoC.dir/./APPLIB/cloud/onenet/ciscore/dtls/debug.c.o
   4884	      0	      0	   4884	   1314	E:/workCODE/SLM130NA-M018-C0005/1200_SDK/xinyiNBIot_CP/.build/CMakeFiles/xinyiNBSoC.dir/./APPLIB/cloud/onenet/ciscore/dtls/dtls.c.o
   2848	      0	      0	   2848	    b20	E:/workCODE/SLM130NA-M018-C0005/1200_SDK/xinyiNBIot_CP/.build/CMakeFiles/xinyiNBSoC.dir/./APPLIB/cloud/onenet/ciscore/dtls/ecc.c.o
    259	      0	      0	    259	    103	E:/workCODE/SLM130NA-M018-C0005/1200_SDK/xinyiNBIot_CP/.build/CMakeFiles/xinyiNBSoC.dir/./APPLIB/cloud/onenet/ciscore/dtls/hmac.c.o
    209	      0	      0	    209	     d1	E:/workCODE/SLM130NA-M018-C0005/1200_SDK/xinyiNBIot_CP/.build/CMakeFiles/xinyiNBSoC.dir/./APPLIB/cloud/onenet/ciscore/dtls/netq.c.o
    139	      0	      0	    139	     8b	E:/workCODE/SLM130NA-M018-C0005/1200_SDK/xinyiNBIot_CP/.build/CMakeFiles/xinyiNBSoC.dir/./APPLIB/cloud/onenet/ciscore/dtls/peer.c.o
   1104	      0	      0	   1104	    450	E:/workCODE/SLM130NA-M018-C0005/1200_SDK/xinyiNBIot_CP/.build/CMakeFiles/xinyiNBSoC.dir/./APPLIB/cloud/onenet/ciscore/dtls/sha2.c.o
      0	      0	      0	      0	      0	E:/workCODE/SLM130NA-M018-C0005/1200_SDK/xinyiNBIot_CP/.build/CMakeFiles/xinyiNBSoC.dir/./APPLIB/cloud/onenet/ciscore/std_object/cis_object_cmdhdefecvalues.c.o
    598	      0	      0	    598	    256	E:/workCODE/SLM130NA-M018-C0005/1200_SDK/xinyiNBIot_CP/.build/CMakeFiles/xinyiNBSoC.dir/./APPLIB/cloud/onenet/ciscore/std_object/cis_object_conn_moniter.c.o
    756	      0	      0	    756	    2f4	E:/workCODE/SLM130NA-M018-C0005/1200_SDK/xinyiNBIot_CP/.build/CMakeFiles/xinyiNBSoC.dir/./APPLIB/cloud/onenet/ciscore/std_object/cis_object_device.c.o
      0	      0	      0	      0	      0	E:/workCODE/SLM130NA-M018-C0005/1200_SDK/xinyiNBIot_CP/.build/CMakeFiles/xinyiNBSoC.dir/./APPLIB/cloud/onenet/ciscore/std_object/cis_object_dm.c.o
      0	      0	      0	      0	      0	E:/workCODE/SLM130NA-M018-C0005/1200_SDK/xinyiNBIot_CP/.build/CMakeFiles/xinyiNBSoC.dir/./APPLIB/cloud/onenet/ciscore/std_object/cis_object_extend_moniter.c.o
   1402	      0	      0	   1402	    57a	E:/workCODE/SLM130NA-M018-C0005/1200_SDK/xinyiNBIot_CP/.build/CMakeFiles/xinyiNBSoC.dir/./APPLIB/cloud/onenet/ciscore/std_object/cis_object_firmware.c.o
      0	      0	      0	      0	      0	E:/workCODE/SLM130NA-M018-C0005/1200_SDK/xinyiNBIot_CP/.build/CMakeFiles/xinyiNBSoC.dir/./APPLIB/cloud/onenet/ciscore/std_object/cis_object_powerup_log.c.o
    600	      0	      0	    600	    258	E:/workCODE/SLM130NA-M018-C0005/1200_SDK/xinyiNBIot_CP/.build/CMakeFiles/xinyiNBSoC.dir/./APPLIB/cloud/onenet/ciscore/std_object/std_object.c.o
   1608	      0	      0	   1608	    648	E:/workCODE/SLM130NA-M018-C0005/1200_SDK/xinyiNBIot_CP/.build/CMakeFiles/xinyiNBSoC.dir/./APPLIB/cloud/onenet/ciscore/std_object/std_object_security.c.o
      0	      0	      0	      0	      0	E:/workCODE/SLM130NA-M018-C0005/1200_SDK/xinyiNBIot_CP/.build/CMakeFiles/xinyiNBSoC.dir/./APPLIB/cloud/onenet/xy_onenet/src/at_lwm2m_proc.c.o
  12510	      1	     64	  12575	   311f	E:/workCODE/SLM130NA-M018-C0005/1200_SDK/xinyiNBIot_CP/.build/CMakeFiles/xinyiNBSoC.dir/./APPLIB/cloud/onenet/xy_onenet/src/at_onenet_proc.c.o
   3225	      4	     36	   3265	    cc1	E:/workCODE/SLM130NA-M018-C0005/1200_SDK/xinyiNBIot_CP/.build/CMakeFiles/xinyiNBSoC.dir/./APPLIB/cloud/onenet/xy_onenet/src/cis_proxy.c.o
   2748	      0	     20	   2768	    ad0	E:/workCODE/SLM130NA-M018-C0005/1200_SDK/xinyiNBIot_CP/.build/CMakeFiles/xinyiNBSoC.dir/./APPLIB/cloud/onenet/xy_onenet/src/onenet_adapt.c.o
   2732	      0	     14	   2746	    aba	E:/workCODE/SLM130NA-M018-C0005/1200_SDK/xinyiNBIot_CP/.build/CMakeFiles/xinyiNBSoC.dir/./APPLIB/cloud/onenet/xy_onenet/src/onenet_utils.c.o
   6413	     16	     17	   6446	   192e	E:/workCODE/SLM130NA-M018-C0005/1200_SDK/xinyiNBIot_CP/.build/CMakeFiles/xinyiNBSoC.dir/./APPLIB/cloud/onenet/xy_onenet/src/xy_cis_api.c.o
   1788	      0	     16	   1804	    70c	E:/workCODE/SLM130NA-M018-C0005/1200_SDK/xinyiNBIot_CP/.build/CMakeFiles/xinyiNBSoC.dir/./APPLIB/cloud/onenet/xy_onenet/src/xy_cis_ext_api.c.o
   1250	     36	      0	   1286	    506	E:/workCODE/SLM130NA-M018-C0005/1200_SDK/xinyiNBIot_CP/.build/CMakeFiles/xinyiNBSoC.dir/./APPLIB/cloud/utils/src/cloud_proxy.c.o
    573	      0	      4	    577	    241	E:/workCODE/SLM130NA-M018-C0005/1200_SDK/xinyiNBIot_CP/.build/CMakeFiles/xinyiNBSoC.dir/./APPLIB/cloud/utils/src/cloud_utils.c.o
   1237	      0	      5	   1242	    4da	E:/workCODE/SLM130NA-M018-C0005/1200_SDK/xinyiNBIot_CP/.build/CMakeFiles/xinyiNBSoC.dir/./APPLIB/cloud/utils/src/net_app_mem.c.o
    467	      0	      9	    476	    1dc	E:/workCODE/SLM130NA-M018-C0005/1200_SDK/xinyiNBIot_CP/.build/CMakeFiles/xinyiNBSoC.dir/./APPLIB/cloud/utils/src/net_app_resume.c.o
    390	      0	      0	    390	    186	E:/workCODE/SLM130NA-M018-C0005/1200_SDK/xinyiNBIot_CP/.build/CMakeFiles/xinyiNBSoC.dir/./APPLIB/cloud/utils/src/rsa.c.o
    892	      0	      0	    892	    37c	E:/workCODE/SLM130NA-M018-C0005/1200_SDK/xinyiNBIot_CP/.build/CMakeFiles/xinyiNBSoC.dir/./APPLIB/cloud/utils/src/sha1.c.o
    138	      0	      0	    138	     8a	E:/workCODE/SLM130NA-M018-C0005/1200_SDK/xinyiNBIot_CP/.build/CMakeFiles/xinyiNBSoC.dir/./APPLIB/cloud/utils/src/usha.c.o
    362	      0	      0	    362	    16a	E:/workCODE/SLM130NA-M018-C0005/1200_SDK/xinyiNBIot_CP/.build/CMakeFiles/xinyiNBSoC.dir/./APPLIB/cloud/utils/src/xy_hmac.c.o
   2147	      0	      0	   2147	    863	E:/workCODE/SLM130NA-M018-C0005/1200_SDK/xinyiNBIot_CP/.build/CMakeFiles/xinyiNBSoC.dir/./APPLIB/dm/xy_dm/src/dm_ctl.c.o
      0	      0	      0	      0	      0	E:/workCODE/SLM130NA-M018-C0005/1200_SDK/xinyiNBIot_CP/.build/CMakeFiles/xinyiNBSoC.dir/./APPLIB/dm/xy_dm/src/tele_uni_dm.c.o
  11282	      0	      0	  11282	   2c12	E:/workCODE/SLM130NA-M018-C0005/1200_SDK/xinyiNBIot_CP/.build/CMakeFiles/xinyiNBSoC.dir/./APPLIB/Dtls/mbedtls-3.2.1/library/aes.c.o
      0	      0	      0	      0	      0	E:/workCODE/SLM130NA-M018-C0005/1200_SDK/xinyiNBIot_CP/.build/CMakeFiles/xinyiNBSoC.dir/./APPLIB/Dtls/mbedtls-3.2.1/library/aesni.c.o
      0	      0	      0	      0	      0	E:/workCODE/SLM130NA-M018-C0005/1200_SDK/xinyiNBIot_CP/.build/CMakeFiles/xinyiNBSoC.dir/./APPLIB/Dtls/mbedtls-3.2.1/library/aria.c.o
   1102	      0	      0	   1102	    44e	E:/workCODE/SLM130NA-M018-C0005/1200_SDK/xinyiNBIot_CP/.build/CMakeFiles/xinyiNBSoC.dir/./APPLIB/Dtls/mbedtls-3.2.1/library/asn1parse.c.o
      0	      0	      0	      0	      0	E:/workCODE/SLM130NA-M018-C0005/1200_SDK/xinyiNBIot_CP/.build/CMakeFiles/xinyiNBSoC.dir/./APPLIB/Dtls/mbedtls-3.2.1/library/asn1write.c.o
    566	      0	      0	    566	    236	E:/workCODE/SLM130NA-M018-C0005/1200_SDK/xinyiNBIot_CP/.build/CMakeFiles/xinyiNBSoC.dir/./APPLIB/Dtls/mbedtls-3.2.1/library/base64.c.o
   7246	      0	      0	   7246	   1c4e	E:/workCODE/SLM130NA-M018-C0005/1200_SDK/xinyiNBIot_CP/.build/CMakeFiles/xinyiNBSoC.dir/./APPLIB/Dtls/mbedtls-3.2.1/library/bignum.c.o
      0	      0	      0	      0	      0	E:/workCODE/SLM130NA-M018-C0005/1200_SDK/xinyiNBIot_CP/.build/CMakeFiles/xinyiNBSoC.dir/./APPLIB/Dtls/mbedtls-3.2.1/library/camellia.c.o
   1600	      0	      0	   1600	    640	E:/workCODE/SLM130NA-M018-C0005/1200_SDK/xinyiNBIot_CP/.build/CMakeFiles/xinyiNBSoC.dir/./APPLIB/Dtls/mbedtls-3.2.1/library/ccm.c.o
      0	      0	      0	      0	      0	E:/workCODE/SLM130NA-M018-C0005/1200_SDK/xinyiNBIot_CP/.build/CMakeFiles/xinyiNBSoC.dir/./APPLIB/Dtls/mbedtls-3.2.1/library/chacha20.c.o
      0	      0	      0	      0	      0	E:/workCODE/SLM130NA-M018-C0005/1200_SDK/xinyiNBIot_CP/.build/CMakeFiles/xinyiNBSoC.dir/./APPLIB/Dtls/mbedtls-3.2.1/library/chachapoly.c.o
   1522	      0	      4	   1526	    5f6	E:/workCODE/SLM130NA-M018-C0005/1200_SDK/xinyiNBIot_CP/.build/CMakeFiles/xinyiNBSoC.dir/./APPLIB/Dtls/mbedtls-3.2.1/library/cipher.c.o
    816	      0	      0	    816	    330	E:/workCODE/SLM130NA-M018-C0005/1200_SDK/xinyiNBIot_CP/.build/CMakeFiles/xinyiNBSoC.dir/./APPLIB/Dtls/mbedtls-3.2.1/library/cipher_wrap.c.o
      0	      0	      0	      0	      0	E:/workCODE/SLM130NA-M018-C0005/1200_SDK/xinyiNBIot_CP/.build/CMakeFiles/xinyiNBSoC.dir/./APPLIB/Dtls/mbedtls-3.2.1/library/cmac.c.o
   1402	      0	      0	   1402	    57a	E:/workCODE/SLM130NA-M018-C0005/1200_SDK/xinyiNBIot_CP/.build/CMakeFiles/xinyiNBSoC.dir/./APPLIB/Dtls/mbedtls-3.2.1/library/constant_time.c.o
   1158	      0	      0	   1158	    486	E:/workCODE/SLM130NA-M018-C0005/1200_SDK/xinyiNBIot_CP/.build/CMakeFiles/xinyiNBSoC.dir/./APPLIB/Dtls/mbedtls-3.2.1/library/ctr_drbg.c.o
      0	      0	      0	      0	      0	E:/workCODE/SLM130NA-M018-C0005/1200_SDK/xinyiNBIot_CP/.build/CMakeFiles/xinyiNBSoC.dir/./APPLIB/Dtls/mbedtls-3.2.1/library/debug.c.o
      0	      0	      0	      0	      0	E:/workCODE/SLM130NA-M018-C0005/1200_SDK/xinyiNBIot_CP/.build/CMakeFiles/xinyiNBSoC.dir/./APPLIB/Dtls/mbedtls-3.2.1/library/des.c.o
      0	      0	      0	      0	      0	E:/workCODE/SLM130NA-M018-C0005/1200_SDK/xinyiNBIot_CP/.build/CMakeFiles/xinyiNBSoC.dir/./APPLIB/Dtls/mbedtls-3.2.1/library/dhm.c.o
      0	      0	      0	      0	      0	E:/workCODE/SLM130NA-M018-C0005/1200_SDK/xinyiNBIot_CP/.build/CMakeFiles/xinyiNBSoC.dir/./APPLIB/Dtls/mbedtls-3.2.1/library/ecdh.c.o
      0	      0	      0	      0	      0	E:/workCODE/SLM130NA-M018-C0005/1200_SDK/xinyiNBIot_CP/.build/CMakeFiles/xinyiNBSoC.dir/./APPLIB/Dtls/mbedtls-3.2.1/library/ecdsa.c.o
      0	      0	      0	      0	      0	E:/workCODE/SLM130NA-M018-C0005/1200_SDK/xinyiNBIot_CP/.build/CMakeFiles/xinyiNBSoC.dir/./APPLIB/Dtls/mbedtls-3.2.1/library/ecjpake.c.o
      0	      0	      0	      0	      0	E:/workCODE/SLM130NA-M018-C0005/1200_SDK/xinyiNBIot_CP/.build/CMakeFiles/xinyiNBSoC.dir/./APPLIB/Dtls/mbedtls-3.2.1/library/ecp.c.o
      0	      0	      0	      0	      0	E:/workCODE/SLM130NA-M018-C0005/1200_SDK/xinyiNBIot_CP/.build/CMakeFiles/xinyiNBSoC.dir/./APPLIB/Dtls/mbedtls-3.2.1/library/ecp_curves.c.o
    648	      0	      0	    648	    288	E:/workCODE/SLM130NA-M018-C0005/1200_SDK/xinyiNBIot_CP/.build/CMakeFiles/xinyiNBSoC.dir/./APPLIB/Dtls/mbedtls-3.2.1/library/entropy.c.o
      0	      0	      0	      0	      0	E:/workCODE/SLM130NA-M018-C0005/1200_SDK/xinyiNBIot_CP/.build/CMakeFiles/xinyiNBSoC.dir/./APPLIB/Dtls/mbedtls-3.2.1/library/entropy_poll.c.o
      0	      0	      0	      0	      0	E:/workCODE/SLM130NA-M018-C0005/1200_SDK/xinyiNBIot_CP/.build/CMakeFiles/xinyiNBSoC.dir/./APPLIB/Dtls/mbedtls-3.2.1/library/error.c.o
      0	      0	      0	      0	      0	E:/workCODE/SLM130NA-M018-C0005/1200_SDK/xinyiNBIot_CP/.build/CMakeFiles/xinyiNBSoC.dir/./APPLIB/Dtls/mbedtls-3.2.1/library/gcm.c.o
      0	      0	      0	      0	      0	E:/workCODE/SLM130NA-M018-C0005/1200_SDK/xinyiNBIot_CP/.build/CMakeFiles/xinyiNBSoC.dir/./APPLIB/Dtls/mbedtls-3.2.1/library/hkdf.c.o
      0	      0	      0	      0	      0	E:/workCODE/SLM130NA-M018-C0005/1200_SDK/xinyiNBIot_CP/.build/CMakeFiles/xinyiNBSoC.dir/./APPLIB/Dtls/mbedtls-3.2.1/library/hmac_drbg.c.o
   1206	      0	      0	   1206	    4b6	E:/workCODE/SLM130NA-M018-C0005/1200_SDK/xinyiNBIot_CP/.build/CMakeFiles/xinyiNBSoC.dir/./APPLIB/Dtls/mbedtls-3.2.1/library/md.c.o
      0	      0	      0	      0	      0	E:/workCODE/SLM130NA-M018-C0005/1200_SDK/xinyiNBIot_CP/.build/CMakeFiles/xinyiNBSoC.dir/./APPLIB/Dtls/mbedtls-3.2.1/library/md5.c.o
      0	      0	      0	      0	      0	E:/workCODE/SLM130NA-M018-C0005/1200_SDK/xinyiNBIot_CP/.build/CMakeFiles/xinyiNBSoC.dir/./APPLIB/Dtls/mbedtls-3.2.1/library/memory_buffer_alloc.c.o
      0	      0	      0	      0	      0	E:/workCODE/SLM130NA-M018-C0005/1200_SDK/xinyiNBIot_CP/.build/CMakeFiles/xinyiNBSoC.dir/./APPLIB/Dtls/mbedtls-3.2.1/library/mps_reader.c.o
      0	      0	      0	      0	      0	E:/workCODE/SLM130NA-M018-C0005/1200_SDK/xinyiNBIot_CP/.build/CMakeFiles/xinyiNBSoC.dir/./APPLIB/Dtls/mbedtls-3.2.1/library/mps_trace.c.o
      0	      0	      0	      0	      0	E:/workCODE/SLM130NA-M018-C0005/1200_SDK/xinyiNBIot_CP/.build/CMakeFiles/xinyiNBSoC.dir/./APPLIB/Dtls/mbedtls-3.2.1/library/net_sockets.c.o
      0	      0	      0	      0	      0	E:/workCODE/SLM130NA-M018-C0005/1200_SDK/xinyiNBIot_CP/.build/CMakeFiles/xinyiNBSoC.dir/./APPLIB/Dtls/mbedtls-3.2.1/library/nist_kw.c.o
   3974	      0	      0	   3974	    f86	E:/workCODE/SLM130NA-M018-C0005/1200_SDK/xinyiNBIot_CP/.build/CMakeFiles/xinyiNBSoC.dir/./APPLIB/Dtls/mbedtls-3.2.1/library/oid.c.o
      0	      0	      0	      0	      0	E:/workCODE/SLM130NA-M018-C0005/1200_SDK/xinyiNBIot_CP/.build/CMakeFiles/xinyiNBSoC.dir/./APPLIB/Dtls/mbedtls-3.2.1/library/padlock.c.o
    363	      0	      0	    363	    16b	E:/workCODE/SLM130NA-M018-C0005/1200_SDK/xinyiNBIot_CP/.build/CMakeFiles/xinyiNBSoC.dir/./APPLIB/Dtls/mbedtls-3.2.1/library/pem.c.o
    785	      0	      0	    785	    311	E:/workCODE/SLM130NA-M018-C0005/1200_SDK/xinyiNBIot_CP/.build/CMakeFiles/xinyiNBSoC.dir/./APPLIB/Dtls/mbedtls-3.2.1/library/pk.c.o
    474	      0	      0	    474	    1da	E:/workCODE/SLM130NA-M018-C0005/1200_SDK/xinyiNBIot_CP/.build/CMakeFiles/xinyiNBSoC.dir/./APPLIB/Dtls/mbedtls-3.2.1/library/pk_wrap.c.o
      0	      0	      0	      0	      0	E:/workCODE/SLM130NA-M018-C0005/1200_SDK/xinyiNBIot_CP/.build/CMakeFiles/xinyiNBSoC.dir/./APPLIB/Dtls/mbedtls-3.2.1/library/pkcs12.c.o
      0	      0	      0	      0	      0	E:/workCODE/SLM130NA-M018-C0005/1200_SDK/xinyiNBIot_CP/.build/CMakeFiles/xinyiNBSoC.dir/./APPLIB/Dtls/mbedtls-3.2.1/library/pkcs5.c.o
   2012	      0	      0	   2012	    7dc	E:/workCODE/SLM130NA-M018-C0005/1200_SDK/xinyiNBIot_CP/.build/CMakeFiles/xinyiNBSoC.dir/./APPLIB/Dtls/mbedtls-3.2.1/library/pkparse.c.o
      0	      0	      0	      0	      0	E:/workCODE/SLM130NA-M018-C0005/1200_SDK/xinyiNBIot_CP/.build/CMakeFiles/xinyiNBSoC.dir/./APPLIB/Dtls/mbedtls-3.2.1/library/pkwrite.c.o
     42	     12	      0	     54	     36	E:/workCODE/SLM130NA-M018-C0005/1200_SDK/xinyiNBIot_CP/.build/CMakeFiles/xinyiNBSoC.dir/./APPLIB/Dtls/mbedtls-3.2.1/library/platform.c.o
     20	      4	      0	     24	     18	E:/workCODE/SLM130NA-M018-C0005/1200_SDK/xinyiNBIot_CP/.build/CMakeFiles/xinyiNBSoC.dir/./APPLIB/Dtls/mbedtls-3.2.1/library/platform_util.c.o
      0	      0	      0	      0	      0	E:/workCODE/SLM130NA-M018-C0005/1200_SDK/xinyiNBIot_CP/.build/CMakeFiles/xinyiNBSoC.dir/./APPLIB/Dtls/mbedtls-3.2.1/library/poly1305.c.o
      0	      0	      0	      0	      0	E:/workCODE/SLM130NA-M018-C0005/1200_SDK/xinyiNBIot_CP/.build/CMakeFiles/xinyiNBSoC.dir/./APPLIB/Dtls/mbedtls-3.2.1/library/psa_crypto.c.o
      0	      0	      0	      0	      0	E:/workCODE/SLM130NA-M018-C0005/1200_SDK/xinyiNBIot_CP/.build/CMakeFiles/xinyiNBSoC.dir/./APPLIB/Dtls/mbedtls-3.2.1/library/psa_crypto_aead.c.o
      0	      0	      0	      0	      0	E:/workCODE/SLM130NA-M018-C0005/1200_SDK/xinyiNBIot_CP/.build/CMakeFiles/xinyiNBSoC.dir/./APPLIB/Dtls/mbedtls-3.2.1/library/psa_crypto_cipher.c.o
      0	      0	      0	      0	      0	E:/workCODE/SLM130NA-M018-C0005/1200_SDK/xinyiNBIot_CP/.build/CMakeFiles/xinyiNBSoC.dir/./APPLIB/Dtls/mbedtls-3.2.1/library/psa_crypto_client.c.o
      0	      0	      0	      0	      0	E:/workCODE/SLM130NA-M018-C0005/1200_SDK/xinyiNBIot_CP/.build/CMakeFiles/xinyiNBSoC.dir/./APPLIB/Dtls/mbedtls-3.2.1/library/psa_crypto_driver_wrappers.c.o
      0	      0	      0	      0	      0	E:/workCODE/SLM130NA-M018-C0005/1200_SDK/xinyiNBIot_CP/.build/CMakeFiles/xinyiNBSoC.dir/./APPLIB/Dtls/mbedtls-3.2.1/library/psa_crypto_ecp.c.o
      0	      0	      0	      0	      0	E:/workCODE/SLM130NA-M018-C0005/1200_SDK/xinyiNBIot_CP/.build/CMakeFiles/xinyiNBSoC.dir/./APPLIB/Dtls/mbedtls-3.2.1/library/psa_crypto_hash.c.o
      0	      0	      0	      0	      0	E:/workCODE/SLM130NA-M018-C0005/1200_SDK/xinyiNBIot_CP/.build/CMakeFiles/xinyiNBSoC.dir/./APPLIB/Dtls/mbedtls-3.2.1/library/psa_crypto_mac.c.o
      0	      0	      0	      0	      0	E:/workCODE/SLM130NA-M018-C0005/1200_SDK/xinyiNBIot_CP/.build/CMakeFiles/xinyiNBSoC.dir/./APPLIB/Dtls/mbedtls-3.2.1/library/psa_crypto_rsa.c.o
      0	      0	      0	      0	      0	E:/workCODE/SLM130NA-M018-C0005/1200_SDK/xinyiNBIot_CP/.build/CMakeFiles/xinyiNBSoC.dir/./APPLIB/Dtls/mbedtls-3.2.1/library/psa_crypto_se.c.o
      0	      0	      0	      0	      0	E:/workCODE/SLM130NA-M018-C0005/1200_SDK/xinyiNBIot_CP/.build/CMakeFiles/xinyiNBSoC.dir/./APPLIB/Dtls/mbedtls-3.2.1/library/psa_crypto_slot_management.c.o
      0	      0	      0	      0	      0	E:/workCODE/SLM130NA-M018-C0005/1200_SDK/xinyiNBIot_CP/.build/CMakeFiles/xinyiNBSoC.dir/./APPLIB/Dtls/mbedtls-3.2.1/library/psa_crypto_storage.c.o
      0	      0	      0	      0	      0	E:/workCODE/SLM130NA-M018-C0005/1200_SDK/xinyiNBIot_CP/.build/CMakeFiles/xinyiNBSoC.dir/./APPLIB/Dtls/mbedtls-3.2.1/library/psa_its_file.c.o
      0	      0	      0	      0	      0	E:/workCODE/SLM130NA-M018-C0005/1200_SDK/xinyiNBIot_CP/.build/CMakeFiles/xinyiNBSoC.dir/./APPLIB/Dtls/mbedtls-3.2.1/library/ripemd160.c.o
   5888	      0	      0	   5888	   1700	E:/workCODE/SLM130NA-M018-C0005/1200_SDK/xinyiNBIot_CP/.build/CMakeFiles/xinyiNBSoC.dir/./APPLIB/Dtls/mbedtls-3.2.1/library/rsa.c.o
   1518	      0	      0	   1518	    5ee	E:/workCODE/SLM130NA-M018-C0005/1200_SDK/xinyiNBIot_CP/.build/CMakeFiles/xinyiNBSoC.dir/./APPLIB/Dtls/mbedtls-3.2.1/library/rsa_alt_helpers.c.o
   4132	      0	      0	   4132	   1024	E:/workCODE/SLM130NA-M018-C0005/1200_SDK/xinyiNBIot_CP/.build/CMakeFiles/xinyiNBSoC.dir/./APPLIB/Dtls/mbedtls-3.2.1/library/sha1.c.o
   2690	      0	      0	   2690	    a82	E:/workCODE/SLM130NA-M018-C0005/1200_SDK/xinyiNBIot_CP/.build/CMakeFiles/xinyiNBSoC.dir/./APPLIB/Dtls/mbedtls-3.2.1/library/sha256.c.o
      0	      0	      0	      0	      0	E:/workCODE/SLM130NA-M018-C0005/1200_SDK/xinyiNBIot_CP/.build/CMakeFiles/xinyiNBSoC.dir/./APPLIB/Dtls/mbedtls-3.2.1/library/sha512.c.o
    546	      0	      0	    546	    222	E:/workCODE/SLM130NA-M018-C0005/1200_SDK/xinyiNBIot_CP/.build/CMakeFiles/xinyiNBSoC.dir/./APPLIB/Dtls/mbedtls-3.2.1/library/ssl_cache.c.o
    899	      0	      0	    899	    383	E:/workCODE/SLM130NA-M018-C0005/1200_SDK/xinyiNBIot_CP/.build/CMakeFiles/xinyiNBSoC.dir/./APPLIB/Dtls/mbedtls-3.2.1/library/ssl_ciphersuites.c.o
    804	      0	      0	    804	    324	E:/workCODE/SLM130NA-M018-C0005/1200_SDK/xinyiNBIot_CP/.build/CMakeFiles/xinyiNBSoC.dir/./APPLIB/Dtls/mbedtls-3.2.1/library/ssl_client.c.o
      0	      0	      0	      0	      0	E:/workCODE/SLM130NA-M018-C0005/1200_SDK/xinyiNBIot_CP/.build/CMakeFiles/xinyiNBSoC.dir/./APPLIB/Dtls/mbedtls-3.2.1/library/ssl_cookie.c.o
      0	      0	      0	      0	      0	E:/workCODE/SLM130NA-M018-C0005/1200_SDK/xinyiNBIot_CP/.build/CMakeFiles/xinyiNBSoC.dir/./APPLIB/Dtls/mbedtls-3.2.1/library/ssl_debug_helpers_generated.c.o
   7532	      0	      0	   7532	   1d6c	E:/workCODE/SLM130NA-M018-C0005/1200_SDK/xinyiNBIot_CP/.build/CMakeFiles/xinyiNBSoC.dir/./APPLIB/Dtls/mbedtls-3.2.1/library/ssl_msg.c.o
      0	      0	      0	      0	      0	E:/workCODE/SLM130NA-M018-C0005/1200_SDK/xinyiNBIot_CP/.build/CMakeFiles/xinyiNBSoC.dir/./APPLIB/Dtls/mbedtls-3.2.1/library/ssl_ticket.c.o
   7934	     33	      4	   7971	   1f23	E:/workCODE/SLM130NA-M018-C0005/1200_SDK/xinyiNBIot_CP/.build/CMakeFiles/xinyiNBSoC.dir/./APPLIB/Dtls/mbedtls-3.2.1/library/ssl_tls.c.o
   2219	      0	      0	   2219	    8ab	E:/workCODE/SLM130NA-M018-C0005/1200_SDK/xinyiNBIot_CP/.build/CMakeFiles/xinyiNBSoC.dir/./APPLIB/Dtls/mbedtls-3.2.1/library/ssl_tls12_client.c.o
      0	      0	      0	      0	      0	E:/workCODE/SLM130NA-M018-C0005/1200_SDK/xinyiNBIot_CP/.build/CMakeFiles/xinyiNBSoC.dir/./APPLIB/Dtls/mbedtls-3.2.1/library/ssl_tls12_server.c.o
      0	      0	      0	      0	      0	E:/workCODE/SLM130NA-M018-C0005/1200_SDK/xinyiNBIot_CP/.build/CMakeFiles/xinyiNBSoC.dir/./APPLIB/Dtls/mbedtls-3.2.1/library/ssl_tls13_client.c.o
      0	      0	      0	      0	      0	E:/workCODE/SLM130NA-M018-C0005/1200_SDK/xinyiNBIot_CP/.build/CMakeFiles/xinyiNBSoC.dir/./APPLIB/Dtls/mbedtls-3.2.1/library/ssl_tls13_generic.c.o
      0	      0	      0	      0	      0	E:/workCODE/SLM130NA-M018-C0005/1200_SDK/xinyiNBIot_CP/.build/CMakeFiles/xinyiNBSoC.dir/./APPLIB/Dtls/mbedtls-3.2.1/library/ssl_tls13_keys.c.o
      0	      0	      0	      0	      0	E:/workCODE/SLM130NA-M018-C0005/1200_SDK/xinyiNBIot_CP/.build/CMakeFiles/xinyiNBSoC.dir/./APPLIB/Dtls/mbedtls-3.2.1/library/ssl_tls13_server.c.o
      0	      0	      0	      0	      0	E:/workCODE/SLM130NA-M018-C0005/1200_SDK/xinyiNBIot_CP/.build/CMakeFiles/xinyiNBSoC.dir/./APPLIB/Dtls/mbedtls-3.2.1/library/threading.c.o
      0	      0	      0	      0	      0	E:/workCODE/SLM130NA-M018-C0005/1200_SDK/xinyiNBIot_CP/.build/CMakeFiles/xinyiNBSoC.dir/./APPLIB/Dtls/mbedtls-3.2.1/library/timing.c.o
      0	      0	      0	      0	      0	E:/workCODE/SLM130NA-M018-C0005/1200_SDK/xinyiNBIot_CP/.build/CMakeFiles/xinyiNBSoC.dir/./APPLIB/Dtls/mbedtls-3.2.1/library/version.c.o
      0	      0	      0	      0	      0	E:/workCODE/SLM130NA-M018-C0005/1200_SDK/xinyiNBIot_CP/.build/CMakeFiles/xinyiNBSoC.dir/./APPLIB/Dtls/mbedtls-3.2.1/library/version_features.c.o
   1674	      0	      0	   1674	    68a	E:/workCODE/SLM130NA-M018-C0005/1200_SDK/xinyiNBIot_CP/.build/CMakeFiles/xinyiNBSoC.dir/./APPLIB/Dtls/mbedtls-3.2.1/library/x509.c.o
      0	      0	      0	      0	      0	E:/workCODE/SLM130NA-M018-C0005/1200_SDK/xinyiNBIot_CP/.build/CMakeFiles/xinyiNBSoC.dir/./APPLIB/Dtls/mbedtls-3.2.1/library/x509_create.c.o
      0	      0	      0	      0	      0	E:/workCODE/SLM130NA-M018-C0005/1200_SDK/xinyiNBIot_CP/.build/CMakeFiles/xinyiNBSoC.dir/./APPLIB/Dtls/mbedtls-3.2.1/library/x509_crl.c.o
   8941	      0	      0	   8941	   22ed	E:/workCODE/SLM130NA-M018-C0005/1200_SDK/xinyiNBIot_CP/.build/CMakeFiles/xinyiNBSoC.dir/./APPLIB/Dtls/mbedtls-3.2.1/library/x509_crt.c.o
      0	      0	      0	      0	      0	E:/workCODE/SLM130NA-M018-C0005/1200_SDK/xinyiNBIot_CP/.build/CMakeFiles/xinyiNBSoC.dir/./APPLIB/Dtls/mbedtls-3.2.1/library/x509_csr.c.o
      0	      0	      0	      0	      0	E:/workCODE/SLM130NA-M018-C0005/1200_SDK/xinyiNBIot_CP/.build/CMakeFiles/xinyiNBSoC.dir/./APPLIB/Dtls/mbedtls-3.2.1/library/x509write_crt.c.o
      0	      0	      0	      0	      0	E:/workCODE/SLM130NA-M018-C0005/1200_SDK/xinyiNBIot_CP/.build/CMakeFiles/xinyiNBSoC.dir/./APPLIB/Dtls/mbedtls-3.2.1/library/x509write_csr.c.o
   2981	      0	      0	   2981	    ba5	E:/workCODE/SLM130NA-M018-C0005/1200_SDK/xinyiNBIot_CP/.build/CMakeFiles/xinyiNBSoC.dir/./APPLIB/Dtls/xy_dtls/dtls_interface.c.o
     56	      0	      0	     56	     38	E:/workCODE/SLM130NA-M018-C0005/1200_SDK/xinyiNBIot_CP/.build/CMakeFiles/xinyiNBSoC.dir/./APPLIB/Dtls/xy_dtls/port/entropy_hardware_poll.c.o
    117	      0	      0	    117	     75	E:/workCODE/SLM130NA-M018-C0005/1200_SDK/xinyiNBIot_CP/.build/CMakeFiles/xinyiNBSoC.dir/./APPLIB/Dtls/xy_dtls/port/mbedtls_init.c.o
   1332	      0	      0	   1332	    534	E:/workCODE/SLM130NA-M018-C0005/1200_SDK/xinyiNBIot_CP/.build/CMakeFiles/xinyiNBSoC.dir/./APPLIB/Dtls/xy_dtls/port/net_sockets_alt.c.o
     84	      0	      0	     84	     54	E:/workCODE/SLM130NA-M018-C0005/1200_SDK/xinyiNBIot_CP/.build/CMakeFiles/xinyiNBSoC.dir/./APPLIB/Dtls/xy_dtls/port/timing_alt.c.o
   1302	      0	     16	   1318	    526	E:/workCODE/SLM130NA-M018-C0005/1200_SDK/xinyiNBIot_CP/.build/CMakeFiles/xinyiNBSoC.dir/./APPLIB/fs/littlefs/fs_al.c.o
  15422	      0	      0	  15422	   3c3e	E:/workCODE/SLM130NA-M018-C0005/1200_SDK/xinyiNBIot_CP/.build/CMakeFiles/xinyiNBSoC.dir/./APPLIB/fs/littlefs/lfs.c.o
    120	      0	      0	    120	     78	E:/workCODE/SLM130NA-M018-C0005/1200_SDK/xinyiNBIot_CP/.build/CMakeFiles/xinyiNBSoC.dir/./APPLIB/fs/littlefs/lfs_util.c.o
    983	      0	      4	    987	    3db	E:/workCODE/SLM130NA-M018-C0005/1200_SDK/xinyiNBIot_CP/.build/CMakeFiles/xinyiNBSoC.dir/./APPLIB/fs/xy_fs/xy_fs.c.o
    267	      0	      0	    267	    10b	E:/workCODE/SLM130NA-M018-C0005/1200_SDK/xinyiNBIot_CP/.build/CMakeFiles/xinyiNBSoC.dir/./APPLIB/fs/xy_fs/xy_fs_demo.c.o
   2445	      0	      0	   2445	    98d	E:/workCODE/SLM130NA-M018-C0005/1200_SDK/xinyiNBIot_CP/.build/CMakeFiles/xinyiNBSoC.dir/./APPLIB/http/httpcore/src/http_aos_wrapper.c.o
   6441	      0	      0	   6441	   1929	E:/workCODE/SLM130NA-M018-C0005/1200_SDK/xinyiNBIot_CP/.build/CMakeFiles/xinyiNBSoC.dir/./APPLIB/http/httpcore/src/http_client.c.o
   2258	      0	     12	   2270	    8de	E:/workCODE/SLM130NA-M018-C0005/1200_SDK/xinyiNBIot_CP/.build/CMakeFiles/xinyiNBSoC.dir/./APPLIB/http/httpcore/src/http_formdata.c.o
    284	      0	      0	    284	    11c	E:/workCODE/SLM130NA-M018-C0005/1200_SDK/xinyiNBIot_CP/.build/CMakeFiles/xinyiNBSoC.dir/./APPLIB/http/httpcore/src/http_method_api.c.o
   4452	      0	      4	   4456	   1168	E:/workCODE/SLM130NA-M018-C0005/1200_SDK/xinyiNBIot_CP/.build/CMakeFiles/xinyiNBSoC.dir/./APPLIB/http/xy_http/src/at_http.c.o
   1738	      0	     16	   1754	    6da	E:/workCODE/SLM130NA-M018-C0005/1200_SDK/xinyiNBIot_CP/.build/CMakeFiles/xinyiNBSoC.dir/./APPLIB/http/xy_http/src/at_http_fota.c.o
     42	      0	      0	     42	     2a	E:/workCODE/SLM130NA-M018-C0005/1200_SDK/xinyiNBIot_CP/.build/CMakeFiles/xinyiNBSoC.dir/./APPLIB/libcoap/CoapPacket/src/address.c.o
    406	      0	      0	    406	    196	E:/workCODE/SLM130NA-M018-C0005/1200_SDK/xinyiNBIot_CP/.build/CMakeFiles/xinyiNBSoC.dir/./APPLIB/libcoap/CoapPacket/src/async.c.o
   1198	      0	      0	   1198	    4ae	E:/workCODE/SLM130NA-M018-C0005/1200_SDK/xinyiNBIot_CP/.build/CMakeFiles/xinyiNBSoC.dir/./APPLIB/libcoap/CoapPacket/src/block.c.o
   4952	      1	    100	   5053	   13bd	E:/workCODE/SLM130NA-M018-C0005/1200_SDK/xinyiNBIot_CP/.build/CMakeFiles/xinyiNBSoC.dir/./APPLIB/libcoap/CoapPacket/src/coap_debug.c.o
     14	      0	      0	     14	      e	E:/workCODE/SLM130NA-M018-C0005/1200_SDK/xinyiNBIot_CP/.build/CMakeFiles/xinyiNBSoC.dir/./APPLIB/libcoap/CoapPacket/src/coap_event.c.o
     46	      0	      0	     46	     2e	E:/workCODE/SLM130NA-M018-C0005/1200_SDK/xinyiNBIot_CP/.build/CMakeFiles/xinyiNBSoC.dir/./APPLIB/libcoap/CoapPacket/src/coap_hashkey.c.o
   1081	      0	      0	   1081	    439	E:/workCODE/SLM130NA-M018-C0005/1200_SDK/xinyiNBIot_CP/.build/CMakeFiles/xinyiNBSoC.dir/./APPLIB/libcoap/CoapPacket/src/coap_io_lwip.c.o
    144	      0	     28	    172	     ac	E:/workCODE/SLM130NA-M018-C0005/1200_SDK/xinyiNBIot_CP/.build/CMakeFiles/xinyiNBSoC.dir/./APPLIB/libcoap/CoapPacket/src/coap_notls.c.o
   8599	      0	    128	   8727	   2217	E:/workCODE/SLM130NA-M018-C0005/1200_SDK/xinyiNBIot_CP/.build/CMakeFiles/xinyiNBSoC.dir/./APPLIB/libcoap/CoapPacket/src/coap_session.c.o
      0	      0	      0	      0	      0	E:/workCODE/SLM130NA-M018-C0005/1200_SDK/xinyiNBIot_CP/.build/CMakeFiles/xinyiNBSoC.dir/./APPLIB/libcoap/CoapPacket/src/coap_time.c.o
    269	      0	      0	    269	    10d	E:/workCODE/SLM130NA-M018-C0005/1200_SDK/xinyiNBIot_CP/.build/CMakeFiles/xinyiNBSoC.dir/./APPLIB/libcoap/CoapPacket/src/encode.c.o
      0	      0	      0	      0	      0	E:/workCODE/SLM130NA-M018-C0005/1200_SDK/xinyiNBIot_CP/.build/CMakeFiles/xinyiNBSoC.dir/./APPLIB/libcoap/CoapPacket/src/mem.c.o
   7799	      0	      4	   7803	   1e7b	E:/workCODE/SLM130NA-M018-C0005/1200_SDK/xinyiNBIot_CP/.build/CMakeFiles/xinyiNBSoC.dir/./APPLIB/libcoap/CoapPacket/src/net.c.o
   2158	      0	      0	   2158	    86e	E:/workCODE/SLM130NA-M018-C0005/1200_SDK/xinyiNBIot_CP/.build/CMakeFiles/xinyiNBSoC.dir/./APPLIB/libcoap/CoapPacket/src/option.c.o
   4011	      0	      0	   4011	    fab	E:/workCODE/SLM130NA-M018-C0005/1200_SDK/xinyiNBIot_CP/.build/CMakeFiles/xinyiNBSoC.dir/./APPLIB/libcoap/CoapPacket/src/pdu.c.o
   5317	      8	      0	   5325	   14cd	E:/workCODE/SLM130NA-M018-C0005/1200_SDK/xinyiNBIot_CP/.build/CMakeFiles/xinyiNBSoC.dir/./APPLIB/libcoap/CoapPacket/src/resource.c.o
    199	      0	     20	    219	     db	E:/workCODE/SLM130NA-M018-C0005/1200_SDK/xinyiNBIot_CP/.build/CMakeFiles/xinyiNBSoC.dir/./APPLIB/libcoap/CoapPacket/src/str.c.o
     44	      0	      0	     44	     2c	E:/workCODE/SLM130NA-M018-C0005/1200_SDK/xinyiNBIot_CP/.build/CMakeFiles/xinyiNBSoC.dir/./APPLIB/libcoap/CoapPacket/src/subscribe.c.o
   1812	      0	      0	   1812	    714	E:/workCODE/SLM130NA-M018-C0005/1200_SDK/xinyiNBIot_CP/.build/CMakeFiles/xinyiNBSoC.dir/./APPLIB/libcoap/CoapPacket/src/uri.c.o
   3922	      0	     54	   3976	    f88	E:/workCODE/SLM130NA-M018-C0005/1200_SDK/xinyiNBIot_CP/.build/CMakeFiles/xinyiNBSoC.dir/./APPLIB/libcoap/xy_coap/src/at_coap.c.o
   8456	     19	     69	   8544	   2160	E:/workCODE/SLM130NA-M018-C0005/1200_SDK/xinyiNBIot_CP/.build/CMakeFiles/xinyiNBSoC.dir/./APPLIB/libcoap/xy_coap/src/xy_coap_api.c.o
    192	      0	      0	    192	     c0	E:/workCODE/SLM130NA-M018-C0005/1200_SDK/xinyiNBIot_CP/.build/CMakeFiles/xinyiNBSoC.dir/./APPLIB/lwip/xy_adapter/src/net_api_priv.c.o
   5045	     23	     57	   5125	   1405	E:/workCODE/SLM130NA-M018-C0005/1200_SDK/xinyiNBIot_CP/.build/CMakeFiles/xinyiNBSoC.dir/./APPLIB/lwip/xy_adapter/src/ps_netif_api.c.o
   2014	      0	     48	   2062	    80e	E:/workCODE/SLM130NA-M018-C0005/1200_SDK/xinyiNBIot_CP/.build/CMakeFiles/xinyiNBSoC.dir/./APPLIB/lwip/xy_adapter/src/xy_async_socket.c.o
   3947	      0	      4	   3951	    f6f	E:/workCODE/SLM130NA-M018-C0005/1200_SDK/xinyiNBIot_CP/.build/CMakeFiles/xinyiNBSoC.dir/./APPLIB/lwip/xy_adapter/src/xy_net_api.c.o
   4752	      0	      0	   4752	   1290	E:/workCODE/SLM130NA-M018-C0005/1200_SDK/xinyiNBIot_CP/.build/CMakeFiles/xinyiNBSoC.dir/./APPLIB/lwip/lwip-2.1.3/api/api_lib.c.o
   8494	      0	      0	   8494	   212e	E:/workCODE/SLM130NA-M018-C0005/1200_SDK/xinyiNBIot_CP/.build/CMakeFiles/xinyiNBSoC.dir/./APPLIB/lwip/lwip-2.1.3/api/api_msg.c.o
    104	      0	      0	    104	     68	E:/workCODE/SLM130NA-M018-C0005/1200_SDK/xinyiNBIot_CP/.build/CMakeFiles/xinyiNBSoC.dir/./APPLIB/lwip/lwip-2.1.3/api/err.c.o
     70	      0	      0	     70	     46	E:/workCODE/SLM130NA-M018-C0005/1200_SDK/xinyiNBIot_CP/.build/CMakeFiles/xinyiNBSoC.dir/./APPLIB/lwip/lwip-2.1.3/api/if_api.c.o
   1095	      0	      0	   1095	    447	E:/workCODE/SLM130NA-M018-C0005/1200_SDK/xinyiNBIot_CP/.build/CMakeFiles/xinyiNBSoC.dir/./APPLIB/lwip/lwip-2.1.3/api/netbuf.c.o
    730	      0	     56	    786	    312	E:/workCODE/SLM130NA-M018-C0005/1200_SDK/xinyiNBIot_CP/.build/CMakeFiles/xinyiNBSoC.dir/./APPLIB/lwip/lwip-2.1.3/api/netdb.c.o
    536	      0	      0	    536	    218	E:/workCODE/SLM130NA-M018-C0005/1200_SDK/xinyiNBIot_CP/.build/CMakeFiles/xinyiNBSoC.dir/./APPLIB/lwip/lwip-2.1.3/api/netifapi.c.o
  11687	      0	     44	  11731	   2dd3	E:/workCODE/SLM130NA-M018-C0005/1200_SDK/xinyiNBIot_CP/.build/CMakeFiles/xinyiNBSoC.dir/./APPLIB/lwip/lwip-2.1.3/api/sockets.c.o
   1442	      0	      4	   1446	    5a6	E:/workCODE/SLM130NA-M018-C0005/1200_SDK/xinyiNBIot_CP/.build/CMakeFiles/xinyiNBSoC.dir/./APPLIB/lwip/lwip-2.1.3/api/tcpip.c.o
   2094	      0	     85	   2179	    883	E:/workCODE/SLM130NA-M018-C0005/1200_SDK/xinyiNBIot_CP/.build/CMakeFiles/xinyiNBSoC.dir/./APPLIB/lwip/lwip-2.1.3/apps/sntp/sntp.c.o
      0	      0	      0	      0	      0	E:/workCODE/SLM130NA-M018-C0005/1200_SDK/xinyiNBIot_CP/.build/CMakeFiles/xinyiNBSoC.dir/./APPLIB/lwip/lwip-2.1.3/core/altcp.c.o
      0	      0	      0	      0	      0	E:/workCODE/SLM130NA-M018-C0005/1200_SDK/xinyiNBIot_CP/.build/CMakeFiles/xinyiNBSoC.dir/./APPLIB/lwip/lwip-2.1.3/core/altcp_alloc.c.o
      0	      0	      0	      0	      0	E:/workCODE/SLM130NA-M018-C0005/1200_SDK/xinyiNBIot_CP/.build/CMakeFiles/xinyiNBSoC.dir/./APPLIB/lwip/lwip-2.1.3/core/altcp_tcp.c.o
    292	      0	      0	    292	    124	E:/workCODE/SLM130NA-M018-C0005/1200_SDK/xinyiNBIot_CP/.build/CMakeFiles/xinyiNBSoC.dir/./APPLIB/lwip/lwip-2.1.3/core/def.c.o
   3713	      1	    338	   4052	    fd4	E:/workCODE/SLM130NA-M018-C0005/1200_SDK/xinyiNBIot_CP/.build/CMakeFiles/xinyiNBSoC.dir/./APPLIB/lwip/lwip-2.1.3/core/dns.c.o
    889	      0	      0	    889	    379	E:/workCODE/SLM130NA-M018-C0005/1200_SDK/xinyiNBIot_CP/.build/CMakeFiles/xinyiNBSoC.dir/./APPLIB/lwip/lwip-2.1.3/core/inet_chksum.c.o
     34	      0	      0	     34	     22	E:/workCODE/SLM130NA-M018-C0005/1200_SDK/xinyiNBIot_CP/.build/CMakeFiles/xinyiNBSoC.dir/./APPLIB/lwip/lwip-2.1.3/core/init.c.o
    132	      0	      0	    132	     84	E:/workCODE/SLM130NA-M018-C0005/1200_SDK/xinyiNBIot_CP/.build/CMakeFiles/xinyiNBSoC.dir/./APPLIB/lwip/lwip-2.1.3/core/ip.c.o
      0	      0	      0	      0	      0	E:/workCODE/SLM130NA-M018-C0005/1200_SDK/xinyiNBIot_CP/.build/CMakeFiles/xinyiNBSoC.dir/./APPLIB/lwip/lwip-2.1.3/core/ipv4/autoip.c.o
      0	      0	      0	      0	      0	E:/workCODE/SLM130NA-M018-C0005/1200_SDK/xinyiNBIot_CP/.build/CMakeFiles/xinyiNBSoC.dir/./APPLIB/lwip/lwip-2.1.3/core/ipv4/dhcp.c.o
      0	      0	      0	      0	      0	E:/workCODE/SLM130NA-M018-C0005/1200_SDK/xinyiNBIot_CP/.build/CMakeFiles/xinyiNBSoC.dir/./APPLIB/lwip/lwip-2.1.3/core/ipv4/etharp.c.o
    819	      0	      0	    819	    333	E:/workCODE/SLM130NA-M018-C0005/1200_SDK/xinyiNBIot_CP/.build/CMakeFiles/xinyiNBSoC.dir/./APPLIB/lwip/lwip-2.1.3/core/ipv4/icmp.c.o
      0	      0	      0	      0	      0	E:/workCODE/SLM130NA-M018-C0005/1200_SDK/xinyiNBIot_CP/.build/CMakeFiles/xinyiNBSoC.dir/./APPLIB/lwip/lwip-2.1.3/core/ipv4/igmp.c.o
   1186	      0	      2	   1188	    4a4	E:/workCODE/SLM130NA-M018-C0005/1200_SDK/xinyiNBIot_CP/.build/CMakeFiles/xinyiNBSoC.dir/./APPLIB/lwip/lwip-2.1.3/core/ipv4/ip4.c.o
    750	      0	     16	    766	    2fe	E:/workCODE/SLM130NA-M018-C0005/1200_SDK/xinyiNBIot_CP/.build/CMakeFiles/xinyiNBSoC.dir/./APPLIB/lwip/lwip-2.1.3/core/ipv4/ip4_addr.c.o
   2757	      0	      6	   2763	    acb	E:/workCODE/SLM130NA-M018-C0005/1200_SDK/xinyiNBIot_CP/.build/CMakeFiles/xinyiNBSoC.dir/./APPLIB/lwip/lwip-2.1.3/core/ipv4/ip4_frag.c.o
      0	      0	      0	      0	      0	E:/workCODE/SLM130NA-M018-C0005/1200_SDK/xinyiNBIot_CP/.build/CMakeFiles/xinyiNBSoC.dir/./APPLIB/lwip/lwip-2.1.3/core/ipv6/dhcp6.c.o
      0	      0	      0	      0	      0	E:/workCODE/SLM130NA-M018-C0005/1200_SDK/xinyiNBIot_CP/.build/CMakeFiles/xinyiNBSoC.dir/./APPLIB/lwip/lwip-2.1.3/core/ipv6/ethip6.c.o
    924	      0	      0	    924	    39c	E:/workCODE/SLM130NA-M018-C0005/1200_SDK/xinyiNBIot_CP/.build/CMakeFiles/xinyiNBSoC.dir/./APPLIB/lwip/lwip-2.1.3/core/ipv6/icmp6.c.o
     16	      0	      0	     16	     10	E:/workCODE/SLM130NA-M018-C0005/1200_SDK/xinyiNBIot_CP/.build/CMakeFiles/xinyiNBSoC.dir/./APPLIB/lwip/lwip-2.1.3/core/ipv6/inet6.c.o
   3101	      0	      0	   3101	    c1d	E:/workCODE/SLM130NA-M018-C0005/1200_SDK/xinyiNBIot_CP/.build/CMakeFiles/xinyiNBSoC.dir/./APPLIB/lwip/lwip-2.1.3/core/ipv6/ip6.c.o
    780	      0	     40	    820	    334	E:/workCODE/SLM130NA-M018-C0005/1200_SDK/xinyiNBIot_CP/.build/CMakeFiles/xinyiNBSoC.dir/./APPLIB/lwip/lwip-2.1.3/core/ipv6/ip6_addr.c.o
   2844	      0	     10	   2854	    b26	E:/workCODE/SLM130NA-M018-C0005/1200_SDK/xinyiNBIot_CP/.build/CMakeFiles/xinyiNBSoC.dir/./APPLIB/lwip/lwip-2.1.3/core/ipv6/ip6_frag.c.o
      0	      0	      0	      0	      0	E:/workCODE/SLM130NA-M018-C0005/1200_SDK/xinyiNBIot_CP/.build/CMakeFiles/xinyiNBSoC.dir/./APPLIB/lwip/lwip-2.1.3/core/ipv6/mld6.c.o
   1950	      8	     56	   2014	    7de	E:/workCODE/SLM130NA-M018-C0005/1200_SDK/xinyiNBIot_CP/.build/CMakeFiles/xinyiNBSoC.dir/./APPLIB/lwip/lwip-2.1.3/core/ipv6/nd6.c.o
    320	      0	      0	    320	    140	E:/workCODE/SLM130NA-M018-C0005/1200_SDK/xinyiNBIot_CP/.build/CMakeFiles/xinyiNBSoC.dir/./APPLIB/lwip/lwip-2.1.3/core/mem.c.o
    881	      0	      0	    881	    371	E:/workCODE/SLM130NA-M018-C0005/1200_SDK/xinyiNBIot_CP/.build/CMakeFiles/xinyiNBSoC.dir/./APPLIB/lwip/lwip-2.1.3/core/memp.c.o
   5004	      0	    205	   5209	   1459	E:/workCODE/SLM130NA-M018-C0005/1200_SDK/xinyiNBIot_CP/.build/CMakeFiles/xinyiNBSoC.dir/./APPLIB/lwip/lwip-2.1.3/core/netif.c.o
   4810	      0	      0	   4810	   12ca	E:/workCODE/SLM130NA-M018-C0005/1200_SDK/xinyiNBIot_CP/.build/CMakeFiles/xinyiNBSoC.dir/./APPLIB/lwip/lwip-2.1.3/core/pbuf.c.o
   1966	      0	      4	   1970	    7b2	E:/workCODE/SLM130NA-M018-C0005/1200_SDK/xinyiNBIot_CP/.build/CMakeFiles/xinyiNBSoC.dir/./APPLIB/lwip/lwip-2.1.3/core/raw.c.o
      0	      0	      0	      0	      0	E:/workCODE/SLM130NA-M018-C0005/1200_SDK/xinyiNBIot_CP/.build/CMakeFiles/xinyiNBSoC.dir/./APPLIB/lwip/lwip-2.1.3/core/stats.c.o
     34	      0	      0	     34	     22	E:/workCODE/SLM130NA-M018-C0005/1200_SDK/xinyiNBIot_CP/.build/CMakeFiles/xinyiNBSoC.dir/./APPLIB/lwip/lwip-2.1.3/core/sys.c.o
   9186	      2	      6	   9194	   23ea	E:/workCODE/SLM130NA-M018-C0005/1200_SDK/xinyiNBIot_CP/.build/CMakeFiles/xinyiNBSoC.dir/./APPLIB/lwip/lwip-2.1.3/core/tcp.c.o
   6898	      0	     52	   6950	   1b26	E:/workCODE/SLM130NA-M018-C0005/1200_SDK/xinyiNBIot_CP/.build/CMakeFiles/xinyiNBSoC.dir/./APPLIB/lwip/lwip-2.1.3/core/tcp_in.c.o
   8866	      0	      0	   8866	   22a2	E:/workCODE/SLM130NA-M018-C0005/1200_SDK/xinyiNBIot_CP/.build/CMakeFiles/xinyiNBSoC.dir/./APPLIB/lwip/lwip-2.1.3/core/tcp_out.c.o
   1358	      0	     16	   1374	    55e	E:/workCODE/SLM130NA-M018-C0005/1200_SDK/xinyiNBIot_CP/.build/CMakeFiles/xinyiNBSoC.dir/./APPLIB/lwip/lwip-2.1.3/core/timeouts.c.o
   4401	      2	      0	   4403	   1133	E:/workCODE/SLM130NA-M018-C0005/1200_SDK/xinyiNBIot_CP/.build/CMakeFiles/xinyiNBSoC.dir/./APPLIB/lwip/lwip-2.1.3/core/udp.c.o
      0	      0	      0	      0	      0	E:/workCODE/SLM130NA-M018-C0005/1200_SDK/xinyiNBIot_CP/.build/CMakeFiles/xinyiNBSoC.dir/./APPLIB/lwip/lwip-2.1.3/netif/ethernet.c.o
      0	      0	      0	      0	      0	E:/workCODE/SLM130NA-M018-C0005/1200_SDK/xinyiNBIot_CP/.build/CMakeFiles/xinyiNBSoC.dir/./APPLIB/lwip/lwip_port/os/ethernetif.c.o
    404	      0	      0	    404	    194	E:/workCODE/SLM130NA-M018-C0005/1200_SDK/xinyiNBIot_CP/.build/CMakeFiles/xinyiNBSoC.dir/./APPLIB/lwip/lwip_port/os/sys_arch.c.o
    538	      0	      0	    538	    21a	E:/workCODE/SLM130NA-M018-C0005/1200_SDK/xinyiNBIot_CP/.build/CMakeFiles/xinyiNBSoC.dir/./APPLIB/mqtt/MQTTPacket/src/MQTTConnectClient.c.o
    418	      0	      0	    418	    1a2	E:/workCODE/SLM130NA-M018-C0005/1200_SDK/xinyiNBIot_CP/.build/CMakeFiles/xinyiNBSoC.dir/./APPLIB/mqtt/MQTTPacket/src/MQTTConnectServer.c.o
    206	      0	      0	    206	     ce	E:/workCODE/SLM130NA-M018-C0005/1200_SDK/xinyiNBIot_CP/.build/CMakeFiles/xinyiNBSoC.dir/./APPLIB/mqtt/MQTTPacket/src/MQTTDeserializePublish.c.o
   1030	     60	      0	   1090	    442	E:/workCODE/SLM130NA-M018-C0005/1200_SDK/xinyiNBIot_CP/.build/CMakeFiles/xinyiNBSoC.dir/./APPLIB/mqtt/MQTTPacket/src/MQTTFormat.c.o
    836	      0	      4	    840	    348	E:/workCODE/SLM130NA-M018-C0005/1200_SDK/xinyiNBIot_CP/.build/CMakeFiles/xinyiNBSoC.dir/./APPLIB/mqtt/MQTTPacket/src/MQTTPacket.c.o
    308	      0	      0	    308	    134	E:/workCODE/SLM130NA-M018-C0005/1200_SDK/xinyiNBIot_CP/.build/CMakeFiles/xinyiNBSoC.dir/./APPLIB/mqtt/MQTTPacket/src/MQTTSerializePublish.c.o
    298	      0	      0	    298	    12a	E:/workCODE/SLM130NA-M018-C0005/1200_SDK/xinyiNBIot_CP/.build/CMakeFiles/xinyiNBSoC.dir/./APPLIB/mqtt/MQTTPacket/src/MQTTSubscribeClient.c.o
    246	      0	      0	    246	     f6	E:/workCODE/SLM130NA-M018-C0005/1200_SDK/xinyiNBIot_CP/.build/CMakeFiles/xinyiNBSoC.dir/./APPLIB/mqtt/MQTTPacket/src/MQTTSubscribeServer.c.o
    214	      0	      0	    214	     d6	E:/workCODE/SLM130NA-M018-C0005/1200_SDK/xinyiNBIot_CP/.build/CMakeFiles/xinyiNBSoC.dir/./APPLIB/mqtt/MQTTPacket/src/MQTTUnsubscribeClient.c.o
    188	      0	      0	    188	     bc	E:/workCODE/SLM130NA-M018-C0005/1200_SDK/xinyiNBIot_CP/.build/CMakeFiles/xinyiNBSoC.dir/./APPLIB/mqtt/MQTTPacket/src/MQTTUnsubscribeServer.c.o
   1470	      0	      0	   1470	    5be	E:/workCODE/SLM130NA-M018-C0005/1200_SDK/xinyiNBIot_CP/.build/CMakeFiles/xinyiNBSoC.dir/./APPLIB/mqtt/utils/sha256.c.o
    664	      0	      6	    670	    29e	E:/workCODE/SLM130NA-M018-C0005/1200_SDK/xinyiNBIot_CP/.build/CMakeFiles/xinyiNBSoC.dir/./APPLIB/mqtt/xy_mqtt/src/MQTTClient.c.o
    670	      0	      0	    670	    29e	E:/workCODE/SLM130NA-M018-C0005/1200_SDK/xinyiNBIot_CP/.build/CMakeFiles/xinyiNBSoC.dir/./APPLIB/mqtt/xy_mqtt/src/MQTTTimer.c.o
   6418	      0	     12	   6430	   191e	E:/workCODE/SLM130NA-M018-C0005/1200_SDK/xinyiNBIot_CP/.build/CMakeFiles/xinyiNBSoC.dir/./APPLIB/mqtt/xy_mqtt/src/at_mqtt_default.c.o
   5347	      0	      4	   5351	   14e7	E:/workCODE/SLM130NA-M018-C0005/1200_SDK/xinyiNBIot_CP/.build/CMakeFiles/xinyiNBSoC.dir/./APPLIB/mqtt/xy_mqtt/src/at_mqtt_quectel.c.o
   9551	      0	     16	   9567	   255f	E:/workCODE/SLM130NA-M018-C0005/1200_SDK/xinyiNBIot_CP/.build/CMakeFiles/xinyiNBSoC.dir/./APPLIB/mqtt/xy_mqtt/src/mqtt_backup_proc.c.o
   1654	      0	      4	   1658	    67a	E:/workCODE/SLM130NA-M018-C0005/1200_SDK/xinyiNBIot_CP/.build/CMakeFiles/xinyiNBSoC.dir/./APPLIB/mqtt/xy_mqtt/src/xy_mqtt_api.c.o
    919	      0	     19	    938	    3aa	E:/workCODE/SLM130NA-M018-C0005/1200_SDK/xinyiNBIot_CP/.build/CMakeFiles/xinyiNBSoC.dir/./APPLIB/netled/net_led_pro.c.o
    400	      0	      0	    400	    190	E:/workCODE/SLM130NA-M018-C0005/1200_SDK/xinyiNBIot_CP/.build/CMakeFiles/xinyiNBSoC.dir/./APPLIB/perf/xy_perf/src/at_perf.c.o
    817	      0	      4	    821	    335	E:/workCODE/SLM130NA-M018-C0005/1200_SDK/xinyiNBIot_CP/.build/CMakeFiles/xinyiNBSoC.dir/./APPLIB/perf/xy_perf/src/xyperf.c.o
    850	      0	      0	    850	    352	E:/workCODE/SLM130NA-M018-C0005/1200_SDK/xinyiNBIot_CP/.build/CMakeFiles/xinyiNBSoC.dir/./APPLIB/perf/xy_perf/src/xyperf6.c.o
    848	      0	      0	    848	    350	E:/workCODE/SLM130NA-M018-C0005/1200_SDK/xinyiNBIot_CP/.build/CMakeFiles/xinyiNBSoC.dir/./APPLIB/ping/xy_ping/src/at_ping.c.o
   2900	      0	      6	   2906	    b5a	E:/workCODE/SLM130NA-M018-C0005/1200_SDK/xinyiNBIot_CP/.build/CMakeFiles/xinyiNBSoC.dir/./APPLIB/ping/xy_ping/src/ping_api.c.o
      0	      0	      0	      0	      0	E:/workCODE/SLM130NA-M018-C0005/1200_SDK/xinyiNBIot_CP/.build/CMakeFiles/xinyiNBSoC.dir/./APPLIB/socket/at_socket/src/at_socket_260y.c.o
   6221	      0	     16	   6237	   185d	E:/workCODE/SLM130NA-M018-C0005/1200_SDK/xinyiNBIot_CP/.build/CMakeFiles/xinyiNBSoC.dir/./APPLIB/socket/at_socket/src/at_socket_api.c.o
      0	      0	      0	      0	      0	E:/workCODE/SLM130NA-M018-C0005/1200_SDK/xinyiNBIot_CP/.build/CMakeFiles/xinyiNBSoC.dir/./APPLIB/socket/at_socket/src/at_socket_bc25.c.o
   3856	      0	      0	   3856	    f10	E:/workCODE/SLM130NA-M018-C0005/1200_SDK/xinyiNBIot_CP/.build/CMakeFiles/xinyiNBSoC.dir/./APPLIB/socket/at_socket/src/at_socket_bc95.c.o
   3552	      6	     36	   3594	    e0a	E:/workCODE/SLM130NA-M018-C0005/1200_SDK/xinyiNBIot_CP/.build/CMakeFiles/xinyiNBSoC.dir/./APPLIB/socket/at_socket/src/at_socket_context.c.o
   4615	      0	      0	   4615	   1207	E:/workCODE/SLM130NA-M018-C0005/1200_SDK/xinyiNBIot_CP/.build/CMakeFiles/xinyiNBSoC.dir/./APPLIB/socket/at_socket/src/at_socket_default.c.o
    840	      0	      4	    844	    34c	E:/workCODE/SLM130NA-M018-C0005/1200_SDK/xinyiNBIot_CP/.build/CMakeFiles/xinyiNBSoC.dir/./APPLIB/socket/at_socket/src/at_socket_passthr.c.o
    717	      0	      0	    717	    2cd	E:/workCODE/SLM130NA-M018-C0005/1200_SDK/xinyiNBIot_CP/.build/CMakeFiles/xinyiNBSoC.dir/./APPLIB/socket/at_socket/src/at_socket_rcv.c.o
    276	      0	     24	    300	    12c	E:/workCODE/SLM130NA-M018-C0005/1200_SDK/xinyiNBIot_CP/.build/CMakeFiles/xinyiNBSoC.dir/./APPLIB/socket/at_socket/src/at_socket_urc.c.o
    212	      0	      0	    212	     d4	E:/workCODE/SLM130NA-M018-C0005/1200_SDK/xinyiNBIot_CP/.build/CMakeFiles/xinyiNBSoC.dir/./APPLIB/wakaama/core/block1.c.o
      0	      0	      0	      0	      0	E:/workCODE/SLM130NA-M018-C0005/1200_SDK/xinyiNBIot_CP/.build/CMakeFiles/xinyiNBSoC.dir/./APPLIB/wakaama/core/bootstrap.c.o
   1164	      0	      0	   1164	    48c	E:/workCODE/SLM130NA-M018-C0005/1200_SDK/xinyiNBIot_CP/.build/CMakeFiles/xinyiNBSoC.dir/./APPLIB/wakaama/core/data.c.o
   1770	      0	      0	   1770	    6ea	E:/workCODE/SLM130NA-M018-C0005/1200_SDK/xinyiNBIot_CP/.build/CMakeFiles/xinyiNBSoC.dir/./APPLIB/wakaama/core/discover.c.o
   3581	      4	      3	   3588	    e04	E:/workCODE/SLM130NA-M018-C0005/1200_SDK/xinyiNBIot_CP/.build/CMakeFiles/xinyiNBSoC.dir/./APPLIB/wakaama/core/er-coap-13/er-coap-13.c.o
      0	      0	      0	      0	      0	E:/workCODE/SLM130NA-M018-C0005/1200_SDK/xinyiNBIot_CP/.build/CMakeFiles/xinyiNBSoC.dir/./APPLIB/wakaama/core/json.c.o
    806	      0	      0	    806	    326	E:/workCODE/SLM130NA-M018-C0005/1200_SDK/xinyiNBIot_CP/.build/CMakeFiles/xinyiNBSoC.dir/./APPLIB/wakaama/core/liblwm2m.c.o
    164	      0	      0	    164	     a4	E:/workCODE/SLM130NA-M018-C0005/1200_SDK/xinyiNBIot_CP/.build/CMakeFiles/xinyiNBSoC.dir/./APPLIB/wakaama/core/list.c.o
   1251	      0	      0	   1251	    4e3	E:/workCODE/SLM130NA-M018-C0005/1200_SDK/xinyiNBIot_CP/.build/CMakeFiles/xinyiNBSoC.dir/./APPLIB/wakaama/core/management.c.o
   2335	      0	      0	   2335	    91f	E:/workCODE/SLM130NA-M018-C0005/1200_SDK/xinyiNBIot_CP/.build/CMakeFiles/xinyiNBSoC.dir/./APPLIB/wakaama/core/objects.c.o
   2224	      0	      0	   2224	    8b0	E:/workCODE/SLM130NA-M018-C0005/1200_SDK/xinyiNBIot_CP/.build/CMakeFiles/xinyiNBSoC.dir/./APPLIB/wakaama/core/observe.c.o
    856	      0	    280	   1136	    470	E:/workCODE/SLM130NA-M018-C0005/1200_SDK/xinyiNBIot_CP/.build/CMakeFiles/xinyiNBSoC.dir/./APPLIB/wakaama/core/packet.c.o
   1473	      0	      0	   1473	    5c1	E:/workCODE/SLM130NA-M018-C0005/1200_SDK/xinyiNBIot_CP/.build/CMakeFiles/xinyiNBSoC.dir/./APPLIB/wakaama/core/registration.c.o
   1335	      0	      0	   1335	    537	E:/workCODE/SLM130NA-M018-C0005/1200_SDK/xinyiNBIot_CP/.build/CMakeFiles/xinyiNBSoC.dir/./APPLIB/wakaama/core/tlv.c.o
    960	      0	      0	    960	    3c0	E:/workCODE/SLM130NA-M018-C0005/1200_SDK/xinyiNBIot_CP/.build/CMakeFiles/xinyiNBSoC.dir/./APPLIB/wakaama/core/transaction.c.o
    720	      0	      0	    720	    2d0	E:/workCODE/SLM130NA-M018-C0005/1200_SDK/xinyiNBIot_CP/.build/CMakeFiles/xinyiNBSoC.dir/./APPLIB/wakaama/core/uri.c.o
   1546	      0	      0	   1546	    60a	E:/workCODE/SLM130NA-M018-C0005/1200_SDK/xinyiNBIot_CP/.build/CMakeFiles/xinyiNBSoC.dir/./APPLIB/wakaama/core/utils.c.o
   1848	      0	     12	   1860	    744	E:/workCODE/SLM130NA-M018-C0005/1200_SDK/xinyiNBIot_CP/.build/CMakeFiles/xinyiNBSoC.dir/./APPLIB/wakaama/examples/lightclient/lightclient.c.o
    449	      0	      0	    449	    1c1	E:/workCODE/SLM130NA-M018-C0005/1200_SDK/xinyiNBIot_CP/.build/CMakeFiles/xinyiNBSoC.dir/./APPLIB/wakaama/examples/lightclient/object_device.c.o
    490	      0	      0	    490	    1ea	E:/workCODE/SLM130NA-M018-C0005/1200_SDK/xinyiNBIot_CP/.build/CMakeFiles/xinyiNBSoC.dir/./APPLIB/wakaama/examples/lightclient/object_security.c.o
    945	      0	      0	    945	    3b1	E:/workCODE/SLM130NA-M018-C0005/1200_SDK/xinyiNBIot_CP/.build/CMakeFiles/xinyiNBSoC.dir/./APPLIB/wakaama/examples/lightclient/object_server.c.o
   1073	      0	      0	   1073	    431	E:/workCODE/SLM130NA-M018-C0005/1200_SDK/xinyiNBIot_CP/.build/CMakeFiles/xinyiNBSoC.dir/./APPLIB/wakaama/examples/lightclient/test_object.c.o
    486	      0	      0	    486	    1e6	E:/workCODE/SLM130NA-M018-C0005/1200_SDK/xinyiNBIot_CP/.build/CMakeFiles/xinyiNBSoC.dir/./APPLIB/wakaama/examples/shared/connection.c.o
     72	      0	      0	     72	     48	E:/workCODE/SLM130NA-M018-C0005/1200_SDK/xinyiNBIot_CP/.build/CMakeFiles/xinyiNBSoC.dir/./APPLIB/wakaama/examples/shared/platform.c.o
    230	      0	      0	    230	     e6	E:/workCODE/SLM130NA-M018-C0005/1200_SDK/xinyiNBIot_CP/.build/CMakeFiles/xinyiNBSoC.dir/./APPLIB/wireshark/xy_wireshark/src/at_wireshark.c.o
    265	      0	     12	    277	    115	E:/workCODE/SLM130NA-M018-C0005/1200_SDK/xinyiNBIot_CP/.build/CMakeFiles/xinyiNBSoC.dir/./APPLIB/wireshark/xy_wireshark/src/xy_wireshark.c.o
   1012	      0	      4	   1016	    3f8	E:/workCODE/SLM130NA-M018-C0005/1200_SDK/xinyiNBIot_CP/.build/CMakeFiles/xinyiNBSoC.dir/./APPLIB/fota/xy_fota/src/at_fota.c.o
   2849	      4	     32	   2885	    b45	E:/workCODE/SLM130NA-M018-C0005/1200_SDK/xinyiNBIot_CP/.build/CMakeFiles/xinyiNBSoC.dir/./APPLIB/fota/xy_fota/src/xy_fota.c.o
    344	      0	      0	    344	    158	E:/workCODE/SLM130NA-M018-C0005/1200_SDK/xinyiNBIot_CP/.build/CMakeFiles/xinyiNBSoC.dir/./TARGETS/xinyiNBSoC/USERAPP/src/main.c.o
      6	      0	      4	     10	      a	E:/workCODE/SLM130NA-M018-C0005/1200_SDK/xinyiNBIot_CP/.build/CMakeFiles/xinyiNBSoC.dir/./TARGETS/xinyiNBSoC/USERAPP/src/user_hook.c.o
