Archive member included to satisfy reference by file (symbol)

E:/workCODE/SLM130NA-M018-C0005/1200_SDK/xinyiNBIot_AP/LIB/libxy_lib.a(soc_control.c.o)
                              CMakeFiles/xinyiNBSoC.dir/SYSAPP/system/src/heap_6.c.o (soc_mem_control)
e:/workcode/slm130na-m018-c0005/1200_sdk/buildtools/prebuilts/win64/gcc-arm-none-eabi-8-2019-q3-update-win32/bin/../lib/gcc/arm-none-eabi/8.3.1/thumb/v7-m/nofp\libgcc.a(_arm_addsubdf3.o)
                              CMakeFiles/xinyiNBSoC.dir/PROJECT/common/driver_test/CuTest/src/CuTest.c.o (__aeabi_dsub)
e:/workcode/slm130na-m018-c0005/1200_sdk/buildtools/prebuilts/win64/gcc-arm-none-eabi-8-2019-q3-update-win32/bin/../lib/gcc/arm-none-eabi/8.3.1/thumb/v7-m/nofp\libgcc.a(_arm_muldivdf3.o)
                              CMakeFiles/xinyiNBSoC.dir/DRIVERS/driverlib/src/prcm.c.o (__aeabi_dmul)
e:/workcode/slm130na-m018-c0005/1200_sdk/buildtools/prebuilts/win64/gcc-arm-none-eabi-8-2019-q3-update-win32/bin/../lib/gcc/arm-none-eabi/8.3.1/thumb/v7-m/nofp\libgcc.a(_arm_cmpdf2.o)
                              CMakeFiles/xinyiNBSoC.dir/PROJECT/common/driver_test/CuTest/src/CuTest.c.o (__aeabi_dcmple)
e:/workcode/slm130na-m018-c0005/1200_sdk/buildtools/prebuilts/win64/gcc-arm-none-eabi-8-2019-q3-update-win32/bin/../lib/gcc/arm-none-eabi/8.3.1/thumb/v7-m/nofp\libgcc.a(_arm_fixunsdfsi.o)
                              CMakeFiles/xinyiNBSoC.dir/DRIVERS/driverlib/src/prcm.c.o (__aeabi_d2uiz)
e:/workcode/slm130na-m018-c0005/1200_sdk/buildtools/prebuilts/win64/gcc-arm-none-eabi-8-2019-q3-update-win32/bin/../lib/gcc/arm-none-eabi/8.3.1/thumb/v7-m/nofp\libgcc.a(_arm_addsubsf3.o)
                              CMakeFiles/xinyiNBSoC.dir/SYSAPP/system/src/sys_rc32k.c.o (__aeabi_fadd)
e:/workcode/slm130na-m018-c0005/1200_sdk/buildtools/prebuilts/win64/gcc-arm-none-eabi-8-2019-q3-update-win32/bin/../lib/gcc/arm-none-eabi/8.3.1/thumb/v7-m/nofp\libgcc.a(_arm_muldivsf3.o)
                              CMakeFiles/xinyiNBSoC.dir/SYSAPP/system/src/sys_rc32k.c.o (__aeabi_fmul)
e:/workcode/slm130na-m018-c0005/1200_sdk/buildtools/prebuilts/win64/gcc-arm-none-eabi-8-2019-q3-update-win32/bin/../lib/gcc/arm-none-eabi/8.3.1/thumb/v7-m/nofp\libgcc.a(_arm_cmpsf2.o)
                              CMakeFiles/xinyiNBSoC.dir/SYSAPP/system/src/sys_rc32k.c.o (__aeabi_fcmpeq)
e:/workcode/slm130na-m018-c0005/1200_sdk/buildtools/prebuilts/win64/gcc-arm-none-eabi-8-2019-q3-update-win32/bin/../lib/gcc/arm-none-eabi/8.3.1/thumb/v7-m/nofp\libgcc.a(_arm_fixunssfsi.o)
                              CMakeFiles/xinyiNBSoC.dir/DRIVERS/driverlib/src/common.c.o (__aeabi_f2uiz)
e:/workcode/slm130na-m018-c0005/1200_sdk/buildtools/prebuilts/win64/gcc-arm-none-eabi-8-2019-q3-update-win32/bin/../lib/gcc/arm-none-eabi/8.3.1/thumb/v7-m/nofp\libgcc.a(_aeabi_ldivmod.o)
                              CMakeFiles/xinyiNBSoC.dir/MIDDLEWARE/AT/src/at_process.c.o (__aeabi_ldivmod)
e:/workcode/slm130na-m018-c0005/1200_sdk/buildtools/prebuilts/win64/gcc-arm-none-eabi-8-2019-q3-update-win32/bin/../lib/gcc/arm-none-eabi/8.3.1/thumb/v7-m/nofp\libgcc.a(_aeabi_uldivmod.o)
                              CMakeFiles/xinyiNBSoC.dir/DRIVERS/driverlib/src/utc.c.o (__aeabi_uldivmod)
e:/workcode/slm130na-m018-c0005/1200_sdk/buildtools/prebuilts/win64/gcc-arm-none-eabi-8-2019-q3-update-win32/bin/../lib/gcc/arm-none-eabi/8.3.1/thumb/v7-m/nofp\libgcc.a(_udivmoddi4.o)
                              e:/workcode/slm130na-m018-c0005/1200_sdk/buildtools/prebuilts/win64/gcc-arm-none-eabi-8-2019-q3-update-win32/bin/../lib/gcc/arm-none-eabi/8.3.1/thumb/v7-m/nofp\libgcc.a(_aeabi_ldivmod.o) (__udivmoddi4)
e:/workcode/slm130na-m018-c0005/1200_sdk/buildtools/prebuilts/win64/gcc-arm-none-eabi-8-2019-q3-update-win32/bin/../lib/gcc/arm-none-eabi/8.3.1/thumb/v7-m/nofp\libgcc.a(_dvmd_tls.o)
                              e:/workcode/slm130na-m018-c0005/1200_sdk/buildtools/prebuilts/win64/gcc-arm-none-eabi-8-2019-q3-update-win32/bin/../lib/gcc/arm-none-eabi/8.3.1/thumb/v7-m/nofp\libgcc.a(_aeabi_ldivmod.o) (__aeabi_ldiv0)
e:/workcode/slm130na-m018-c0005/1200_sdk/buildtools/prebuilts/win64/gcc-arm-none-eabi-8-2019-q3-update-win32/bin/../lib/gcc/arm-none-eabi/8.3.1/../../../../arm-none-eabi/lib/thumb/v7-m/nofp\libg_nano.a(lib_a-abs.o)
                              CMakeFiles/xinyiNBSoC.dir/SYSAPP/system/src/sys_rc32k.c.o (abs)
e:/workcode/slm130na-m018-c0005/1200_sdk/buildtools/prebuilts/win64/gcc-arm-none-eabi-8-2019-q3-update-win32/bin/../lib/gcc/arm-none-eabi/8.3.1/../../../../arm-none-eabi/lib/thumb/v7-m/nofp\libg_nano.a(lib_a-assert.o)
                              CMakeFiles/xinyiNBSoC.dir/PROJECT/common/driver_test/CuTest/src/CuTest.c.o (__assert_func)
e:/workcode/slm130na-m018-c0005/1200_sdk/buildtools/prebuilts/win64/gcc-arm-none-eabi-8-2019-q3-update-win32/bin/../lib/gcc/arm-none-eabi/8.3.1/../../../../arm-none-eabi/lib/thumb/v7-m/nofp\libg_nano.a(lib_a-atoi.o)
[...]
Memory Configuration

Name             Origin             Length             Attributes
FLASH            0x30174000         0x0006f000         xrw
RAM              0x01000000         0x0001ff80         xrw
RETMEM           0x60010000         0x00000100         xrw
*default*        0x00000000         0xffffffff

Linker script and memory map

LOAD CMakeFiles/xinyiNBSoC.dir/DRIVERS/driverlib/src/abdhwd.c.o
LOAD CMakeFiles/xinyiNBSoC.dir/DRIVERS/driverlib/src/adc.c.o
LOAD CMakeFiles/xinyiNBSoC.dir/DRIVERS/driverlib/src/cache.c.o
LOAD CMakeFiles/xinyiNBSoC.dir/DRIVERS/driverlib/src/common.c.o
LOAD CMakeFiles/xinyiNBSoC.dir/DRIVERS/driverlib/src/crc.c.o
LOAD CMakeFiles/xinyiNBSoC.dir/DRIVERS/driverlib/src/crypto.c.o
LOAD CMakeFiles/xinyiNBSoC.dir/DRIVERS/driverlib/src/csp.c.o
LOAD CMakeFiles/xinyiNBSoC.dir/DRIVERS/driverlib/src/dma.c.o
LOAD CMakeFiles/xinyiNBSoC.dir/DRIVERS/driverlib/src/flash_vendor.c.o
LOAD CMakeFiles/xinyiNBSoC.dir/DRIVERS/driverlib/src/gpio.c.o
LOAD CMakeFiles/xinyiNBSoC.dir/DRIVERS/driverlib/src/hw_sha1.c.o
LOAD CMakeFiles/xinyiNBSoC.dir/DRIVERS/driverlib/src/i2c.c.o
LOAD CMakeFiles/xinyiNBSoC.dir/DRIVERS/driverlib/src/interrupt.c.o
LOAD CMakeFiles/xinyiNBSoC.dir/DRIVERS/driverlib/src/iso7816.c.o
LOAD CMakeFiles/xinyiNBSoC.dir/DRIVERS/driverlib/src/keyscan.c.o
LOAD CMakeFiles/xinyiNBSoC.dir/DRIVERS/driverlib/src/lcdc.c.o
LOAD CMakeFiles/xinyiNBSoC.dir/DRIVERS/driverlib/src/lptimer.c.o
LOAD CMakeFiles/xinyiNBSoC.dir/DRIVERS/driverlib/src/mcnt.c.o
LOAD CMakeFiles/xinyiNBSoC.dir/DRIVERS/driverlib/src/prcm.c.o
LOAD CMakeFiles/xinyiNBSoC.dir/DRIVERS/driverlib/src/qspi_flash.c.o
LOAD CMakeFiles/xinyiNBSoC.dir/DRIVERS/driverlib/src/rc32k.c.o
LOAD CMakeFiles/xinyiNBSoC.dir/DRIVERS/driverlib/src/rf_drv.c.o
LOAD CMakeFiles/xinyiNBSoC.dir/DRIVERS/driverlib/src/sema.c.o
LOAD CMakeFiles/xinyiNBSoC.dir/DRIVERS/driverlib/src/spi.c.o
LOAD CMakeFiles/xinyiNBSoC.dir/DRIVERS/driverlib/src/systick.c.o
LOAD CMakeFiles/xinyiNBSoC.dir/DRIVERS/driverlib/src/tick.c.o
LOAD CMakeFiles/xinyiNBSoC.dir/DRIVERS/driverlib/src/timer.c.o
LOAD CMakeFiles/xinyiNBSoC.dir/DRIVERS/driverlib/src/trng.c.o
LOAD CMakeFiles/xinyiNBSoC.dir/DRIVERS/driverlib/src/uart.c.o
LOAD CMakeFiles/xinyiNBSoC.dir/DRIVERS/driverlib/src/utc.c.o
LOAD CMakeFiles/xinyiNBSoC.dir/DRIVERS/driverlib/src/watchdog.c.o
LOAD CMakeFiles/xinyiNBSoC.dir/MIDDLEWARE/AT/src/at_260Y_cmd.c.o
LOAD CMakeFiles/xinyiNBSoC.dir/MIDDLEWARE/AT/src/at_CP_api.c.o
LOAD CMakeFiles/xinyiNBSoC.dir/MIDDLEWARE/AT/src/at_bc25_cmd.c.o
LOAD CMakeFiles/xinyiNBSoC.dir/MIDDLEWARE/AT/src/at_cmd_regist.c.o
LOAD CMakeFiles/xinyiNBSoC.dir/MIDDLEWARE/AT/src/at_hardware_cmd.c.o
LOAD CMakeFiles/xinyiNBSoC.dir/MIDDLEWARE/AT/src/at_process.c.o
LOAD CMakeFiles/xinyiNBSoC.dir/MIDDLEWARE/AT/src/urc_process.c.o
LOAD CMakeFiles/xinyiNBSoC.dir/MIDDLEWARE/HAL/src/hal_adc.c.o
LOAD CMakeFiles/xinyiNBSoC.dir/MIDDLEWARE/HAL/src/hal_aes.c.o
LOAD CMakeFiles/xinyiNBSoC.dir/MIDDLEWARE/HAL/src/hal_csp.c.o
LOAD CMakeFiles/xinyiNBSoC.dir/MIDDLEWARE/HAL/src/hal_gpio.c.o
LOAD CMakeFiles/xinyiNBSoC.dir/MIDDLEWARE/HAL/src/hal_i2c.c.o
LOAD CMakeFiles/xinyiNBSoC.dir/MIDDLEWARE/HAL/src/hal_lptimer.c.o
LOAD CMakeFiles/xinyiNBSoC.dir/MIDDLEWARE/HAL/src/hal_lpuart.c.o
LOAD CMakeFiles/xinyiNBSoC.dir/MIDDLEWARE/HAL/src/hal_spi.c.o
LOAD CMakeFiles/xinyiNBSoC.dir/MIDDLEWARE/HAL/src/hal_timer.c.o
LOAD CMakeFiles/xinyiNBSoC.dir/MIDDLEWARE/HAL/src/hal_uart.c.o
LOAD CMakeFiles/xinyiNBSoC.dir/MIDDLEWARE/HAL/src/hal_watchdog.c.o
LOAD CMakeFiles/xinyiNBSoC.dir/MIDDLEWARE/HAL/src/hal_weak.c.o
LOAD CMakeFiles/xinyiNBSoC.dir/MIDDLEWARE/at_uart/src/at_ipc_process.c.o
LOAD CMakeFiles/xinyiNBSoC.dir/MIDDLEWARE/at_uart/src/at_uart.c.o
LOAD CMakeFiles/xinyiNBSoC.dir/MIDDLEWARE/at_uart/src/at_uart_sleep_ctl.c.o
LOAD CMakeFiles/xinyiNBSoC.dir/MIDDLEWARE/at_uart/src/auto_baudrate.c.o
LOAD CMakeFiles/xinyiNBSoC.dir/MIDDLEWARE/at_uart/src/zero_copy.c.o
LOAD CMakeFiles/xinyiNBSoC.dir/MIDDLEWARE/ipc_msg/src/user_ipc_msg.c.o
LOAD CMakeFiles/xinyiNBSoC.dir/MIDDLEWARE/mcu_adapt/src/mcu_gpio.c.o
LOAD CMakeFiles/xinyiNBSoC.dir/MIDDLEWARE/mcu_adapt/src/mcu_i2c.c.o
LOAD CMakeFiles/xinyiNBSoC.dir/MIDDLEWARE/mcu_adapt/src/mcu_lcd.c.o
LOAD CMakeFiles/xinyiNBSoC.dir/MIDDLEWARE/mcu_adapt/src/mcu_spi.c.o
LOAD CMakeFiles/xinyiNBSoC.dir/MIDDLEWARE/mcu_adapt/src/mcu_timer.c.o
LOAD CMakeFiles/xinyiNBSoC.dir/MIDDLEWARE/mcu_adapt/src/mcu_uart.c.o
LOAD CMakeFiles/xinyiNBSoC.dir/MIDDLEWARE/utilities/src/at_utils.c.o
LOAD CMakeFiles/xinyiNBSoC.dir/MIDDLEWARE/utilities/src/xy_ftl.c.o
LOAD CMakeFiles/xinyiNBSoC.dir/MIDDLEWARE/utilities/src/xy_htol_test.c.o
LOAD CMakeFiles/xinyiNBSoC.dir/MIDDLEWARE/utilities/src/xy_list.c.o
LOAD CMakeFiles/xinyiNBSoC.dir/MIDDLEWARE/utilities/src/xy_printf.c.o
LOAD CMakeFiles/xinyiNBSoC.dir/MIDDLEWARE/utilities/src/xy_utils.c.o
LOAD CMakeFiles/xinyiNBSoC.dir/PROJECT/common/basic_test/src/at_adc_test.c.o
LOAD CMakeFiles/xinyiNBSoC.dir/PROJECT/common/basic_test/src/at_aes_test.c.o
LOAD CMakeFiles/xinyiNBSoC.dir/PROJECT/common/basic_test/src/at_cp_test.c.o
LOAD CMakeFiles/xinyiNBSoC.dir/PROJECT/common/basic_test/src/at_gpio_test.c.o
LOAD CMakeFiles/xinyiNBSoC.dir/PROJECT/common/basic_test/src/at_timer_test.c.o
LOAD CMakeFiles/xinyiNBSoC.dir/PROJECT/common/basic_test/src/xy_at_test.c.o
LOAD CMakeFiles/xinyiNBSoC.dir/PROJECT/common/basic_test/src/xy_mpu_test.c.o
LOAD CMakeFiles/xinyiNBSoC.dir/PROJECT/common/driver_test/CuTest/src/CuTest.c.o
LOAD CMakeFiles/xinyiNBSoC.dir/PROJECT/common/driver_test/CuTest/src/CuTestTest.c.o
LOAD CMakeFiles/xinyiNBSoC.dir/PROJECT/common/driver_test/common/src/driver_test_common.c.o
LOAD CMakeFiles/xinyiNBSoC.dir/PROJECT/common/driver_test/master/src/csp_spi_master_test.c.o
LOAD CMakeFiles/xinyiNBSoC.dir/PROJECT/common/driver_test/master/src/csp_uart_master_test.c.o
LOAD CMakeFiles/xinyiNBSoC.dir/PROJECT/common/driver_test/master/src/i2c_master_test.c.o
LOAD CMakeFiles/xinyiNBSoC.dir/PROJECT/common/driver_test/master/src/master.c.o
LOAD CMakeFiles/xinyiNBSoC.dir/PROJECT/common/driver_test/master/src/spi_master_test.c.o
LOAD CMakeFiles/xinyiNBSoC.dir/PROJECT/common/driver_test/master/src/uart_master_test.c.o
LOAD CMakeFiles/xinyiNBSoC.dir/PROJECT/common/driver_test/slave/src/csp_spi_slave_test.c.o
LOAD CMakeFiles/xinyiNBSoC.dir/PROJECT/common/driver_test/slave/src/csp_uart_slave_test.c.o
LOAD CMakeFiles/xinyiNBSoC.dir/PROJECT/common/driver_test/slave/src/i2c_slave_test.c.o
LOAD CMakeFiles/xinyiNBSoC.dir/PROJECT/common/driver_test/slave/src/slave.c.o
LOAD CMakeFiles/xinyiNBSoC.dir/PROJECT/common/driver_test/slave/src/spi_slave_test.c.o
LOAD CMakeFiles/xinyiNBSoC.dir/PROJECT/common/driver_test/slave/src/uart_slave_test.c.o
LOAD CMakeFiles/xinyiNBSoC.dir/PROJECT/common/event/src/cloud_process.c.o
LOAD CMakeFiles/xinyiNBSoC.dir/PROJECT/common/event/src/data_gather.c.o
LOAD CMakeFiles/xinyiNBSoC.dir/PROJECT/common/event/src/err_process.c.o
LOAD CMakeFiles/xinyiNBSoC.dir/PROJECT/common/event/src/send_by_cdp.c.o
LOAD CMakeFiles/xinyiNBSoC.dir/PROJECT/common/event/src/send_by_ctwing.c.o
LOAD CMakeFiles/xinyiNBSoC.dir/PROJECT/common/event/src/send_by_http.c.o
LOAD CMakeFiles/xinyiNBSoC.dir/PROJECT/common/event/src/send_by_mqtt.c.o
LOAD CMakeFiles/xinyiNBSoC.dir/PROJECT/common/event/src/send_by_onenet.c.o
LOAD CMakeFiles/xinyiNBSoC.dir/PROJECT/common/event/src/send_by_socket.c.o
LOAD CMakeFiles/xinyiNBSoC.dir/PROJECT/common/fota/fota_by_http.c.o
LOAD CMakeFiles/xinyiNBSoC.dir/PROJECT/common/fota/fota_by_local.c.o
LOAD CMakeFiles/xinyiNBSoC.dir/PROJECT/default/src/main.c.o
LOAD CMakeFiles/xinyiNBSoC.dir/PROJECT/default/src/user_init.c.o
LOAD CMakeFiles/xinyiNBSoC.dir/SYSAPP/core_cm3/src/cm3_systick.c.o
LOAD CMakeFiles/xinyiNBSoC.dir/SYSAPP/core_cm3/src/core_cm3.c.o
LOAD CMakeFiles/xinyiNBSoC.dir/SYSAPP/core_cm3/src/mpu.c.o
LOAD CMakeFiles/xinyiNBSoC.dir/SYSAPP/core_cm3/src/mpu_protect.c.o
LOAD CMakeFiles/xinyiNBSoC.dir/SYSAPP/core_cm3/src/nvic.c.o
LOAD CMakeFiles/xinyiNBSoC.dir/SYSAPP/startup/src/startup_cm3.s.o
LOAD CMakeFiles/xinyiNBSoC.dir/SYSAPP/system/src/adc_adapt.c.o
LOAD CMakeFiles/xinyiNBSoC.dir/SYSAPP/system/src/ap_watchdog.c.o
LOAD CMakeFiles/xinyiNBSoC.dir/SYSAPP/system/src/backup_mem.c.o
LOAD CMakeFiles/xinyiNBSoC.dir/SYSAPP/system/src/dyn_load.c.o
LOAD CMakeFiles/xinyiNBSoC.dir/SYSAPP/system/src/event_api.c.o
LOAD CMakeFiles/xinyiNBSoC.dir/SYSAPP/system/src/fast_recovery.c.o
LOAD CMakeFiles/xinyiNBSoC.dir/SYSAPP/system/src/heap_6.c.o
LOAD CMakeFiles/xinyiNBSoC.dir/SYSAPP/system/src/module_runtime_dbg.c.o
LOAD CMakeFiles/xinyiNBSoC.dir/SYSAPP/system/src/runtime_dbg.c.o
LOAD CMakeFiles/xinyiNBSoC.dir/SYSAPP/system/src/sys_clk.c.o
LOAD CMakeFiles/xinyiNBSoC.dir/SYSAPP/system/src/sys_const.c.o
LOAD CMakeFiles/xinyiNBSoC.dir/SYSAPP/system/src/sys_ipc.c.o
LOAD CMakeFiles/xinyiNBSoC.dir/SYSAPP/system/src/sys_isr.c.o
LOAD CMakeFiles/xinyiNBSoC.dir/SYSAPP/system/src/sys_lpm.c.o
LOAD CMakeFiles/xinyiNBSoC.dir/SYSAPP/system/src/sys_mem.c.o
LOAD CMakeFiles/xinyiNBSoC.dir/SYSAPP/system/src/sys_proc.c.o
LOAD CMakeFiles/xinyiNBSoC.dir/SYSAPP/system/src/sys_rc32k.c.o
LOAD CMakeFiles/xinyiNBSoC.dir/SYSAPP/system/src/sys_rtc.c.o
LOAD CMakeFiles/xinyiNBSoC.dir/SYSAPP/system/src/system.c.o
LOAD CMakeFiles/xinyiNBSoC.dir/SYSAPP/system/src/urgent_dbg_info.c.o
LOAD CMakeFiles/xinyiNBSoC.dir/SYSAPP/system/src/utc_watchdog.c.o
LOAD CMakeFiles/xinyiNBSoC.dir/SYSAPP/system/src/xy_cp.c.o
LOAD CMakeFiles/xinyiNBSoC.dir/SYSAPP/system/src/xy_flash.c.o
LOAD CMakeFiles/xinyiNBSoC.dir/SYSAPP/system/src/xy_fota.c.o
LOAD CMakeFiles/xinyiNBSoC.dir/SYSAPP/system/src/xy_gpio_rcr.c.o
LOAD CMakeFiles/xinyiNBSoC.dir/SYSAPP/system/src/xy_svd.c.o
LOAD CMakeFiles/xinyiNBSoC.dir/SYSAPP/system/src/xy_timer.c.o
START GROUP
LOAD E:/workCODE/SLM130NA-M018-C0005/1200_SDK/xinyiNBIot_AP/LIB/libxy_lib.a
END GROUP
START GROUP
LOAD e:/workcode/slm130na-m018-c0005/1200_sdk/buildtools/prebuilts/win64/gcc-arm-none-eabi-8-2019-q3-update-win32/bin/../lib/gcc/arm-none-eabi/8.3.1/thumb/v7-m/nofp\libgcc.a
LOAD e:/workcode/slm130na-m018-c0005/1200_sdk/buildtools/prebuilts/win64/gcc-arm-none-eabi-8-2019-q3-update-win32/bin/../lib/gcc/arm-none-eabi/8.3.1/../../../../arm-none-eabi/lib/thumb/v7-m/nofp\libg_nano.a
LOAD e:/workcode/slm130na-m018-c0005/1200_sdk/buildtools/prebuilts/win64/gcc-arm-none-eabi-8-2019-q3-update-win32/bin/../lib/gcc/arm-none-eabi/8.3.1/../../../../arm-none-eabi/lib/thumb/v7-m/nofp\libc_nano.a
END GROUP
START GROUP
LOAD e:/workcode/slm130na-m018-c0005/1200_sdk/buildtools/prebuilts/win64/gcc-arm-none-eabi-8-2019-q3-update-win32/bin/../lib/gcc/arm-none-eabi/8.3.1/thumb/v7-m/nofp\libgcc.a
LOAD e:/workcode/slm130na-m018-c0005/1200_sdk/buildtools/prebuilts/win64/gcc-arm-none-eabi-8-2019-q3-update-win32/bin/../lib/gcc/arm-none-eabi/8.3.1/../../../../arm-none-eabi/lib/thumb/v7-m/nofp\libc_nano.a
LOAD e:/workcode/slm130na-m018-c0005/1200_sdk/buildtools/prebuilts/win64/gcc-arm-none-eabi-8-2019-q3-update-win32/bin/../lib/gcc/arm-none-eabi/8.3.1/../../../../arm-none-eabi/lib/thumb/v7-m/nofp\libnosys.a
END GROUP
START GROUP
LOAD e:/workcode/slm130na-m018-c0005/1200_sdk/buildtools/prebuilts/win64/gcc-arm-none-eabi-8-2019-q3-update-win32/bin/../lib/gcc/arm-none-eabi/8.3.1/thumb/v7-m/nofp\libgcc.a
LOAD e:/workcode/slm130na-m018-c0005/1200_sdk/buildtools/prebuilts/win64/gcc-arm-none-eabi-8-2019-q3-update-win32/bin/../lib/gcc/arm-none-eabi/8.3.1/../../../../arm-none-eabi/lib/thumb/v7-m/nofp\libc_nano.a
LOAD e:/workcode/slm130na-m018-c0005/1200_sdk/buildtools/prebuilts/win64/gcc-arm-none-eabi-8-2019-q3-update-win32/bin/../lib/gcc/arm-none-eabi/8.3.1/../../../../arm-none-eabi/lib/thumb/v7-m/nofp\libnosys.a
END GROUP
                0x30174000                _Flash_flash_text_load_addr = LOADADDR (.flash.text)
                0x30174000                _Flash_flash_text_exec_addr = ADDR (.flash.text)
                0x000050d8                _Flash_flash_text_len = ((SIZEOF (.flash.text) + 0x3) & 0xfffffffc)
                0x01000000                _Ram_isr_vector_load_addr = LOADADDR (.isr_vector)
                0x01000000                _Ram_isr_vector_exec_addr = ADDR (.isr_vector)
                0x00000100                _Ram_isr_vector_len = ((SIZEOF (.isr_vector) + 0x3) & 0xfffffffc)
                0x01000100                _Ram_text_load_addr = LOADADDR (.text)
                0x01000100                _Ram_text_exec_addr = ADDR (.text)
                0x0000a768                _Ram_text_len = ((SIZEOF (.text) + 0x3) & 0xfffffffc)
                0x0100a868                _Ram_plt_load_addr = LOADADDR (.plt)
                0x0100a868                _Ram_plt_exec_addr = ADDR (.plt)
                0x00000000                _Ram_plt_len = ((SIZEOF (.plt) + 0x3) & 0xfffffffc)
                0x0100a868                _Ram_got_plt_load_addr = LOADADDR (.got.plt)
                0x0100a868                _Ram_got_plt_exec_addr = ADDR (.got.plt)
                0x00000000                _Ram_got_plt_len = ((SIZEOF (.got.plt) + 0x3) & 0xfffffffc)
                0x0100a868                _Ram_dynbss_load_addr = LOADADDR (.dynbss)
                0x0100a868                _Ram_dynbss_exec_addr = ADDR (.dynbss)
                0x00000000                _Ram_dynbss_len = ((SIZEOF (.dynbss) + 0x3) & 0xfffffffc)
                0x301790d8                _Ram_data_load_addr = LOADADDR (.data)
                0x0100a868                _Ram_data_exec_addr = ADDR (.data)
                0x000001ac                _Ram_data_len = ((SIZEOF (.data) + 0x3) & 0xfffffffc)
                0x0100aa18                _Ram_bss_exec_addr = ADDR (.bss)
                0x00001060                _Ram_bss_len = ((SIZEOF (.bss) + 0x3) & 0xfffffffc)
                0x0001ff80                _Ram_Total = LENGTH (RAM)
                0x0000ba78                _Ram_Used = ((_Ram_bss_exec_addr + _Ram_bss_len) - ORIGIN (RAM))
                0x00014508                _Ram_Remain = (_Ram_Total - _Ram_Used)
                0x0000b000                _Ram_Bin_Align = ((((_Ram_dynbss_exec_addr + _Ram_dynbss_len) - ORIGIN (RAM)) + 0xfff) & 0xfffff000)
                0x00006000                _Flash_Bin_Align = ((((_Ram_data_load_addr + _Ram_data_len) - ORIGIN (FLASH)) + 0xfff) & 0xfffff000)
                0x30174000                _Flash_Addr = ORIGIN (FLASH)
                0x0006f000                _Flash_Total = LENGTH (FLASH)
                0x00011000                _Flash_Used = (_Ram_Bin_Align + _Flash_Bin_Align)
                0x0005e000                _Flash_Remain = (_Flash_Total - _Flash_Used)
                0x30185000                PROVIDE (_BAK_MEM_FOTA_FLASH_BASE = ((ORIGIN (FLASH) + _Ram_Bin_Align) + _Flash_Bin_Align))
                0x0006f000                FLASH_LIMIT = _Flash_Total
                0x0101ff80                __stack = (ORIGIN (RAM) + LENGTH (RAM))
                0x00001000                __Main_Stack_Size = 0x1000
                [!provide]                PROVIDE (_Main_Stack_Size = __Main_Stack_Size)
                0x0101ef80                __Main_Stack_Limit = (__stack - __Main_Stack_Size)
                [!provide]                PROVIDE (_Main_Stack_Limit = __Main_Stack_Limit)
                0x00001000                _Minimum_Stack_Size = __Main_Stack_Size
                0x0100ba78                PROVIDE (_Heap_Begin = _end_noinit)
                0x0101ef80                PROVIDE (_Heap_Limit = (__stack - __Main_Stack_Size))
                0x00013508                __Heap_Size = (_Heap_Limit - _Heap_Begin)
                0x00013508                _Minimum_Heap_Size = __Heap_Size

.flash.text     0x30174000     0x50d8
 *(.flash.text .flash.text.*)
 .flash.text.at_DEMOCFG_req
                0x30174000        0x4 CMakeFiles/xinyiNBSoC.dir/MIDDLEWARE/AT/src/at_cmd_regist.c.o
                0x30174000                at_DEMOCFG_req
 .flash.text.at_BOOTCP_req
                0x30174004       0x2c CMakeFiles/xinyiNBSoC.dir/MIDDLEWARE/AT/src/at_cmd_regist.c.o
                0x30174004                at_BOOTCP_req
 .flash.text.at_SOCID_req
                0x30174030       0x2c CMakeFiles/xinyiNBSoC.dir/MIDDLEWARE/AT/src/at_cmd_regist.c.o
                0x30174030                at_SOCID_req
 .flash.text.at_APMEMSTATUS_req
                0x3017405c      0x1ac CMakeFiles/xinyiNBSoC.dir/MIDDLEWARE/AT/src/at_cmd_regist.c.o
                0x3017405c                at_APMEMSTATUS_req
 .flash.text.at_REGTEST_req
                0x30174208      0x100 CMakeFiles/xinyiNBSoC.dir/MIDDLEWARE/AT/src/at_cmd_regist.c.o
                0x30174208                at_REGTEST_req
 .flash.text.at_RB_req
                0x30174308       0x34 CMakeFiles/xinyiNBSoC.dir/MIDDLEWARE/AT/src/at_cmd_regist.c.o
                0x30174308                at_RB_req
 .flash.text.at_RESET_req
                0x3017433c       0x30 CMakeFiles/xinyiNBSoC.dir/MIDDLEWARE/AT/src/at_cmd_regist.c.o
                0x3017433c                at_RESET_req
 .flash.text.at_ATGPIO20_req
                0x3017436c       0x48 CMakeFiles/xinyiNBSoC.dir/MIDDLEWARE/AT/src/at_cmd_regist.c.o
                0x3017436c                at_ATGPIO20_req
 .flash.text.at_LOCK_req
                0x301743b4       0x7c CMakeFiles/xinyiNBSoC.dir/MIDDLEWARE/AT/src/at_cmd_regist.c.o
                0x301743b4                at_LOCK_req
 .flash.text.at_ASSERT_req
                0x30174430       0x70 CMakeFiles/xinyiNBSoC.dir/MIDDLEWARE/AT/src/at_cmd_regist.c.o
                0x30174430                at_ASSERT_req
 .flash.text.get_at_cmd_type
                0x301744a0       0x40 CMakeFiles/xinyiNBSoC.dir/MIDDLEWARE/AT/src/at_cmd_regist.c.o
                0x301744a0                get_at_cmd_type
 .flash.text.at_ok_build
                0x301744e0       0x20 CMakeFiles/xinyiNBSoC.dir/MIDDLEWARE/AT/src/at_cmd_regist.c.o
                0x301744e0                at_ok_build
 .flash.text.at_err_build
                0x30174500       0x58 CMakeFiles/xinyiNBSoC.dir/MIDDLEWARE/AT/src/at_cmd_regist.c.o
                0x30174500                at_err_build
 .flash.text.Match_AT_Cmd
                0x30174558      0x144 CMakeFiles/xinyiNBSoC.dir/MIDDLEWARE/AT/src/at_cmd_regist.c.o
                0x30174558                Match_AT_Cmd
 .flash.text.natspeed_succ_hook
                0x3017469c       0x8c CMakeFiles/xinyiNBSoC.dir/MIDDLEWARE/AT/src/at_hardware_cmd.c.o
                0x3017469c                natspeed_succ_hook
 .flash.text.natspeed_change_hook
                0x30174728       0x68 CMakeFiles/xinyiNBSoC.dir/MIDDLEWARE/AT/src/at_hardware_cmd.c.o
                0x30174728                natspeed_change_hook
 .flash.text.at_NATSPEED_req
                0x30174790      0x168 CMakeFiles/xinyiNBSoC.dir/MIDDLEWARE/AT/src/at_hardware_cmd.c.o
                0x30174790                at_NATSPEED_req
 .flash.text.at_UARTSET_req
                0x301748f8      0x130 CMakeFiles/xinyiNBSoC.dir/MIDDLEWARE/AT/src/at_hardware_cmd.c.o
                0x301748f8                at_UARTSET_req
 .flash.text.at_IPR_req
                0x30174a28       0x44 CMakeFiles/xinyiNBSoC.dir/MIDDLEWARE/AT/src/at_hardware_cmd.c.o
                0x30174a28                at_IPR_req
 .flash.text.at_RESETCTL_req
                0x30174a6c      0x114 CMakeFiles/xinyiNBSoC.dir/MIDDLEWARE/AT/src/at_hardware_cmd.c.o
                0x30174a6c                at_RESETCTL_req
 .flash.text.check_connectivity
                0x30174b80       0x50 CMakeFiles/xinyiNBSoC.dir/MIDDLEWARE/AT/src/at_hardware_cmd.c.o
                0x30174b80                check_connectivity
 .flash.text.do_XYCNNT_process
                0x30174bd0      0x1a0 CMakeFiles/xinyiNBSoC.dir/MIDDLEWARE/AT/src/at_hardware_cmd.c.o
                0x30174bd0                do_XYCNNT_process
 .flash.text.at_XYCNNT_req
                0x30174d70       0x50 CMakeFiles/xinyiNBSoC.dir/MIDDLEWARE/AT/src/at_hardware_cmd.c.o
                0x30174d70                at_XYCNNT_req
 .flash.text.HAL_GPIO_InterruptCallback
                0x30174dc0        0x2 CMakeFiles/xinyiNBSoC.dir/MIDDLEWARE/HAL/src/hal_weak.c.o
                0x30174dc0                HAL_GPIO_InterruptCallback
 .flash.text.HAL_LPUART_TxCpltCallback
                0x30174dc2        0x2 CMakeFiles/xinyiNBSoC.dir/MIDDLEWARE/HAL/src/hal_weak.c.o
                0x30174dc2                HAL_LPUART_TxCpltCallback
 .flash.text.AT_Send_To_CP
                0x30174dc4       0xec CMakeFiles/xinyiNBSoC.dir/MIDDLEWARE/at_uart/src/at_ipc_process.c.o
                0x30174dc4                AT_Send_To_CP
 .flash.text.at_uart_init
                0x30174eb0      0x144 CMakeFiles/xinyiNBSoC.dir/MIDDLEWARE/at_uart/src/at_uart.c.o
                0x30174eb0                at_uart_init
 .flash.text.at_send_err_to_ext
                0x30174ff4       0x1e CMakeFiles/xinyiNBSoC.dir/MIDDLEWARE/at_uart/src/at_uart.c.o
 *fill*         0x30175012        0x2 
 .flash.text.WakeupEn_Init
                0x30175014       0x80 CMakeFiles/xinyiNBSoC.dir/MIDDLEWARE/mcu_adapt/src/mcu_gpio.c.o
                0x30175014                WakeupEn_Init
 .flash.text.isHexChar
                0x30175094       0x1e CMakeFiles/xinyiNBSoC.dir/MIDDLEWARE/utilities/src/at_utils.c.o
                0x30175094                isHexChar
 *fill*         0x301750b2        0x2 
 .flash.text.covertHextoNum
                0x301750b4       0x2c CMakeFiles/xinyiNBSoC.dir/MIDDLEWARE/utilities/src/at_utils.c.o
                0x301750b4                covertHextoNum
 .flash.text.covertEscToAscII
                0x301750e0       0xa4 CMakeFiles/xinyiNBSoC.dir/MIDDLEWARE/utilities/src/at_utils.c.o
                0x301750e0                covertEscToAscII
 .flash.text.format_escape_char
                0x30175184       0x7c CMakeFiles/xinyiNBSoC.dir/MIDDLEWARE/utilities/src/at_utils.c.o
                0x30175184                format_escape_char
 .flash.text.find_next_double_quato
                0x30175200       0x44 CMakeFiles/xinyiNBSoC.dir/MIDDLEWARE/utilities/src/at_utils.c.o
                0x30175200                find_next_double_quato
 .flash.text.is_hex_str
                0x30175244       0x5c CMakeFiles/xinyiNBSoC.dir/MIDDLEWARE/utilities/src/at_utils.c.o
                0x30175244                is_hex_str
 .flash.text.hexstr2bytes
                0x301752a0       0xac CMakeFiles/xinyiNBSoC.dir/MIDDLEWARE/utilities/src/at_utils.c.o
                0x301752a0                hexstr2bytes
 .flash.text.parase_type_val
                0x3017534c      0x1bc CMakeFiles/xinyiNBSoC.dir/MIDDLEWARE/utilities/src/at_utils.c.o
 .flash.text.parse_param
                0x30175508      0x190 CMakeFiles/xinyiNBSoC.dir/MIDDLEWARE/utilities/src/at_utils.c.o
                0x30175508                parse_param
 .flash.text.at_parse_param
                0x30175698       0x1e CMakeFiles/xinyiNBSoC.dir/MIDDLEWARE/utilities/src/at_utils.c.o
                0x30175698                at_parse_param
 *fill*         0x301756b6        0x2 
 .flash.text.hexstr2int
                0x301756b8       0xa4 CMakeFiles/xinyiNBSoC.dir/MIDDLEWARE/utilities/src/at_utils.c.o
                0x301756b8                hexstr2int
 .flash.text.xy_ftl_regist
                0x3017575c       0x48 CMakeFiles/xinyiNBSoC.dir/MIDDLEWARE/utilities/src/xy_ftl.c.o
                0x3017575c                xy_ftl_regist
 .flash.text.find_ftl_node
                0x301757a4       0x40 CMakeFiles/xinyiNBSoC.dir/MIDDLEWARE/utilities/src/xy_ftl.c.o
                0x301757a4                find_ftl_node
 .flash.text.xy_choose_valid_ftl
                0x301757e4       0x82 CMakeFiles/xinyiNBSoC.dir/MIDDLEWARE/utilities/src/xy_ftl.c.o
                0x301757e4                xy_choose_valid_ftl
 *fill*         0x30175866        0x2 
 .flash.text.xy_ftl_read
                0x30175868       0xa4 CMakeFiles/xinyiNBSoC.dir/MIDDLEWARE/utilities/src/xy_ftl.c.o
                0x30175868                xy_ftl_read
 .flash.text.xy_ftl_write
                0x3017590c      0x120 CMakeFiles/xinyiNBSoC.dir/MIDDLEWARE/utilities/src/xy_ftl.c.o
                0x3017590c                xy_ftl_write
 .flash.text.xy_ftl_init
                0x30175a2c       0x24 CMakeFiles/xinyiNBSoC.dir/MIDDLEWARE/utilities/src/xy_ftl.c.o
                0x30175a2c                xy_ftl_init
 .flash.text.xy_chksum
                0x30175a50       0x3e CMakeFiles/xinyiNBSoC.dir/MIDDLEWARE/utilities/src/xy_utils.c.o
                0x30175a50                xy_chksum
 .flash.text.test
                0x30175a8e        0x2 CMakeFiles/xinyiNBSoC.dir/PROJECT/default/src/user_init.c.o
                0x30175a8e                test
 .flash.text.User_Startup_Init
                0x30175a90       0x38 CMakeFiles/xinyiNBSoC.dir/PROJECT/default/src/user_init.c.o
                0x30175a90                User_Startup_Init
 *(.flashtext .flashtext.*)
 .flashtext.adc.c.2134
                0x30175ac8      0x17c CMakeFiles/xinyiNBSoC.dir/DRIVERS/driverlib/src/adc.c.o
                0x30175ac8                ADC_CaliValueCaculate
 .flashtext.utc.c.942
                0x30175c44       0x2c CMakeFiles/xinyiNBSoC.dir/DRIVERS/driverlib/src/utc.c.o
                0x30175c44                clock_is_leapyear
 .flashtext.utc.c.959
                0x30175c70       0x18 CMakeFiles/xinyiNBSoC.dir/DRIVERS/driverlib/src/utc.c.o
                0x30175c70                clock_days_before_month
 .flashtext.utc.c.996
                0x30175c88       0x56 CMakeFiles/xinyiNBSoC.dir/DRIVERS/driverlib/src/utc.c.o
                0x30175c88                clock_dayoftheweek
 .flashtext.utc.c.1007
                0x30175cde       0xd4 CMakeFiles/xinyiNBSoC.dir/DRIVERS/driverlib/src/utc.c.o
                0x30175cde                clock_utc_to_calendar
 *fill*         0x30175db2        0x6 
 .flashtext.utc.c.1143
                0x30175db8       0xe4 CMakeFiles/xinyiNBSoC.dir/DRIVERS/driverlib/src/utc.c.o
                0x30175db8                xy_gmtime
 .flashtext.hal_lpuart.c.127
                0x30175e9c      0x110 CMakeFiles/xinyiNBSoC.dir/MIDDLEWARE/HAL/src/hal_lpuart.c.o
                0x30175e9c                HAL_LPUART_Init
 .flashtext.adc_adapt.c.10
                0x30175fac      0x130 CMakeFiles/xinyiNBSoC.dir/SYSAPP/system/src/adc_adapt.c.o
                0x30175fac                get_adc_caliv
 .flashtext.backup_mem.c.14
                0x301760dc       0x24 CMakeFiles/xinyiNBSoC.dir/SYSAPP/system/src/backup_mem.c.o
                0x301760dc                Transfer_Macro_AP_to_CP
 .flashtext.backup_mem.c.39
                0x30176100       0x94 CMakeFiles/xinyiNBSoC.dir/SYSAPP/system/src/backup_mem.c.o
                0x30176100                ShmFlagInit
 .flashtext.backup_mem.c.107
                0x30176194      0x128 CMakeFiles/xinyiNBSoC.dir/SYSAPP/system/src/backup_mem.c.o
                0x30176194                BakupMemInit
 .flashtext.heap_6.c.535
                0x301762bc        0xc CMakeFiles/xinyiNBSoC.dir/SYSAPP/system/src/heap_6.c.o
                0x301762bc                xPortGetFreeHeapSize
 .flashtext.heap_6.c.541
                0x301762c8        0xc CMakeFiles/xinyiNBSoC.dir/SYSAPP/system/src/heap_6.c.o
                0x301762c8                xPortGetMinimumEverFreeHeapSize
 .flashtext.heap_6.c.550
                0x301762d4        0xc CMakeFiles/xinyiNBSoC.dir/SYSAPP/system/src/heap_6.c.o
                0x301762d4                xPorGetTotalHeapSize
 .flashtext.heap_6.c.618
                0x301762e0       0xfc CMakeFiles/xinyiNBSoC.dir/SYSAPP/system/src/heap_6.c.o
                0x301762e0                vPortDefineHeapRegions
 .flashtext.heap_6.c.712
                0x301763dc       0x84 CMakeFiles/xinyiNBSoC.dir/SYSAPP/system/src/heap_6.c.o
                0x301763dc                vPortGetHeapStats
 .flashtext.heap_6.c.1060
                0x30176460       0x6c CMakeFiles/xinyiNBSoC.dir/SYSAPP/system/src/heap_6.c.o
                0x30176460                VPortDefineHeapRegions
 .flashtext.heap_6.c.1104
                0x301764cc       0xc8 CMakeFiles/xinyiNBSoC.dir/SYSAPP/system/src/heap_6.c.o
                0x301764cc                GetApHeapInfo
 .flashtext.sys_clk.c.95
                0x30176594       0x64 CMakeFiles/xinyiNBSoC.dir/SYSAPP/system/src/sys_clk.c.o
                0x30176594                Cp_HclkDivSet
 .flashtext.sys_clk.c.452
                0x301765f8       0x36 CMakeFiles/xinyiNBSoC.dir/SYSAPP/system/src/sys_clk.c.o
                0x301765f8                SystemClockDiv_Config
 .flashtext.sys_clk.c.482
                0x3017662e       0x4c CMakeFiles/xinyiNBSoC.dir/SYSAPP/system/src/sys_clk.c.o
                0x3017662e                System_Clock_CFG
 *fill*         0x3017667a        0x2 
 .flashtext.sys_mem.c.127
                0x3017667c       0x34 CMakeFiles/xinyiNBSoC.dir/SYSAPP/system/src/sys_mem.c.o
                0x3017667c                GET_FAC_FLASH_BASE
 .flashtext.sys_mem.c.136
                0x301766b0       0x4c CMakeFiles/xinyiNBSoC.dir/SYSAPP/system/src/sys_mem.c.o
                0x301766b0                fac_working_nv_check
 .flashtext.sys_proc.c.61
                0x301766fc       0x10 CMakeFiles/xinyiNBSoC.dir/SYSAPP/system/src/sys_proc.c.o
                0x301766fc                Hw_Init_By_LoadCP
 .flashtext.sys_proc.c.179
                0x3017670c       0x14 CMakeFiles/xinyiNBSoC.dir/SYSAPP/system/src/sys_proc.c.o
                0x3017670c                xy_Soft_Reset
 .flashtext.sys_rc32k.c.99
                0x30176720       0x2c CMakeFiles/xinyiNBSoC.dir/SYSAPP/system/src/sys_rc32k.c.o
                0x30176720                Insert_CaliTbl_Node
 .flashtext.sys_rc32k.c.185
                0x3017674c       0x44 CMakeFiles/xinyiNBSoC.dir/SYSAPP/system/src/sys_rc32k.c.o
                0x3017674c                reset_32KCali_flash_tbl
 .flashtext.sys_rc32k.c.205
                0x30176790       0xd4 CMakeFiles/xinyiNBSoC.dir/SYSAPP/system/src/sys_rc32k.c.o
                0x30176790                Restore_Lookup_Tbl_from_flash
 .flashtext.sys_rc32k.c.260
                0x30176864       0xb4 CMakeFiles/xinyiNBSoC.dir/SYSAPP/system/src/sys_rc32k.c.o
                0x30176864                get_freq32k_by_tempera
 .flashtext.sys_rc32k.c.296
                0x30176918       0x90 CMakeFiles/xinyiNBSoC.dir/SYSAPP/system/src/sys_rc32k.c.o
                0x30176918                get_adc_temp_quickly
 .flashtext.sys_rc32k.c.326
                0x301769a8       0x34 CMakeFiles/xinyiNBSoC.dir/SYSAPP/system/src/sys_rc32k.c.o
                0x301769a8                update_32k_freq
 .flashtext.sys_rc32k.c.347
                0x301769dc       0x88 CMakeFiles/xinyiNBSoC.dir/SYSAPP/system/src/sys_rc32k.c.o
                0x301769dc                select_32k_clk_src
 .flashtext.sys_rc32k.c.381
                0x30176a64       0x90 CMakeFiles/xinyiNBSoC.dir/SYSAPP/system/src/sys_rc32k.c.o
                0x30176a64                rc32k_lpts_calibration
 .flashtext.sys_rc32k.c.434
                0x30176af4       0x40 CMakeFiles/xinyiNBSoC.dir/SYSAPP/system/src/sys_rc32k.c.o
                0x30176af4                RC32k_Cali_Init
 .flashtext.sys_rc32k.c.450
                0x30176b34       0x60 CMakeFiles/xinyiNBSoC.dir/SYSAPP/system/src/sys_rc32k.c.o
                0x30176b34                get_golden_capsel
 .flashtext.sys_rc32k.c.486
                0x30176b94       0x28 CMakeFiles/xinyiNBSoC.dir/SYSAPP/system/src/sys_rc32k.c.o
                0x30176b94                get_golden_ref_offset
 .flashtext.sys_rc32k.c.808
                0x30176bbc       0x16 CMakeFiles/xinyiNBSoC.dir/SYSAPP/system/src/sys_rc32k.c.o
                0x30176bbc                Reset_Aon_LUT
 *fill*         0x30176bd2        0x2 
 .flashtext.sys_rc32k.c.818
                0x30176bd4      0x164 CMakeFiles/xinyiNBSoC.dir/SYSAPP/system/src/sys_rc32k.c.o
                0x30176bd4                RC32K_Cali_Failed_hook
 .flashtext.sys_rc32k.c.896
                0x30176d38       0x54 CMakeFiles/xinyiNBSoC.dir/SYSAPP/system/src/sys_rc32k.c.o
                0x30176d38                measure_32k_clk
 .flashtext.sys_rc32k.c.930
                0x30176d8c       0x64 CMakeFiles/xinyiNBSoC.dir/SYSAPP/system/src/sys_rc32k.c.o
                0x30176d8c                check_mcnt_result
 .flashtext.sys_rc32k.c.965
                0x30176df0      0x2d4 CMakeFiles/xinyiNBSoC.dir/SYSAPP/system/src/sys_rc32k.c.o
                0x30176df0                rc32k_calibration
 .flashtext.sys_rc32k.c.1175
                0x301770c4       0x84 CMakeFiles/xinyiNBSoC.dir/SYSAPP/system/src/sys_rc32k.c.o
                0x301770c4                rc32k_get_default_value
 .flashtext.sys_rc32k.c.1264
                0x30177148      0x198 CMakeFiles/xinyiNBSoC.dir/SYSAPP/system/src/sys_rc32k.c.o
                0x30177148                Do_RC32k_Cali
 .flashtext.sys_rc32k.c.1476
                0x301772e0       0xfc CMakeFiles/xinyiNBSoC.dir/SYSAPP/system/src/sys_rc32k.c.o
                0x301772e0                Platform_Trigger_RC32K_Cali
 .flashtext.sys_rc32k.c.1566
                0x301773dc      0x124 CMakeFiles/xinyiNBSoC.dir/SYSAPP/system/src/sys_rc32k.c.o
                0x301773dc                mcnt_check_for_aging
 .flashtext.sys_rc32k.c.1658
                0x30177500       0x38 CMakeFiles/xinyiNBSoC.dir/SYSAPP/system/src/sys_rc32k.c.o
                0x30177500                RC32K_cleanup_event_set
 .flashtext.sys_rc32k.c.1848
                0x30177538       0x62 CMakeFiles/xinyiNBSoC.dir/SYSAPP/system/src/sys_rc32k.c.o
                0x30177538                get_section_offset
 *fill*         0x3017759a        0x2 
 .flashtext.sys_rc32k.c.1883
                0x3017759c      0x474 CMakeFiles/xinyiNBSoC.dir/SYSAPP/system/src/sys_rc32k.c.o
                0x3017759c                init_32k_clk
 .flashtext.sys_rtc.c.41
                0x30177a10      0x100 CMakeFiles/xinyiNBSoC.dir/SYSAPP/system/src/sys_rtc.c.o
                0x30177a10                RTC_GetTime
 .flashtext.sys_rtc.c.99
                0x30177b10       0x3c CMakeFiles/xinyiNBSoC.dir/SYSAPP/system/src/sys_rtc.c.o
                0x30177b10                RTC_Get_Global_Byoffset
 .flashtext.sys_rtc.c.112
                0x30177b4c       0xcc CMakeFiles/xinyiNBSoC.dir/SYSAPP/system/src/sys_rtc.c.o
                0x30177b4c                Get_Current_UT_Time
 .flashtext.sys_rtc.c.282
                0x30177c18       0x30 CMakeFiles/xinyiNBSoC.dir/SYSAPP/system/src/sys_rtc.c.o
                0x30177c18                rtc_init_intern
 .flashtext.system.c.101
                0x30177c48       0x38 CMakeFiles/xinyiNBSoC.dir/SYSAPP/system/src/system.c.o
                0x30177c48                clk_tick_init
 .flashtext.system.c.120
                0x30177c80       0xfc CMakeFiles/xinyiNBSoC.dir/SYSAPP/system/src/system.c.o
                0x30177c80                measure_hrc_clk
 .flashtext.system.c.251
                0x30177d7c       0xb4 CMakeFiles/xinyiNBSoC.dir/SYSAPP/system/src/system.c.o
                0x30177d7c                wkup_en_init
 .flashtext.system.c.303
                0x30177e30       0x9c CMakeFiles/xinyiNBSoC.dir/SYSAPP/system/src/system.c.o
                0x30177e30                lpm_init
 .flashtext.system.c.411
                0x30177ecc       0xb4 CMakeFiles/xinyiNBSoC.dir/SYSAPP/system/src/system.c.o
                0x30177ecc                Sdk_Hardware_Init
 .flashtext.urgent_dbg_info.c.36
                0x30177f80       0xd0 CMakeFiles/xinyiNBSoC.dir/SYSAPP/system/src/urgent_dbg_info.c.o
                0x30177f80                save_up_dbg_into
 .flashtext.urgent_dbg_info.c.126
                0x30178050      0x130 CMakeFiles/xinyiNBSoC.dir/SYSAPP/system/src/urgent_dbg_info.c.o
                0x30178050                print_cp_dbg_info
 .flashtext.urgent_dbg_info.c.178
                0x30178180       0x7c CMakeFiles/xinyiNBSoC.dir/SYSAPP/system/src/urgent_dbg_info.c.o
                0x30178180                print_ver_download_info
 .flashtext.urgent_dbg_info.c.194
                0x301781fc      0x134 CMakeFiles/xinyiNBSoC.dir/SYSAPP/system/src/urgent_dbg_info.c.o
                0x301781fc                print_up_dbg_info
 .flashtext.utc_watchdog.c.16
                0x30178330       0x40 CMakeFiles/xinyiNBSoC.dir/SYSAPP/system/src/utc_watchdog.c.o
                0x30178330                UTC_WDT_Init
 .flashtext.xy_cp.c.56
                0x30178370       0x7e CMakeFiles/xinyiNBSoC.dir/SYSAPP/system/src/xy_cp.c.o
                0x30178370                CP_Jlink_Config
 *fill*         0x301783ee        0x2 
 .flashtext.xy_cp.c.87
                0x301783f0      0x178 CMakeFiles/xinyiNBSoC.dir/SYSAPP/system/src/xy_cp.c.o
                0x301783f0                Boot_CP
 .flashtext.xy_flash.c.492
                0x30178568       0x7c CMakeFiles/xinyiNBSoC.dir/SYSAPP/system/src/xy_flash.c.o
 .flashtext.xy_flash.c.316
                0x301785e4       0x78 CMakeFiles/xinyiNBSoC.dir/SYSAPP/system/src/xy_flash.c.o
                0x301785e4                send_flash_msg
 .flashtext.xy_flash.c.390
                0x3017865c       0xf8 CMakeFiles/xinyiNBSoC.dir/SYSAPP/system/src/xy_flash.c.o
                0x30178738                flash_operate_ext
 .flashtext.xy_flash.c.518
                0x30178754      0x2a8 CMakeFiles/xinyiNBSoC.dir/SYSAPP/system/src/xy_flash.c.o
                0x301789d0                dump_into_to_flash_if
 .flashtext.xy_timer.c.549
                0x301789fc       0xb4 CMakeFiles/xinyiNBSoC.dir/SYSAPP/system/src/xy_timer.c.o
                0x301789fc                Time_Init
 .flashtext.xy_timer.c.549.__stub
                0x30178ab0      0x628 linker stubs
                [!provide]                PROVIDE (_flash_rodata_start = .)
 *(.flash.rodata .flash.rodata.* .flash.constdata .flash.constdata.*)
                [!provide]                PROVIDE (_flash_rodata_end = .)
                0x301790d8                . = ALIGN (0x4)

.isr_vector     0x01000000      0x100
 FILL mask 0xff
                0x01000000                __vectors_start = ABSOLUTE (.)
 *(.isr_vector)
 .isr_vector    0x01000000      0x100 CMakeFiles/xinyiNBSoC.dir/SYSAPP/startup/src/startup_cm3.s.o
                0x01000000                g_pfnVectors
 *(.cfmconfig)
 *(.after_vectors .after_vectors.*)

.text           0x01000100     0xa765
 *(.text .text.*)
 .text.ADCCTRL_ChannelConfig
                0x01000100       0x3c CMakeFiles/xinyiNBSoC.dir/DRIVERS/driverlib/src/adc.c.o
                0x01000100                ADCCTRL_ChannelConfig
 .text.adcDataExtend
                0x0100013c       0x1a CMakeFiles/xinyiNBSoC.dir/DRIVERS/driverlib/src/adc.c.o
                0x0100013c                adcDataExtend
 *fill*         0x01000156        0x2 
 .text.ADCCTRL_ReadADCDataBlocking
                0x01000158       0x48 CMakeFiles/xinyiNBSoC.dir/DRIVERS/driverlib/src/adc.c.o
                0x01000158                ADCCTRL_ReadADCDataBlocking
 .text.ADC_Start
                0x010001a0       0x30 CMakeFiles/xinyiNBSoC.dir/DRIVERS/driverlib/src/adc.c.o
                0x010001a0                ADC_Start
 .text.ADC_Select_Vref
                0x010001d0       0x2c CMakeFiles/xinyiNBSoC.dir/DRIVERS/driverlib/src/adc.c.o
                0x010001d0                ADC_Select_Vref
 .text.ADC_bbldoEnable
                0x010001fc       0x28 CMakeFiles/xinyiNBSoC.dir/DRIVERS/driverlib/src/adc.c.o
                0x010001fc                ADC_bbldoEnable
 .text.ADC_CalcDivn_By_AdcClk
                0x01000224      0x27c CMakeFiles/xinyiNBSoC.dir/DRIVERS/driverlib/src/adc.c.o
                0x01000224                ADC_CalcDivn_By_AdcClk
 .text.ADC_SigleModeInit
                0x010004a0       0xdc CMakeFiles/xinyiNBSoC.dir/DRIVERS/driverlib/src/adc.c.o
                0x010004a0                ADC_SigleModeInit
 .text.ADC_ADCDataCaliWtihNV
                0x0100057c       0x78 CMakeFiles/xinyiNBSoC.dir/DRIVERS/driverlib/src/adc.c.o
                0x0100057c                ADC_ADCDataCaliWtihNV
 .text.ADC_SingleModeDeInit
                0x010005f4       0x40 CMakeFiles/xinyiNBSoC.dir/DRIVERS/driverlib/src/adc.c.o
                0x010005f4                ADC_SingleModeDeInit
 .text.ADC_ReadData
                0x01000634       0xd8 CMakeFiles/xinyiNBSoC.dir/DRIVERS/driverlib/src/adc.c.o
                0x01000634                ADC_ReadData
 .text.get_adc_value_quickly
                0x0100070c       0x28 CMakeFiles/xinyiNBSoC.dir/DRIVERS/driverlib/src/adc.c.o
                0x0100070c                get_adc_value_quickly
 .text.ADC_recover_init
                0x01000734       0x28 CMakeFiles/xinyiNBSoC.dir/DRIVERS/driverlib/src/adc.c.o
                0x01000734                ADC_recover_init
 .text.CacheInit_Ext
                0x0100075c       0x1c CMakeFiles/xinyiNBSoC.dir/DRIVERS/driverlib/src/cache.c.o
                0x0100075c                CacheInit_Ext
 .text.REG_Bus_Field_Set
                0x01000778       0xec CMakeFiles/xinyiNBSoC.dir/DRIVERS/driverlib/src/common.c.o
                0x01000778                REG_Bus_Field_Set
 .text.delay_func_init
                0x01000864       0x20 CMakeFiles/xinyiNBSoC.dir/DRIVERS/driverlib/src/common.c.o
                0x01000864                delay_func_init
 .text.delay_func_us
                0x01000884       0x20 CMakeFiles/xinyiNBSoC.dir/DRIVERS/driverlib/src/common.c.o
                0x01000884                delay_func_us
 .text.DMAChannelConfigure
                0x010008a4       0x1c CMakeFiles/xinyiNBSoC.dir/DRIVERS/driverlib/src/dma.c.o
                0x010008a4                DMAChannelConfigure
 .text.DMAChannelTransferStart
                0x010008c0       0x24 CMakeFiles/xinyiNBSoC.dir/DRIVERS/driverlib/src/dma.c.o
                0x010008c0                DMAChannelTransferStart
 .text.DMAChannelGetStartStatus
                0x010008e4       0x20 CMakeFiles/xinyiNBSoC.dir/DRIVERS/driverlib/src/dma.c.o
                0x010008e4                DMAChannelGetStartStatus
 .text.DMAChannelTransferSet
                0x01000904       0xb8 CMakeFiles/xinyiNBSoC.dir/DRIVERS/driverlib/src/dma.c.o
                0x01000904                DMAChannelTransferSet
 .text.DMAChannelTransferRemainCNT
                0x010009bc       0x1c CMakeFiles/xinyiNBSoC.dir/DRIVERS/driverlib/src/dma.c.o
                0x010009bc                DMAChannelTransferRemainCNT
 .text.DMAIntClear
                0x010009d8       0x20 CMakeFiles/xinyiNBSoC.dir/DRIVERS/driverlib/src/dma.c.o
                0x010009d8                DMAIntClear
 .text.DMAChannelWaitIdle
                0x010009f8       0x30 CMakeFiles/xinyiNBSoC.dir/DRIVERS/driverlib/src/dma.c.o
                0x010009f8                DMAChannelWaitIdle
 .text.DMAChannelTransfer_ForFlash
                0x01000a28      0x154 CMakeFiles/xinyiNBSoC.dir/DRIVERS/driverlib/src/flash_vendor.c.o
                0x01000a28                DMAChannelTransfer_ForFlash
 .text.flash_vendor_delay
                0x01000b7c       0x16 CMakeFiles/xinyiNBSoC.dir/DRIVERS/driverlib/src/flash_vendor.c.o
                0x01000b7c                flash_vendor_delay
 *fill*         0x01000b92        0x2 
 .text.FLASH_Init
                0x01000b94       0x90 CMakeFiles/xinyiNBSoC.dir/DRIVERS/driverlib/src/flash_vendor.c.o
                0x01000b94                FLASH_Init
 .text.FLASH_ReadStatusRegIdx
                0x01000c24       0x36 CMakeFiles/xinyiNBSoC.dir/DRIVERS/driverlib/src/flash_vendor.c.o
                0x01000c24                FLASH_ReadStatusRegIdx
 .text.FLASH_WriteEnable
                0x01000c5a       0x42 CMakeFiles/xinyiNBSoC.dir/DRIVERS/driverlib/src/flash_vendor.c.o
                0x01000c5a                FLASH_WriteEnable
 .text.FLASH_WriteStatusReg
                0x01000c9c       0x28 CMakeFiles/xinyiNBSoC.dir/DRIVERS/driverlib/src/flash_vendor.c.o
                0x01000c9c                FLASH_WriteStatusReg
 .text.FLASH_WriteStatusRegIdx
                0x01000cc4       0x38 CMakeFiles/xinyiNBSoC.dir/DRIVERS/driverlib/src/flash_vendor.c.o
                0x01000cc4                FLASH_WriteStatusRegIdx
 .text.FLASH_SectorErase
                0x01000cfc       0x2c CMakeFiles/xinyiNBSoC.dir/DRIVERS/driverlib/src/flash_vendor.c.o
                0x01000cfc                FLASH_SectorErase
 .text.FLASH_WriteData
                0x01000d28       0xb4 CMakeFiles/xinyiNBSoC.dir/DRIVERS/driverlib/src/flash_vendor.c.o
                0x01000d28                FLASH_WriteData
 .text.FLASH_ReadData
                0x01000ddc       0xa8 CMakeFiles/xinyiNBSoC.dir/DRIVERS/driverlib/src/flash_vendor.c.o
                0x01000ddc                FLASH_ReadData
 .text.FLASH_WaitIdle
                0x01000e84       0x2c CMakeFiles/xinyiNBSoC.dir/DRIVERS/driverlib/src/flash_vendor.c.o
                0x01000e84                FLASH_WaitIdle
 .text.FLASH_ExitXIPMode
                0x01000eb0       0x4c CMakeFiles/xinyiNBSoC.dir/DRIVERS/driverlib/src/flash_vendor.c.o
                0x01000eb0                FLASH_ExitXIPMode
 .text.FLASH_SetReadMode
                0x01000efc        0x4 CMakeFiles/xinyiNBSoC.dir/DRIVERS/driverlib/src/flash_vendor.c.o
                0x01000efc                FLASH_SetReadMode
 .text.FLASH_SetWriteMode
                0x01000f00        0x4 CMakeFiles/xinyiNBSoC.dir/DRIVERS/driverlib/src/flash_vendor.c.o
                0x01000f00                FLASH_SetWriteMode
 .text.FLASH_GetDeviceID
                0x01000f04       0x3a CMakeFiles/xinyiNBSoC.dir/DRIVERS/driverlib/src/flash_vendor.c.o
                0x01000f04                FLASH_GetDeviceID
 *fill*         0x01000f3e        0x2 
 .text.FLASH_SetProtectMode
                0x01000f40       0xd8 CMakeFiles/xinyiNBSoC.dir/DRIVERS/driverlib/src/flash_vendor.c.o
                0x01000f40                FLASH_SetProtectMode
 .text.FLASH_EnableQEFlag
                0x01001018       0x40 CMakeFiles/xinyiNBSoC.dir/DRIVERS/driverlib/src/flash_vendor.c.o
                0x01001018                FLASH_EnableQEFlag
 .text.FLASH_LowPowerEnter
                0x01001058       0x1e CMakeFiles/xinyiNBSoC.dir/DRIVERS/driverlib/src/flash_vendor.c.o
                0x01001058                FLASH_LowPowerEnter
 .text.FLASH_LowPowerExit
                0x01001076       0x1e CMakeFiles/xinyiNBSoC.dir/DRIVERS/driverlib/src/flash_vendor.c.o
                0x01001076                FLASH_LowPowerExit
 .text.FLASH_isXIPMode
                0x01001094       0x10 CMakeFiles/xinyiNBSoC.dir/DRIVERS/driverlib/src/flash_vendor.c.o
                0x01001094                FLASH_isXIPMode
 .text.Flash_Poweron_Delay
                0x010010a4       0x78 CMakeFiles/xinyiNBSoC.dir/DRIVERS/driverlib/src/flash_vendor.c.o
                0x010010a4                Flash_Poweron_Delay
 .text.Flash_Poweroff
                0x0100111c        0x4 CMakeFiles/xinyiNBSoC.dir/DRIVERS/driverlib/src/flash_vendor.c.o
                0x0100111c                Flash_Poweroff
 .text.GPIO_GetWritePin
                0x01001120       0x2c CMakeFiles/xinyiNBSoC.dir/DRIVERS/driverlib/src/gpio.c.o
 .text.GPIO_RemoveAllocate
                0x0100114c       0x2a CMakeFiles/xinyiNBSoC.dir/DRIVERS/driverlib/src/gpio.c.o
                0x0100114c                GPIO_RemoveAllocate
 *fill*         0x01001176        0x2 
 .text.GPIO_Init
                0x01001178      0x274 CMakeFiles/xinyiNBSoC.dir/DRIVERS/driverlib/src/gpio.c.o
                0x01001178                GPIO_Init
 .text.GPIO_SetPull
                0x010013ec       0x6e CMakeFiles/xinyiNBSoC.dir/DRIVERS/driverlib/src/gpio.c.o
                0x010013ec                GPIO_SetPull
 .text.GPIO_AllocateRemove
                0x0100145a       0x64 CMakeFiles/xinyiNBSoC.dir/DRIVERS/driverlib/src/gpio.c.o
                0x0100145a                GPIO_AllocateRemove
 .text.GPIO_WritePin
                0x010014be       0x30 CMakeFiles/xinyiNBSoC.dir/DRIVERS/driverlib/src/gpio.c.o
                0x010014be                GPIO_WritePin
 *fill*         0x010014ee        0x2 
 .text.GPIO_Read_InOutPin
                0x010014f0       0x40 CMakeFiles/xinyiNBSoC.dir/DRIVERS/driverlib/src/gpio.c.o
                0x010014f0                GPIO_Read_InOutPin
 .text.GPIO_InputPeriSelect
                0x01001530       0x10 CMakeFiles/xinyiNBSoC.dir/DRIVERS/driverlib/src/gpio.c.o
                0x01001530                GPIO_InputPeriSelect
 .text.GPIO_InputPeriSelectCmd
                0x01001540       0x34 CMakeFiles/xinyiNBSoC.dir/DRIVERS/driverlib/src/gpio.c.o
                0x01001540                GPIO_InputPeriSelectCmd
 .text.Gpio_LeakCurrentEnable
                0x01001574       0x4c CMakeFiles/xinyiNBSoC.dir/DRIVERS/driverlib/src/gpio.c.o
                0x01001574                Gpio_LeakCurrentEnable
 .text.Gpio_LeakCurrentDisable
                0x010015c0       0x44 CMakeFiles/xinyiNBSoC.dir/DRIVERS/driverlib/src/gpio.c.o
                0x010015c0                Gpio_LeakCurrentDisable
 .text.IntEnable
                0x01001604       0x6c CMakeFiles/xinyiNBSoC.dir/DRIVERS/driverlib/src/interrupt.c.o
                0x01001604                IntEnable
 .text.MCNT_Start
                0x01001670        0xc CMakeFiles/xinyiNBSoC.dir/DRIVERS/driverlib/src/mcnt.c.o
                0x01001670                MCNT_Start
 .text.MCNT_Stop
                0x0100167c        0xc CMakeFiles/xinyiNBSoC.dir/DRIVERS/driverlib/src/mcnt.c.o
                0x0100167c                MCNT_Stop
 .text.MCNT_SetCNT32k
                0x01001688        0xc CMakeFiles/xinyiNBSoC.dir/DRIVERS/driverlib/src/mcnt.c.o
                0x01001688                MCNT_SetCNT32k
 .text.MCNT_GetMCNT
                0x01001694        0xc CMakeFiles/xinyiNBSoC.dir/DRIVERS/driverlib/src/mcnt.c.o
                0x01001694                MCNT_GetMCNT
 .text.MCNT_SetClkSrc
                0x010016a0        0xc CMakeFiles/xinyiNBSoC.dir/DRIVERS/driverlib/src/mcnt.c.o
                0x010016a0                MCNT_SetClkSrc
 .text.MCNT_SelectMeasureClk
                0x010016ac       0x16 CMakeFiles/xinyiNBSoC.dir/DRIVERS/driverlib/src/mcnt.c.o
                0x010016ac                MCNT_SelectMeasureClk
 .text.MCNT_GetMeasureClk
                0x010016c2        0xc CMakeFiles/xinyiNBSoC.dir/DRIVERS/driverlib/src/mcnt.c.o
                0x010016c2                MCNT_GetMeasureClk
 .text.prcm_delay
                0x010016ce       0x16 CMakeFiles/xinyiNBSoC.dir/DRIVERS/driverlib/src/prcm.c.o
                0x010016ce                prcm_delay
 .text.BBPLL_Cal_On
                0x010016e4       0x12 CMakeFiles/xinyiNBSoC.dir/DRIVERS/driverlib/src/prcm.c.o
                0x010016e4                BBPLL_Cal_On
 .text.BBPLL_Cal_Off
                0x010016f6       0x12 CMakeFiles/xinyiNBSoC.dir/DRIVERS/driverlib/src/prcm.c.o
                0x010016f6                BBPLL_Cal_Off
 .text.BBPLL_Lock_Status_Get
                0x01001708        0xe CMakeFiles/xinyiNBSoC.dir/DRIVERS/driverlib/src/prcm.c.o
                0x01001708                BBPLL_Lock_Status_Get
 *fill*         0x01001716        0x2 
 .text.BBPLL_Freq_Set
                0x01001718       0x7c CMakeFiles/xinyiNBSoC.dir/DRIVERS/driverlib/src/prcm.c.o
                0x01001718                BBPLL_Freq_Set
 .text.START_PLL
                0x01001794       0x68 CMakeFiles/xinyiNBSoC.dir/DRIVERS/driverlib/src/prcm.c.o
                0x01001794                START_PLL
 .text.SIDO_NORMAL_INIT
                0x010017fc      0x164 CMakeFiles/xinyiNBSoC.dir/DRIVERS/driverlib/src/prcm.c.o
                0x010017fc                SIDO_NORMAL_INIT
 .text.SIDO_LPMODE
                0x01001960       0x7e CMakeFiles/xinyiNBSoC.dir/DRIVERS/driverlib/src/prcm.c.o
                0x01001960                SIDO_LPMODE
 *fill*         0x010019de        0x2 
 .text.AON_CP_Memory_Remap_Enable
                0x010019e0       0x10 CMakeFiles/xinyiNBSoC.dir/DRIVERS/driverlib/src/prcm.c.o
                0x010019e0                AON_CP_Memory_Remap_Enable
 .text.AON_CP_Core_Release
                0x010019f0       0x10 CMakeFiles/xinyiNBSoC.dir/DRIVERS/driverlib/src/prcm.c.o
                0x010019f0                AON_CP_Core_Release
 .text.AON_CP_Core_Hold
                0x01001a00       0x2c CMakeFiles/xinyiNBSoC.dir/DRIVERS/driverlib/src/prcm.c.o
                0x01001a00                AON_CP_Core_Hold
 .text.ApIntWakeupEnable
                0x01001a2c       0x10 CMakeFiles/xinyiNBSoC.dir/DRIVERS/driverlib/src/prcm.c.o
                0x01001a2c                ApIntWakeupEnable
 .text.CpIntWakeupEnable
                0x01001a3c       0x10 CMakeFiles/xinyiNBSoC.dir/DRIVERS/driverlib/src/prcm.c.o
                0x01001a3c                CpIntWakeupEnable
 .text.CpIntWakeupDisable
                0x01001a4c       0x10 CMakeFiles/xinyiNBSoC.dir/DRIVERS/driverlib/src/prcm.c.o
                0x01001a4c                CpIntWakeupDisable
 .text.AP_CP_int_wakeup
                0x01001a5c       0x10 CMakeFiles/xinyiNBSoC.dir/DRIVERS/driverlib/src/prcm.c.o
                0x01001a5c                AP_CP_int_wakeup
 .text.CP_AP_int_clear
                0x01001a6c       0x10 CMakeFiles/xinyiNBSoC.dir/DRIVERS/driverlib/src/prcm.c.o
                0x01001a6c                CP_AP_int_clear
 .text.PRCM_SocReset
                0x01001a7c        0xe CMakeFiles/xinyiNBSoC.dir/DRIVERS/driverlib/src/prcm.c.o
                0x01001a7c                PRCM_SocReset
 .text.PRCM_SysclkSrcSelect
                0x01001a8a       0x10 CMakeFiles/xinyiNBSoC.dir/DRIVERS/driverlib/src/prcm.c.o
                0x01001a8a                PRCM_SysclkSrcSelect
 .text.PRCM_SysclkSrcGet
                0x01001a9a       0x3e CMakeFiles/xinyiNBSoC.dir/DRIVERS/driverlib/src/prcm.c.o
                0x01001a9a                PRCM_SysclkSrcGet
 .text.PRCM_LSioclkSrcSelect
                0x01001ad8       0x12 CMakeFiles/xinyiNBSoC.dir/DRIVERS/driverlib/src/prcm.c.o
                0x01001ad8                PRCM_LSioclkSrcSelect
 .text.PRCM_LSioclkSrcGet
                0x01001aea       0x1c CMakeFiles/xinyiNBSoC.dir/DRIVERS/driverlib/src/prcm.c.o
                0x01001aea                PRCM_LSioclkSrcGet
 .text.SIDO_NORMAL
                0x01001b06       0xc0 CMakeFiles/xinyiNBSoC.dir/DRIVERS/driverlib/src/prcm.c.o
                0x01001b06                SIDO_NORMAL
 .text.PRCM_SlowfreqDivEnable
                0x01001bc6        0xe CMakeFiles/xinyiNBSoC.dir/DRIVERS/driverlib/src/prcm.c.o
                0x01001bc6                PRCM_SlowfreqDivEnable
 .text.PRCM_SlowfreqDivDisable
                0x01001bd4        0xe CMakeFiles/xinyiNBSoC.dir/DRIVERS/driverlib/src/prcm.c.o
                0x01001bd4                PRCM_SlowfreqDivDisable
 .text.PRCM_AphclkDivSet
                0x01001be2       0x10 CMakeFiles/xinyiNBSoC.dir/DRIVERS/driverlib/src/prcm.c.o
                0x01001be2                PRCM_AphclkDivSet
 .text.PRCM_CphclkDivSet
                0x01001bf2       0x10 CMakeFiles/xinyiNBSoC.dir/DRIVERS/driverlib/src/prcm.c.o
                0x01001bf2                PRCM_CphclkDivSet
 .text.PRCM_Peri1pclkDivSet
                0x01001c02       0x10 CMakeFiles/xinyiNBSoC.dir/DRIVERS/driverlib/src/prcm.c.o
                0x01001c02                PRCM_Peri1pclkDivSet
 .text.PRCM_Peri2pclkDivSet
                0x01001c12       0x10 CMakeFiles/xinyiNBSoC.dir/DRIVERS/driverlib/src/prcm.c.o
                0x01001c12                PRCM_Peri2pclkDivSet
 .text.PRCM_LPUA1_ClkSet
                0x01001c22       0x18 CMakeFiles/xinyiNBSoC.dir/DRIVERS/driverlib/src/prcm.c.o
                0x01001c22                PRCM_LPUA1_ClkSet
 .text.PRCM_LPUA1_ClkSet_by_BaudRate
                0x01001c3a       0x1e CMakeFiles/xinyiNBSoC.dir/DRIVERS/driverlib/src/prcm.c.o
                0x01001c3a                PRCM_LPUA1_ClkSet_by_BaudRate
 .text.PRCM_LPUA1_PadSel
                0x01001c58       0x14 CMakeFiles/xinyiNBSoC.dir/DRIVERS/driverlib/src/prcm.c.o
                0x01001c58                PRCM_LPUA1_PadSel
 .text.PRCM_ClockEnable
                0x01001c6c       0x9e CMakeFiles/xinyiNBSoC.dir/DRIVERS/driverlib/src/prcm.c.o
                0x01001c6c                PRCM_ClockEnable
 *fill*         0x01001d0a        0x2 
 .text.PRCM_ClockDisable
                0x01001d0c       0xc0 CMakeFiles/xinyiNBSoC.dir/DRIVERS/driverlib/src/prcm.c.o
                0x01001d0c                PRCM_ClockDisable
 .text.PRCM_ApIntWakeupEnable
                0x01001dcc        0x4 CMakeFiles/xinyiNBSoC.dir/DRIVERS/driverlib/src/prcm.c.o
                0x01001dcc                PRCM_ApIntWakeupEnable
 .text.PRCM_CpIntWakeupEnable
                0x01001dd0        0x4 CMakeFiles/xinyiNBSoC.dir/DRIVERS/driverlib/src/prcm.c.o
                0x01001dd0                PRCM_CpIntWakeupEnable
 .text.PRCM_CpIntWakeupDisable
                0x01001dd4        0x4 CMakeFiles/xinyiNBSoC.dir/DRIVERS/driverlib/src/prcm.c.o
                0x01001dd4                PRCM_CpIntWakeupDisable
 .text.PRCM_ApCpIntWkupTrigger
                0x01001dd8        0x4 CMakeFiles/xinyiNBSoC.dir/DRIVERS/driverlib/src/prcm.c.o
                0x01001dd8                PRCM_ApCpIntWkupTrigger
 .text.PRCM_CpApIntWkupGet
                0x01001ddc       0x10 CMakeFiles/xinyiNBSoC.dir/DRIVERS/driverlib/src/prcm.c.o
                0x01001ddc                PRCM_CpApIntWkupGet
 .text.PRCM_CpApIntWkupClear
                0x01001dec        0x4 CMakeFiles/xinyiNBSoC.dir/DRIVERS/driverlib/src/prcm.c.o
                0x01001dec                PRCM_CpApIntWkupClear
 .text.PRCM_AonWkupSourceEnable
                0x01001df0       0x44 CMakeFiles/xinyiNBSoC.dir/DRIVERS/driverlib/src/prcm.c.o
                0x01001df0                PRCM_AonWkupSourceEnable
 .text.PRCM_AonWkupSourceDisable
                0x01001e34       0x48 CMakeFiles/xinyiNBSoC.dir/DRIVERS/driverlib/src/prcm.c.o
                0x01001e34                PRCM_AonWkupSourceDisable
 .text.PRCM_SramPowerModeSet
                0x01001e7c      0x130 CMakeFiles/xinyiNBSoC.dir/DRIVERS/driverlib/src/prcm.c.o
                0x01001e7c                PRCM_SramPowerModeSet
 .text.PRCM_SramRetentionEnable
                0x01001fac       0x34 CMakeFiles/xinyiNBSoC.dir/DRIVERS/driverlib/src/prcm.c.o
                0x01001fac                PRCM_SramRetentionEnable
 .text.PRCM_SramRetentionDisable
                0x01001fe0       0x34 CMakeFiles/xinyiNBSoC.dir/DRIVERS/driverlib/src/prcm.c.o
                0x01001fe0                PRCM_SramRetentionDisable
 .text.PRCM_SlectXtal32k
                0x01002014       0x2c CMakeFiles/xinyiNBSoC.dir/DRIVERS/driverlib/src/prcm.c.o
                0x01002014                PRCM_SlectXtal32k
 .text.PRCM_SlectRc32k
                0x01002040       0x38 CMakeFiles/xinyiNBSoC.dir/DRIVERS/driverlib/src/prcm.c.o
                0x01002040                PRCM_SlectRc32k
 .text.Prcm_PowerUpXtal32k
                0x01002078        0xe CMakeFiles/xinyiNBSoC.dir/DRIVERS/driverlib/src/prcm.c.o
                0x01002078                Prcm_PowerUpXtal32k
 .text.Prcm_GetXtal32kRdy
                0x01002086        0xc CMakeFiles/xinyiNBSoC.dir/DRIVERS/driverlib/src/prcm.c.o
                0x01002086                Prcm_GetXtal32kRdy
 *fill*         0x01002092        0x2 
 .text.PRCM_SetRetldoVol
                0x01002094       0x14 CMakeFiles/xinyiNBSoC.dir/DRIVERS/driverlib/src/prcm.c.o
                0x01002094                PRCM_SetRetldoVol
 .text.PRCM_PowerOnRetldo
                0x010020a8        0xe CMakeFiles/xinyiNBSoC.dir/DRIVERS/driverlib/src/prcm.c.o
                0x010020a8                PRCM_PowerOnRetldo
 .text.PRCM_PowerOffRetldo
                0x010020b6        0xe CMakeFiles/xinyiNBSoC.dir/DRIVERS/driverlib/src/prcm.c.o
                0x010020b6                PRCM_PowerOffRetldo
 .text.PRCM_SetWkupAonDly
                0x010020c4       0x34 CMakeFiles/xinyiNBSoC.dir/DRIVERS/driverlib/src/prcm.c.o
                0x010020c4                PRCM_SetWkupAonDly
 .text.PRCM_LPM_ApReqLpMode
                0x010020f8       0x10 CMakeFiles/xinyiNBSoC.dir/DRIVERS/driverlib/src/prcm.c.o
                0x010020f8                PRCM_LPM_ApReqLpMode
 .text.EXPIN_WkupResetConfig
                0x01002108       0x32 CMakeFiles/xinyiNBSoC.dir/DRIVERS/driverlib/src/prcm.c.o
                0x01002108                EXPIN_WkupResetConfig
 .text.EXPIN_WkupResetEnable
                0x0100213a       0x1a CMakeFiles/xinyiNBSoC.dir/DRIVERS/driverlib/src/prcm.c.o
                0x0100213a                EXPIN_WkupResetEnable
 .text.EXPIN_ResetEnable
                0x01002154       0x1a CMakeFiles/xinyiNBSoC.dir/DRIVERS/driverlib/src/prcm.c.o
                0x01002154                EXPIN_ResetEnable
 .text.EXPIN_WkupEnable
                0x0100216e       0x1a CMakeFiles/xinyiNBSoC.dir/DRIVERS/driverlib/src/prcm.c.o
                0x0100216e                EXPIN_WkupEnable
 .text.EXPIN_PullSet
                0x01002188       0x18 CMakeFiles/xinyiNBSoC.dir/DRIVERS/driverlib/src/prcm.c.o
                0x01002188                EXPIN_PullSet
 .text.AGPI_WakeupConfig
                0x010021a0       0x34 CMakeFiles/xinyiNBSoC.dir/DRIVERS/driverlib/src/prcm.c.o
                0x010021a0                AGPI_WakeupConfig
 .text.AGPI_WakeupEnable
                0x010021d4       0x12 CMakeFiles/xinyiNBSoC.dir/DRIVERS/driverlib/src/prcm.c.o
                0x010021d4                AGPI_WakeupEnable
 .text.AGPI_WakeupDisable
                0x010021e6       0x14 CMakeFiles/xinyiNBSoC.dir/DRIVERS/driverlib/src/prcm.c.o
                0x010021e6                AGPI_WakeupDisable
 *fill*         0x010021fa        0x2 
 .text.AGPIO_InputEnable
                0x010021fc       0x18 CMakeFiles/xinyiNBSoC.dir/DRIVERS/driverlib/src/prcm.c.o
                0x010021fc                AGPIO_InputEnable
 .text.AGPIO_InputDisable
                0x01002214       0x18 CMakeFiles/xinyiNBSoC.dir/DRIVERS/driverlib/src/prcm.c.o
                0x01002214                AGPIO_InputDisable
 .text.AGPIO_OutputEnable
                0x0100222c       0x18 CMakeFiles/xinyiNBSoC.dir/DRIVERS/driverlib/src/prcm.c.o
                0x0100222c                AGPIO_OutputEnable
 .text.AGPIO_OutputDisable
                0x01002244       0x18 CMakeFiles/xinyiNBSoC.dir/DRIVERS/driverlib/src/prcm.c.o
                0x01002244                AGPIO_OutputDisable
 .text.AGPIO_ReadPin
                0x0100225c       0x34 CMakeFiles/xinyiNBSoC.dir/DRIVERS/driverlib/src/prcm.c.o
                0x0100225c                AGPIO_ReadPin
 .text.AGPIO_PullupEnable
                0x01002290       0x18 CMakeFiles/xinyiNBSoC.dir/DRIVERS/driverlib/src/prcm.c.o
                0x01002290                AGPIO_PullupEnable
 .text.AGPIO_PullupDisable
                0x010022a8       0x18 CMakeFiles/xinyiNBSoC.dir/DRIVERS/driverlib/src/prcm.c.o
                0x010022a8                AGPIO_PullupDisable
 .text.AGPIO_PulldownEnable
                0x010022c0       0x18 CMakeFiles/xinyiNBSoC.dir/DRIVERS/driverlib/src/prcm.c.o
                0x010022c0                AGPIO_PulldownEnable
 .text.AGPIO_PulldownDisable
                0x010022d8       0x18 CMakeFiles/xinyiNBSoC.dir/DRIVERS/driverlib/src/prcm.c.o
                0x010022d8                AGPIO_PulldownDisable
 .text.AGPIO_Set
                0x010022f0       0x18 CMakeFiles/xinyiNBSoC.dir/DRIVERS/driverlib/src/prcm.c.o
                0x010022f0                AGPIO_Set
 .text.AGPIO_Clear
                0x01002308       0x18 CMakeFiles/xinyiNBSoC.dir/DRIVERS/driverlib/src/prcm.c.o
                0x01002308                AGPIO_Clear
 .text.AGPIO_GPIO0_7_Update
                0x01002320        0xc CMakeFiles/xinyiNBSoC.dir/DRIVERS/driverlib/src/prcm.c.o
                0x01002320                AGPIO_GPIO0_7_Update
 .text.GPI_WakeupConfig
                0x0100232c       0x3a CMakeFiles/xinyiNBSoC.dir/DRIVERS/driverlib/src/prcm.c.o
                0x0100232c                GPI_WakeupConfig
 .text.GPI_WakeupEnable
                0x01002366       0x12 CMakeFiles/xinyiNBSoC.dir/DRIVERS/driverlib/src/prcm.c.o
                0x01002366                GPI_WakeupEnable
 .text.GPI_WakeupDisable
                0x01002378       0x14 CMakeFiles/xinyiNBSoC.dir/DRIVERS/driverlib/src/prcm.c.o
                0x01002378                GPI_WakeupDisable
 .text.PRCM_LPUA_PWR_Ctl
                0x0100238c       0x1e CMakeFiles/xinyiNBSoC.dir/DRIVERS/driverlib/src/prcm.c.o
                0x0100238c                PRCM_LPUA_PWR_Ctl
 *fill*         0x010023aa        0x2 
 .text.PRCM_Check_Utccnt_Timeout
                0x010023ac       0x28 CMakeFiles/xinyiNBSoC.dir/DRIVERS/driverlib/src/prcm.c.o
                0x010023ac                PRCM_Check_Utccnt_Timeout
 .text.PRCM_IOLDO1_ModeCtl
                0x010023d4       0xc4 CMakeFiles/xinyiNBSoC.dir/DRIVERS/driverlib/src/prcm.c.o
                0x010023d4                PRCM_IOLDO1_ModeCtl
 .text.PRCM_IOLDO2_ModeCtl
                0x01002498       0xc0 CMakeFiles/xinyiNBSoC.dir/DRIVERS/driverlib/src/prcm.c.o
                0x01002498                PRCM_IOLDO2_ModeCtl
 .text.PRCM_FLASH_VCC_Off
                0x01002558       0x22 CMakeFiles/xinyiNBSoC.dir/DRIVERS/driverlib/src/prcm.c.o
                0x01002558                PRCM_FLASH_VCC_Off
 .text.PRCM_FLASH_VCC_On
                0x0100257a       0x22 CMakeFiles/xinyiNBSoC.dir/DRIVERS/driverlib/src/prcm.c.o
                0x0100257a                PRCM_FLASH_VCC_On
 .text.PRCM_IOLDO1_IsActiveFlag_3V
                0x0100259c        0xe CMakeFiles/xinyiNBSoC.dir/DRIVERS/driverlib/src/prcm.c.o
                0x0100259c                PRCM_IOLDO1_IsActiveFlag_3V
 *fill*         0x010025aa        0x2 
 .text.Simvcc_Poweroff
                0x010025ac       0x34 CMakeFiles/xinyiNBSoC.dir/DRIVERS/driverlib/src/prcm.c.o
                0x010025ac                Simvcc_Poweroff
 .text.PRCM_ForceCPOff_Disable
                0x010025e0       0x2e CMakeFiles/xinyiNBSoC.dir/DRIVERS/driverlib/src/prcm.c.o
                0x010025e0                PRCM_ForceCPOff_Disable
 .text.qspi_memcpy
                0x0100260e       0x16 CMakeFiles/xinyiNBSoC.dir/DRIVERS/driverlib/src/qspi_flash.c.o
                0x0100260e                qspi_memcpy
 .text.qspi_apb_controller_enable
                0x01002624       0x10 CMakeFiles/xinyiNBSoC.dir/DRIVERS/driverlib/src/qspi_flash.c.o
                0x01002624                qspi_apb_controller_enable
 .text.qspi_apb_controller_disable
                0x01002634       0x10 CMakeFiles/xinyiNBSoC.dir/DRIVERS/driverlib/src/qspi_flash.c.o
                0x01002634                qspi_apb_controller_disable
 .text.qspi_wait_idle
                0x01002644       0x10 CMakeFiles/xinyiNBSoC.dir/DRIVERS/driverlib/src/qspi_flash.c.o
                0x01002644                qspi_wait_idle
 .text.qspi_rbuf_wait_idle
                0x01002654       0x10 CMakeFiles/xinyiNBSoC.dir/DRIVERS/driverlib/src/qspi_flash.c.o
                0x01002654                qspi_rbuf_wait_idle
 .text.qspi_wbuf_wait_idle
                0x01002664       0x10 CMakeFiles/xinyiNBSoC.dir/DRIVERS/driverlib/src/qspi_flash.c.o
                0x01002664                qspi_wbuf_wait_idle
 .text.qspi_wait_writeburst_done
                0x01002674       0x18 CMakeFiles/xinyiNBSoC.dir/DRIVERS/driverlib/src/qspi_flash.c.o
                0x01002674                qspi_wait_writeburst_done
 .text.qspi_apb_config_baudrate_div
                0x0100268c       0x34 CMakeFiles/xinyiNBSoC.dir/DRIVERS/driverlib/src/qspi_flash.c.o
                0x0100268c                qspi_apb_config_baudrate_div
 .text.qspi_apb_controller_init
                0x010026c0       0x44 CMakeFiles/xinyiNBSoC.dir/DRIVERS/driverlib/src/qspi_flash.c.o
                0x010026c0                qspi_apb_controller_init
 .text.qspi_apb_exec_flash_cmd
                0x01002704       0x20 CMakeFiles/xinyiNBSoC.dir/DRIVERS/driverlib/src/qspi_flash.c.o
                0x01002704                qspi_apb_exec_flash_cmd
 .text.qspi_apb_command_read
                0x01002724       0x6c CMakeFiles/xinyiNBSoC.dir/DRIVERS/driverlib/src/qspi_flash.c.o
                0x01002724                qspi_apb_command_read
 .text.qspi_apb_command_write
                0x01002790       0xa8 CMakeFiles/xinyiNBSoC.dir/DRIVERS/driverlib/src/qspi_flash.c.o
                0x01002790                qspi_apb_command_write
 .text.qspi_apb_indirect_enable
                0x01002838        0xc CMakeFiles/xinyiNBSoC.dir/DRIVERS/driverlib/src/qspi_flash.c.o
                0x01002838                qspi_apb_indirect_enable
 .text.qspi_apb_indirect_disable
                0x01002844        0xc CMakeFiles/xinyiNBSoC.dir/DRIVERS/driverlib/src/qspi_flash.c.o
                0x01002844                qspi_apb_indirect_disable
 .text.qspi_apb_indirect_write
                0x01002850       0x30 CMakeFiles/xinyiNBSoC.dir/DRIVERS/driverlib/src/qspi_flash.c.o
                0x01002850                qspi_apb_indirect_write
 .text.qspi_apb_indirect_read
                0x01002880       0x30 CMakeFiles/xinyiNBSoC.dir/DRIVERS/driverlib/src/qspi_flash.c.o
                0x01002880                qspi_apb_indirect_read
 .text.qspi_apb_set_read_instruction
                0x010028b0        0xc CMakeFiles/xinyiNBSoC.dir/DRIVERS/driverlib/src/qspi_flash.c.o
                0x010028b0                qspi_apb_set_read_instruction
 .text.qspi_apb_set_write_instruction
                0x010028bc        0xc CMakeFiles/xinyiNBSoC.dir/DRIVERS/driverlib/src/qspi_flash.c.o
                0x010028bc                qspi_apb_set_write_instruction
 .text.RC32K_CALIB_WakeUp_Dis
                0x010028c8        0xc CMakeFiles/xinyiNBSoC.dir/DRIVERS/driverlib/src/rc32k.c.o
                0x010028c8                RC32K_CALIB_WakeUp_Dis
 .text.RC32K_CALIB_WakeUp_En
                0x010028d4        0xc CMakeFiles/xinyiNBSoC.dir/DRIVERS/driverlib/src/rc32k.c.o
                0x010028d4                RC32K_CALIB_WakeUp_En
 .text.RC32K_CALIB_En
                0x010028e0       0x10 CMakeFiles/xinyiNBSoC.dir/DRIVERS/driverlib/src/rc32k.c.o
                0x010028e0                RC32K_CALIB_En
 .text.RC32K_CALIB_EnNow
                0x010028f0       0x10 CMakeFiles/xinyiNBSoC.dir/DRIVERS/driverlib/src/rc32k.c.o
                0x010028f0                RC32K_CALIB_EnNow
 .text.RC32K_CALIB_DisNow
                0x01002900       0x10 CMakeFiles/xinyiNBSoC.dir/DRIVERS/driverlib/src/rc32k.c.o
                0x01002900                RC32K_CALIB_DisNow
 .text.RC32K_CALIB_Dis
                0x01002910       0x10 CMakeFiles/xinyiNBSoC.dir/DRIVERS/driverlib/src/rc32k.c.o
                0x01002910                RC32K_CALIB_Dis
 .text.RC32K_CALIB_SDM_En
                0x01002920       0x10 CMakeFiles/xinyiNBSoC.dir/DRIVERS/driverlib/src/rc32k.c.o
                0x01002920                RC32K_CALIB_SDM_En
 .text.RC32K_CALIB_Done
                0x01002930       0x10 CMakeFiles/xinyiNBSoC.dir/DRIVERS/driverlib/src/rc32k.c.o
                0x01002930                RC32K_CALIB_Done
 .text.RC32K_CALIB_TCOUNT_Set
                0x01002940       0x10 CMakeFiles/xinyiNBSoC.dir/DRIVERS/driverlib/src/rc32k.c.o
                0x01002940                RC32K_CALIB_TCOUNT_Set
 .text.RC32K_CALIB_CAPSEL_INIT_Set
                0x01002950       0x10 CMakeFiles/xinyiNBSoC.dir/DRIVERS/driverlib/src/rc32k.c.o
                0x01002950                RC32K_CALIB_CAPSEL_INIT_Set
 .text.RC32K_CALIB_OSC_REF_Set
                0x01002960       0x10 CMakeFiles/xinyiNBSoC.dir/DRIVERS/driverlib/src/rc32k.c.o
                0x01002960                RC32K_CALIB_OSC_REF_Set
 .text.RC32K_CALIB_OSC_CAL_Set
                0x01002970       0x10 CMakeFiles/xinyiNBSoC.dir/DRIVERS/driverlib/src/rc32k.c.o
                0x01002970                RC32K_CALIB_OSC_CAL_Set
 .text.RC32K_CALIB_LPTS_RESO_Set
                0x01002980       0x10 CMakeFiles/xinyiNBSoC.dir/DRIVERS/driverlib/src/rc32k.c.o
                0x01002980                RC32K_CALIB_LPTS_RESO_Set
 .text.RC32K_CALIB_NV_Save
                0x01002990       0x48 CMakeFiles/xinyiNBSoC.dir/DRIVERS/driverlib/src/rc32k.c.o
                0x01002990                RC32K_CALIB_NV_Save
 .text.RC32K_CALIB_LOOKUP_TABLE_Set
                0x010029d8       0x4c CMakeFiles/xinyiNBSoC.dir/DRIVERS/driverlib/src/rc32k.c.o
                0x010029d8                RC32K_CALIB_LOOKUP_TABLE_Set
 .text.RC32K_CALIB_LOOKUP_TABLE_Get
                0x01002a24       0x44 CMakeFiles/xinyiNBSoC.dir/DRIVERS/driverlib/src/rc32k.c.o
                0x01002a24                RC32K_CALIB_LOOKUP_TABLE_Get
 .text.RC32K_CALIB_OSC_PTAT_Get
                0x01002a68       0x10 CMakeFiles/xinyiNBSoC.dir/DRIVERS/driverlib/src/rc32k.c.o
                0x01002a68                RC32K_CALIB_OSC_PTAT_Get
 .text.RC32K_CALIB_TEMP_is_VALID
                0x01002a78        0xc CMakeFiles/xinyiNBSoC.dir/DRIVERS/driverlib/src/rc32k.c.o
                0x01002a78                RC32K_CALIB_TEMP_is_VALID
 .text.RC32K_CALIB_TEMP_VALID_Clr
                0x01002a84       0x10 CMakeFiles/xinyiNBSoC.dir/DRIVERS/driverlib/src/rc32k.c.o
                0x01002a84                RC32K_CALIB_TEMP_VALID_Clr
 .text.RC32K_CALIB_TEMP_VAL_Get
                0x01002a94       0x10 CMakeFiles/xinyiNBSoC.dir/DRIVERS/driverlib/src/rc32k.c.o
                0x01002a94                RC32K_CALIB_TEMP_VAL_Get
 .text.RC32K_CALIB_FORCE_SDM_OUT_DATA
                0x01002aa4       0x20 CMakeFiles/xinyiNBSoC.dir/DRIVERS/driverlib/src/rc32k.c.o
                0x01002aa4                RC32K_CALIB_FORCE_SDM_OUT_DATA
 .text.rc32k_get_last_temperature
                0x01002ac4       0x48 CMakeFiles/xinyiNBSoC.dir/DRIVERS/driverlib/src/rc32k.c.o
                0x01002ac4                rc32k_get_last_temperature
 .text.rc32k_get_temperature
                0x01002b0c       0x88 CMakeFiles/xinyiNBSoC.dir/DRIVERS/driverlib/src/rc32k.c.o
                0x01002b0c                rc32k_get_temperature
 .text.RF_SIDO1P8_POWEROFF
                0x01002b94       0x10 CMakeFiles/xinyiNBSoC.dir/DRIVERS/driverlib/src/rf_drv.c.o
                0x01002b94                RF_SIDO1P8_POWEROFF
 .text.rf_trx_close
                0x01002ba4       0x20 CMakeFiles/xinyiNBSoC.dir/DRIVERS/driverlib/src/rf_drv.c.o
                0x01002ba4                rf_trx_close
 .text.SEMA_ResetAll
                0x01002bc4       0x1c CMakeFiles/xinyiNBSoC.dir/DRIVERS/driverlib/src/sema.c.o
                0x01002bc4                SEMA_ResetAll
 .text.SEMA_MasterGet
                0x01002be0       0x1c CMakeFiles/xinyiNBSoC.dir/DRIVERS/driverlib/src/sema.c.o
                0x01002be0                SEMA_MasterGet
 .text.SEMA_RequestNonBlocking
                0x01002bfc       0x24 CMakeFiles/xinyiNBSoC.dir/DRIVERS/driverlib/src/sema.c.o
                0x01002bfc                SEMA_RequestNonBlocking
 .text.SEMA_Release
                0x01002c20       0x16 CMakeFiles/xinyiNBSoC.dir/DRIVERS/driverlib/src/sema.c.o
                0x01002c20                SEMA_Release
 *fill*         0x01002c36        0x2 
 .text.Tick_TimerEnable
                0x01002c38        0xc CMakeFiles/xinyiNBSoC.dir/DRIVERS/driverlib/src/tick.c.o
                0x01002c38                Tick_TimerEnable
 .text.Tick_PrescaleSet
                0x01002c44        0xc CMakeFiles/xinyiNBSoC.dir/DRIVERS/driverlib/src/tick.c.o
                0x01002c44                Tick_PrescaleSet
 .text.Tick_CounterGet
                0x01002c50        0xc CMakeFiles/xinyiNBSoC.dir/DRIVERS/driverlib/src/tick.c.o
                0x01002c50                Tick_CounterGet
 .text.Tick_APCompareSet
                0x01002c5c        0xc CMakeFiles/xinyiNBSoC.dir/DRIVERS/driverlib/src/tick.c.o
                0x01002c5c                Tick_APCompareSet
 .text.Tick_APIntEnable
                0x01002c68       0x10 CMakeFiles/xinyiNBSoC.dir/DRIVERS/driverlib/src/tick.c.o
                0x01002c68                Tick_APIntEnable
 .text.Tick_APIntDisable
                0x01002c78       0x10 CMakeFiles/xinyiNBSoC.dir/DRIVERS/driverlib/src/tick.c.o
                0x01002c78                Tick_APIntDisable
 .text.Tick_APReadAndClearInt
                0x01002c88        0xc CMakeFiles/xinyiNBSoC.dir/DRIVERS/driverlib/src/tick.c.o
                0x01002c88                Tick_APReadAndClearInt
 .text.UARTDisable
                0x01002c94        0xa CMakeFiles/xinyiNBSoC.dir/DRIVERS/driverlib/src/uart.c.o
                0x01002c94                UARTDisable
 .text.UART_Enable_Get
                0x01002c9e        0x8 CMakeFiles/xinyiNBSoC.dir/DRIVERS/driverlib/src/uart.c.o
                0x01002c9e                UART_Enable_Get
 .text.UARTFIFOEnable
                0x01002ca6       0x1c CMakeFiles/xinyiNBSoC.dir/DRIVERS/driverlib/src/uart.c.o
                0x01002ca6                UARTFIFOEnable
 .text.UARTFIFODisable
                0x01002cc2       0x1c CMakeFiles/xinyiNBSoC.dir/DRIVERS/driverlib/src/uart.c.o
                0x01002cc2                UARTFIFODisable
 .text.UART_TxEnable_Get
                0x01002cde        0x8 CMakeFiles/xinyiNBSoC.dir/DRIVERS/driverlib/src/uart.c.o
                0x01002cde                UART_TxEnable_Get
 .text.UART_RXFIFO_LevelSet
                0x01002ce6        0xe CMakeFiles/xinyiNBSoC.dir/DRIVERS/driverlib/src/uart.c.o
                0x01002ce6                UART_RXFIFO_LevelSet
 .text.UARTTxWaitSet
                0x01002cf4        0x4 CMakeFiles/xinyiNBSoC.dir/DRIVERS/driverlib/src/uart.c.o
                0x01002cf4                UARTTxWaitSet
 .text.UARTConfigSetExpClk
                0x01002cf8       0x7a CMakeFiles/xinyiNBSoC.dir/DRIVERS/driverlib/src/uart.c.o
                0x01002cf8                UARTConfigSetExpClk
 .text.UART_ConfigRegister_Set
                0x01002d72        0xe CMakeFiles/xinyiNBSoC.dir/DRIVERS/driverlib/src/uart.c.o
                0x01002d72                UART_ConfigRegister_Set
 .text.UARTConfigGetExpClk
                0x01002d80       0x2c CMakeFiles/xinyiNBSoC.dir/DRIVERS/driverlib/src/uart.c.o
                0x01002d80                UARTConfigGetExpClk
 .text.UARTIntEnable
                0x01002dac        0xa CMakeFiles/xinyiNBSoC.dir/DRIVERS/driverlib/src/uart.c.o
                0x01002dac                UARTIntEnable
 .text.UARTIntDisable
                0x01002db6        0xa CMakeFiles/xinyiNBSoC.dir/DRIVERS/driverlib/src/uart.c.o
                0x01002db6                UARTIntDisable
 .text.UARTIntRead
                0x01002dc0       0x10 CMakeFiles/xinyiNBSoC.dir/DRIVERS/driverlib/src/uart.c.o
                0x01002dc0                UARTIntRead
 .text.UART_IntClear
                0x01002dd0        0x6 CMakeFiles/xinyiNBSoC.dir/DRIVERS/driverlib/src/uart.c.o
                0x01002dd0                UART_IntClear
 .text.UARTIntMasked
                0x01002dd6        0x4 CMakeFiles/xinyiNBSoC.dir/DRIVERS/driverlib/src/uart.c.o
                0x01002dd6                UARTIntMasked
 .text.UARTRxIdle
                0x01002dda        0x8 CMakeFiles/xinyiNBSoC.dir/DRIVERS/driverlib/src/uart.c.o
                0x01002dda                UARTRxIdle
 .text.UARTFIFOFlush
                0x01002de2       0x1c CMakeFiles/xinyiNBSoC.dir/DRIVERS/driverlib/src/uart.c.o
                0x01002de2                UARTFIFOFlush
 .text.UARTRxFifoStatusGet
                0x01002dfe       0x2a CMakeFiles/xinyiNBSoC.dir/DRIVERS/driverlib/src/uart.c.o
                0x01002dfe                UARTRxFifoStatusGet
 .text.LPUART_IS_TXFIFO_FULL
                0x01002e28       0x24 CMakeFiles/xinyiNBSoC.dir/DRIVERS/driverlib/src/uart.c.o
                0x01002e28                LPUART_IS_TXFIFO_FULL
 .text.LPUART_IS_TXFIFO_EMPTY
                0x01002e4c       0x24 CMakeFiles/xinyiNBSoC.dir/DRIVERS/driverlib/src/uart.c.o
                0x01002e4c                LPUART_IS_TXFIFO_EMPTY
 .text.UARTTimeOutConfig
                0x01002e70        0x8 CMakeFiles/xinyiNBSoC.dir/DRIVERS/driverlib/src/uart.c.o
                0x01002e70                UARTTimeOutConfig
 .text.UARTTimeOutCondition_Set
                0x01002e78        0xe CMakeFiles/xinyiNBSoC.dir/DRIVERS/driverlib/src/uart.c.o
                0x01002e78                UARTTimeOutCondition_Set
 .text.UART_TimeoutCondition_Get
                0x01002e86        0xa CMakeFiles/xinyiNBSoC.dir/DRIVERS/driverlib/src/uart.c.o
                0x01002e86                UART_TimeoutCondition_Get
 .text.UARTTimeOutEnable
                0x01002e90        0xe CMakeFiles/xinyiNBSoC.dir/DRIVERS/driverlib/src/uart.c.o
                0x01002e90                UARTTimeOutEnable
 .text.UARTTimeOutDisable
                0x01002e9e        0xe CMakeFiles/xinyiNBSoC.dir/DRIVERS/driverlib/src/uart.c.o
                0x01002e9e                UARTTimeOutDisable
 .text.UARTFlowCtrlEnable
                0x01002eac        0xe CMakeFiles/xinyiNBSoC.dir/DRIVERS/driverlib/src/uart.c.o
                0x01002eac                UARTFlowCtrlEnable
 .text.UARTFlowCtrlDisable
                0x01002eba        0xe CMakeFiles/xinyiNBSoC.dir/DRIVERS/driverlib/src/uart.c.o
                0x01002eba                UARTFlowCtrlDisable
 .text.UARTFlowCtrlConfig
                0x01002ec8       0x10 CMakeFiles/xinyiNBSoC.dir/DRIVERS/driverlib/src/uart.c.o
                0x01002ec8                UARTFlowCtrlConfig
 .text.UARTReadData
                0x01002ed8        0x6 CMakeFiles/xinyiNBSoC.dir/DRIVERS/driverlib/src/uart.c.o
                0x01002ed8                UARTReadData
 .text.UARTWriteData
                0x01002ede        0x6 CMakeFiles/xinyiNBSoC.dir/DRIVERS/driverlib/src/uart.c.o
                0x01002ede                UARTWriteData
 .text.UTC_TimerRun
                0x01002ee4       0x10 CMakeFiles/xinyiNBSoC.dir/DRIVERS/driverlib/src/utc.c.o
                0x01002ee4                UTC_TimerRun
 .text.UTC_CalRun
                0x01002ef4       0x10 CMakeFiles/xinyiNBSoC.dir/DRIVERS/driverlib/src/utc.c.o
                0x01002ef4                UTC_CalRun
 .text.UTC_DivEn
                0x01002f04       0x10 CMakeFiles/xinyiNBSoC.dir/DRIVERS/driverlib/src/utc.c.o
                0x01002f04                UTC_DivEn
 .text.UTC_TimerGet
                0x01002f14       0x60 CMakeFiles/xinyiNBSoC.dir/DRIVERS/driverlib/src/utc.c.o
                0x01002f14                UTC_TimerGet
 .text.UTC_CalGet
                0x01002f74       0x60 CMakeFiles/xinyiNBSoC.dir/DRIVERS/driverlib/src/utc.c.o
                0x01002f74                UTC_CalGet
 .text.UTC_AlarmDisable
                0x01002fd4       0x10 CMakeFiles/xinyiNBSoC.dir/DRIVERS/driverlib/src/utc.c.o
                0x01002fd4                UTC_AlarmDisable
 .text.UTC_IntDisable
                0x01002fe4       0x10 CMakeFiles/xinyiNBSoC.dir/DRIVERS/driverlib/src/utc.c.o
                0x01002fe4                UTC_IntDisable
 .text.UTC_ClkCntConvert
                0x01002ff4       0x12 CMakeFiles/xinyiNBSoC.dir/DRIVERS/driverlib/src/utc.c.o
                0x01002ff4                UTC_ClkCntConvert
 *fill*         0x01003006        0x2 
 .text.UTC_AlarmCntCheckDisable
                0x01003008       0x10 CMakeFiles/xinyiNBSoC.dir/DRIVERS/driverlib/src/utc.c.o
                0x01003008                UTC_AlarmCntCheckDisable
 .text.UTC_WDTCtrlConfig
                0x01003018        0xc CMakeFiles/xinyiNBSoC.dir/DRIVERS/driverlib/src/utc.c.o
                0x01003018                UTC_WDTCtrlConfig
 .text.UTC_WDTEnable
                0x01003024       0x10 CMakeFiles/xinyiNBSoC.dir/DRIVERS/driverlib/src/utc.c.o
                0x01003024                UTC_WDTEnable
 .text.UTC_WDTDisable
                0x01003034       0x10 CMakeFiles/xinyiNBSoC.dir/DRIVERS/driverlib/src/utc.c.o
                0x01003034                UTC_WDTDisable
 .text.UTC_WDTLongTimerDataValid
                0x01003044       0x10 CMakeFiles/xinyiNBSoC.dir/DRIVERS/driverlib/src/utc.c.o
                0x01003044                UTC_WDTLongTimerDataValid
 .text.UTC_WDTLongTimerDataInvalid
                0x01003054       0x10 CMakeFiles/xinyiNBSoC.dir/DRIVERS/driverlib/src/utc.c.o
                0x01003054                UTC_WDTLongTimerDataInvalid
 .text.UTCWDT_Long_Timer_TimerSet
                0x01003064       0x5c CMakeFiles/xinyiNBSoC.dir/DRIVERS/driverlib/src/utc.c.o
                0x01003064                UTCWDT_Long_Timer_TimerSet
 .text.UTC_WDTLongTimerIncrementFeedSecond
                0x010030c0       0xb0 CMakeFiles/xinyiNBSoC.dir/DRIVERS/driverlib/src/utc.c.o
                0x010030c0                UTC_WDTLongTimerIncrementFeedSecond
 .text.utc_cnt_delay
                0x01003170       0x20 CMakeFiles/xinyiNBSoC.dir/DRIVERS/driverlib/src/utc.c.o
                0x01003170                utc_cnt_delay
 .text.xy_mktime
                0x01003190       0xd8 CMakeFiles/xinyiNBSoC.dir/DRIVERS/driverlib/src/utc.c.o
                0x01003190                xy_mktime
 .text.WDT_Disable
                0x01003268        0xa CMakeFiles/xinyiNBSoC.dir/DRIVERS/driverlib/src/watchdog.c.o
                0x01003268                WDT_Disable
 .text.WDT_ReloadSet
                0x01003272        0x4 CMakeFiles/xinyiNBSoC.dir/DRIVERS/driverlib/src/watchdog.c.o
                0x01003272                WDT_ReloadSet
 .text.WDT_ReadClearInt
                0x01003276        0x4 CMakeFiles/xinyiNBSoC.dir/DRIVERS/driverlib/src/watchdog.c.o
                0x01003276                WDT_ReadClearInt
 *fill*         0x0100327a        0x2 
 .text.HAL_LPUART_TxFifoEmptyDelay
                0x0100327c       0x24 CMakeFiles/xinyiNBSoC.dir/MIDDLEWARE/HAL/src/hal_lpuart.c.o
 .text.HAL_LPUART_SetRxFifoTrgLv_by_RxXferSize
                0x010032a0       0x4c CMakeFiles/xinyiNBSoC.dir/MIDDLEWARE/HAL/src/hal_lpuart.c.o
 .text.HAL_LPUART0_IRQHandler
                0x010032ec      0x220 CMakeFiles/xinyiNBSoC.dir/MIDDLEWARE/HAL/src/hal_lpuart.c.o
 .text.HAL_LPUART_DeInit
                0x0100350c       0x70 CMakeFiles/xinyiNBSoC.dir/MIDDLEWARE/HAL/src/hal_lpuart.c.o
                0x0100350c                HAL_LPUART_DeInit
 .text.HAL_LPUART_Receive_IT
                0x0100357c       0xd0 CMakeFiles/xinyiNBSoC.dir/MIDDLEWARE/HAL/src/hal_lpuart.c.o
                0x0100357c                HAL_LPUART_Receive_IT
 .text.SysTick_Handler
                0x0100364c       0x3c CMakeFiles/xinyiNBSoC.dir/SYSAPP/core_cm3/src/cm3_systick.c.o
                0x0100364c                SysTick_Handler
 .text.__get_IPSR
                0x01003688        0x6 CMakeFiles/xinyiNBSoC.dir/SYSAPP/core_cm3/src/core_cm3.c.o
                0x01003688                __get_IPSR
 .text.__get_BASEPRI
                0x0100368e        0x6 CMakeFiles/xinyiNBSoC.dir/SYSAPP/core_cm3/src/core_cm3.c.o
                0x0100368e                __get_BASEPRI
 .text.__get_PRIMASK
                0x01003694        0x6 CMakeFiles/xinyiNBSoC.dir/SYSAPP/core_cm3/src/core_cm3.c.o
                0x01003694                __get_PRIMASK
 .text.__set_PRIMASK
                0x0100369a        0x6 CMakeFiles/xinyiNBSoC.dir/SYSAPP/core_cm3/src/core_cm3.c.o
                0x0100369a                __set_PRIMASK
 .text.Flash_mpu_Lock
                0x010036a0        0x2 CMakeFiles/xinyiNBSoC.dir/SYSAPP/core_cm3/src/mpu_protect.c.o
                0x010036a0                Flash_mpu_Lock
 *fill*         0x010036a2        0x2 
 .text.NVIC_SetPriority
                0x010036a4       0x38 CMakeFiles/xinyiNBSoC.dir/SYSAPP/core_cm3/src/nvic.c.o
 .text.NVIC_IntRegister
                0x010036dc       0x38 CMakeFiles/xinyiNBSoC.dir/SYSAPP/core_cm3/src/nvic.c.o
                0x010036dc                NVIC_IntRegister
 .text.NVIC_IntUnregister
                0x01003714       0x40 CMakeFiles/xinyiNBSoC.dir/SYSAPP/core_cm3/src/nvic.c.o
                0x01003714                NVIC_IntUnregister
 .text.Reset_Handler
                0x01003754       0x68 CMakeFiles/xinyiNBSoC.dir/SYSAPP/startup/src/startup_cm3.s.o
                0x01003754                Reset_Handler
 .text.Default_Handler
                0x010037bc        0x4 CMakeFiles/xinyiNBSoC.dir/SYSAPP/startup/src/startup_cm3.s.o
                0x010037bc                ROOTCLK_PLL_Handler
                0x010037bc                DebugMon_Handler
                0x010037bc                GPIO_Handler
                0x010037bc                UART2_Handler
                0x010037bc                TANG_Hanlder
                0x010037bc                I2C1_Handler
                0x010037bc                NMI_Handler
                0x010037bc                DMAC0_Handler
                0x010037bc                PHYTMR_Handler
                0x010037bc                BB_Hanlder
                0x010037bc                ADC_Handler
                0x010037bc                QSPI_Handler
                0x010037bc                DMAC1_Handler
                0x010037bc                LPMODE_Handler
                0x010037bc                PLL_Handler
                0x010037bc                DMAC2_Handler
                0x010037bc                AHB_CACHE_Handler
                0x010037bc                UsageFault_Handler
                0x010037bc                CACHE_Handler
                0x010037bc                DMAC7_Handler
                0x010037bc                KEYSCAN_Hanlder
                0x010037bc                IRQ47_Hanlder
                0x010037bc                HRC_MISS_Handler
                0x010037bc                UART1_Handler
                0x010037bc                SEMAPHORE_Handler
                0x010037bc                SHA_Hanlder
                0x010037bc                DMAC3_Handler
                0x010037bc                TIM2_Handler
                0x010037bc                SSPI_Hanlder
                0x010037bc                TIM3_Handler
                0x010037bc                Default_Handler
                0x010037bc                CSP2_Handler
                0x010037bc                TIM4_Handler
                0x010037bc                CSP1_Handler
                0x010037bc                IRQ46_Hanlder
                0x010037bc                LPTIM_Handler
                0x010037bc                DMAC6_Handler
                0x010037bc                CSP4_Handler
                0x010037bc                MemManage_Handler
                0x010037bc                I2C2_Handler
                0x010037bc                SVC_Handler
                0x010037bc                TIM1_Handler
                0x010037bc                XTAL_Handler
                0x010037bc                ISO7816_Hanlder
                0x010037bc                SPI1_Handler
                0x010037bc                DMAC5_Handler
                0x010037bc                CSP3_Handler
                0x010037bc                RC32K_Hanlder
                0x010037bc                BusFault_Handler
                0x010037bc                DMAC4_Handler
                0x010037bc                LPUART_Handler
                0x010037bc                CMP_Hanlder
                0x010037bc                ROOTCLK_XTAL_Handler
                0x010037bc                DFEBUF_Handler
 .text.ADC_Trxbg_InstantClose
                0x010037c0       0x24 CMakeFiles/xinyiNBSoC.dir/SYSAPP/system/src/adc_adapt.c.o
                0x010037c0                ADC_Trxbg_InstantClose
 .text.ADC_Trxbg_SafelyClose
                0x010037e4       0x38 CMakeFiles/xinyiNBSoC.dir/SYSAPP/system/src/adc_adapt.c.o
                0x010037e4                ADC_Trxbg_SafelyClose
 .text.AP_WDT_Init
                0x0100381c       0x9c CMakeFiles/xinyiNBSoC.dir/SYSAPP/system/src/ap_watchdog.c.o
                0x0100381c                AP_WDT_Init
 .text.clear_event
                0x010038b8       0x24 CMakeFiles/xinyiNBSoC.dir/SYSAPP/system/src/event_api.c.o
                0x010038b8                clear_event
 .text.is_event_set
                0x010038dc       0x18 CMakeFiles/xinyiNBSoC.dir/SYSAPP/system/src/event_api.c.o
                0x010038dc                is_event_set
 .text.restore_gpio_scene_after_wfi
                0x010038f4       0x40 CMakeFiles/xinyiNBSoC.dir/SYSAPP/system/src/fast_recovery.c.o
                0x010038f4                restore_gpio_scene_after_wfi
 .text.FastRecov_Init_Hook_Regist
                0x01003934        0xc CMakeFiles/xinyiNBSoC.dir/SYSAPP/system/src/fast_recovery.c.o
                0x01003934                FastRecov_Init_Hook_Regist
 .text.Reset_info_By_Fast
                0x01003940       0x44 CMakeFiles/xinyiNBSoC.dir/SYSAPP/system/src/fast_recovery.c.o
                0x01003940                Reset_info_By_Fast
 .text.FastSystemInit
                0x01003984       0xe8 CMakeFiles/xinyiNBSoC.dir/SYSAPP/system/src/fast_recovery.c.o
                0x01003984                FastSystemInit
 .text.Get32kClockFreq
                0x01003a6c        0xc CMakeFiles/xinyiNBSoC.dir/SYSAPP/system/src/sys_clk.c.o
                0x01003a6c                Get32kClockFreq
 .text.PRCM_32KClkSrcGet
                0x01003a78        0xc CMakeFiles/xinyiNBSoC.dir/SYSAPP/system/src/sys_clk.c.o
                0x01003a78                PRCM_32KClkSrcGet
 .text.PRCM_HRCclkDivGet
                0x01003a84        0xc CMakeFiles/xinyiNBSoC.dir/SYSAPP/system/src/sys_clk.c.o
                0x01003a84                PRCM_HRCclkDivGet
 .text.PRCM_HRCclkDivSet
                0x01003a90       0x10 CMakeFiles/xinyiNBSoC.dir/SYSAPP/system/src/sys_clk.c.o
                0x01003a90                PRCM_HRCclkDivSet
 .text.PRCM_APclkDivGet
                0x01003aa0        0xc CMakeFiles/xinyiNBSoC.dir/SYSAPP/system/src/sys_clk.c.o
                0x01003aa0                PRCM_APclkDivGet
 .text.PRCM_SYSclkDivGet
                0x01003aac        0xe CMakeFiles/xinyiNBSoC.dir/SYSAPP/system/src/sys_clk.c.o
                0x01003aac                PRCM_SYSclkDivGet
 .text.PRCM_LPUARTclkDivGet
                0x01003aba        0xe CMakeFiles/xinyiNBSoC.dir/SYSAPP/system/src/sys_clk.c.o
                0x01003aba                PRCM_LPUARTclkDivGet
 .text.Ap_HclkDivSet
                0x01003ac8        0xa CMakeFiles/xinyiNBSoC.dir/SYSAPP/system/src/sys_clk.c.o
                0x01003ac8                Ap_HclkDivSet
 .text.Ap_HclkDivGet
                0x01003ad2       0x20 CMakeFiles/xinyiNBSoC.dir/SYSAPP/system/src/sys_clk.c.o
                0x01003ad2                Ap_HclkDivGet
 .text.Sys_HclkDivGet
                0x01003af2       0x20 CMakeFiles/xinyiNBSoC.dir/SYSAPP/system/src/sys_clk.c.o
                0x01003af2                Sys_HclkDivGet
 .text.Sys_Clk_Src_Select
                0x01003b12       0x1e CMakeFiles/xinyiNBSoC.dir/SYSAPP/system/src/sys_clk.c.o
                0x01003b12                Sys_Clk_Src_Select
 .text.Peri1_PclkDivSet