   text	   data	    bss	    dec	    hex	filename
    124	      0	      0	    124	     7c	E:/workCODE/SLM130NA-M018-C0005/1200_SDK/xinyiNBIot_AP/.build/CMakeFiles/xinyiNBSoC.dir/./DRIVERS/driverlib/src/abdhwd.c.o
   5290	      4	    121	   5415	   1527	E:/workCODE/SLM130NA-M018-C0005/1200_SDK/xinyiNBIot_AP/.build/CMakeFiles/xinyiNBSoC.dir/./DRIVERS/driverlib/src/adc.c.o
    634	      0	      0	    634	    27a	E:/workCODE/SLM130NA-M018-C0005/1200_SDK/xinyiNBIot_AP/.build/CMakeFiles/xinyiNBSoC.dir/./DRIVERS/driverlib/src/cache.c.o
    492	      0	      4	    496	    1f0	E:/workCODE/SLM130NA-M018-C0005/1200_SDK/xinyiNBIot_AP/.build/CMakeFiles/xinyiNBSoC.dir/./DRIVERS/driverlib/src/common.c.o
    392	      0	      0	    392	    188	E:/workCODE/SLM130NA-M018-C0005/1200_SDK/xinyiNBIot_AP/.build/CMakeFiles/xinyiNBSoC.dir/./DRIVERS/driverlib/src/crc.c.o
  10328	      0	      0	  10328	   2858	E:/workCODE/SLM130NA-M018-C0005/1200_SDK/xinyiNBIot_AP/.build/CMakeFiles/xinyiNBSoC.dir/./DRIVERS/driverlib/src/crypto.c.o
   2462	      0	      0	   2462	    99e	E:/workCODE/SLM130NA-M018-C0005/1200_SDK/xinyiNBIot_AP/.build/CMakeFiles/xinyiNBSoC.dir/./DRIVERS/driverlib/src/csp.c.o
    992	      0	      0	    992	    3e0	E:/workCODE/SLM130NA-M018-C0005/1200_SDK/xinyiNBIot_AP/.build/CMakeFiles/xinyiNBSoC.dir/./DRIVERS/driverlib/src/dma.c.o
   3604	      0	      0	   3604	    e14	E:/workCODE/SLM130NA-M018-C0005/1200_SDK/xinyiNBIot_AP/.build/CMakeFiles/xinyiNBSoC.dir/./DRIVERS/driverlib/src/flash_vendor.c.o
   2428	      0	      0	   2428	    97c	E:/workCODE/SLM130NA-M018-C0005/1200_SDK/xinyiNBIot_AP/.build/CMakeFiles/xinyiNBSoC.dir/./DRIVERS/driverlib/src/gpio.c.o
    930	      0	      0	    930	    3a2	E:/workCODE/SLM130NA-M018-C0005/1200_SDK/xinyiNBIot_AP/.build/CMakeFiles/xinyiNBSoC.dir/./DRIVERS/driverlib/src/hw_sha1.c.o
    584	      0	      0	    584	    248	E:/workCODE/SLM130NA-M018-C0005/1200_SDK/xinyiNBIot_AP/.build/CMakeFiles/xinyiNBSoC.dir/./DRIVERS/driverlib/src/i2c.c.o
    678	      0	      0	    678	    2a6	E:/workCODE/SLM130NA-M018-C0005/1200_SDK/xinyiNBIot_AP/.build/CMakeFiles/xinyiNBSoC.dir/./DRIVERS/driverlib/src/interrupt.c.o
    396	      0	      0	    396	    18c	E:/workCODE/SLM130NA-M018-C0005/1200_SDK/xinyiNBIot_AP/.build/CMakeFiles/xinyiNBSoC.dir/./DRIVERS/driverlib/src/iso7816.c.o
    410	      0	      0	    410	    19a	E:/workCODE/SLM130NA-M018-C0005/1200_SDK/xinyiNBIot_AP/.build/CMakeFiles/xinyiNBSoC.dir/./DRIVERS/driverlib/src/keyscan.c.o
   1408	      0	      4	   1412	    584	E:/workCODE/SLM130NA-M018-C0005/1200_SDK/xinyiNBIot_AP/.build/CMakeFiles/xinyiNBSoC.dir/./DRIVERS/driverlib/src/lcdc.c.o
    452	      0	      4	    456	    1c8	E:/workCODE/SLM130NA-M018-C0005/1200_SDK/xinyiNBIot_AP/.build/CMakeFiles/xinyiNBSoC.dir/./DRIVERS/driverlib/src/lptimer.c.o
    182	      0	      0	    182	     b6	E:/workCODE/SLM130NA-M018-C0005/1200_SDK/xinyiNBIot_AP/.build/CMakeFiles/xinyiNBSoC.dir/./DRIVERS/driverlib/src/mcnt.c.o
   6582	      0	      0	   6582	   19b6	E:/workCODE/SLM130NA-M018-C0005/1200_SDK/xinyiNBIot_AP/.build/CMakeFiles/xinyiNBSoC.dir/./DRIVERS/driverlib/src/prcm.c.o
   1288	      0	      0	   1288	    508	E:/workCODE/SLM130NA-M018-C0005/1200_SDK/xinyiNBIot_AP/.build/CMakeFiles/xinyiNBSoC.dir/./DRIVERS/driverlib/src/qspi_flash.c.o
    914	      1	      1	    916	    394	E:/workCODE/SLM130NA-M018-C0005/1200_SDK/xinyiNBIot_AP/.build/CMakeFiles/xinyiNBSoC.dir/./DRIVERS/driverlib/src/rc32k.c.o
    288	      0	      0	    288	    120	E:/workCODE/SLM130NA-M018-C0005/1200_SDK/xinyiNBIot_AP/.build/CMakeFiles/xinyiNBSoC.dir/./DRIVERS/driverlib/src/rf_drv.c.o
    318	      0	      0	    318	    13e	E:/workCODE/SLM130NA-M018-C0005/1200_SDK/xinyiNBIot_AP/.build/CMakeFiles/xinyiNBSoC.dir/./DRIVERS/driverlib/src/sema.c.o
    656	      0	      0	    656	    290	E:/workCODE/SLM130NA-M018-C0005/1200_SDK/xinyiNBIot_AP/.build/CMakeFiles/xinyiNBSoC.dir/./DRIVERS/driverlib/src/spi.c.o
    172	      0	      0	    172	     ac	E:/workCODE/SLM130NA-M018-C0005/1200_SDK/xinyiNBIot_AP/.build/CMakeFiles/xinyiNBSoC.dir/./DRIVERS/driverlib/src/systick.c.o
    268	      0	      0	    268	    10c	E:/workCODE/SLM130NA-M018-C0005/1200_SDK/xinyiNBIot_AP/.build/CMakeFiles/xinyiNBSoC.dir/./DRIVERS/driverlib/src/tick.c.o
    184	      0	      0	    184	     b8	E:/workCODE/SLM130NA-M018-C0005/1200_SDK/xinyiNBIot_AP/.build/CMakeFiles/xinyiNBSoC.dir/./DRIVERS/driverlib/src/timer.c.o
    576	      0	      0	    576	    240	E:/workCODE/SLM130NA-M018-C0005/1200_SDK/xinyiNBIot_AP/.build/CMakeFiles/xinyiNBSoC.dir/./DRIVERS/driverlib/src/trng.c.o
   1186	      0	      0	   1186	    4a2	E:/workCODE/SLM130NA-M018-C0005/1200_SDK/xinyiNBIot_AP/.build/CMakeFiles/xinyiNBSoC.dir/./DRIVERS/driverlib/src/uart.c.o
   2707	      0	      0	   2707	    a93	E:/workCODE/SLM130NA-M018-C0005/1200_SDK/xinyiNBIot_AP/.build/CMakeFiles/xinyiNBSoC.dir/./DRIVERS/driverlib/src/utc.c.o
    144	      0	      0	    144	     90	E:/workCODE/SLM130NA-M018-C0005/1200_SDK/xinyiNBIot_AP/.build/CMakeFiles/xinyiNBSoC.dir/./DRIVERS/driverlib/src/watchdog.c.o
    534	      0	      1	    535	    217	E:/workCODE/SLM130NA-M018-C0005/1200_SDK/xinyiNBIot_AP/.build/CMakeFiles/xinyiNBSoC.dir/./MIDDLEWARE/AT/src/at_260Y_cmd.c.o
    346	      0	      8	    354	    162	E:/workCODE/SLM130NA-M018-C0005/1200_SDK/xinyiNBIot_AP/.build/CMakeFiles/xinyiNBSoC.dir/./MIDDLEWARE/AT/src/at_CP_api.c.o
    287	      0	      0	    287	    11f	E:/workCODE/SLM130NA-M018-C0005/1200_SDK/xinyiNBIot_AP/.build/CMakeFiles/xinyiNBSoC.dir/./MIDDLEWARE/AT/src/at_bc25_cmd.c.o
   2558	      0	      1	   2559	    9ff	E:/workCODE/SLM130NA-M018-C0005/1200_SDK/xinyiNBIot_AP/.build/CMakeFiles/xinyiNBSoC.dir/./MIDDLEWARE/AT/src/at_cmd_regist.c.o
   2472	     28	     17	   2517	    9d5	E:/workCODE/SLM130NA-M018-C0005/1200_SDK/xinyiNBIot_AP/.build/CMakeFiles/xinyiNBSoC.dir/./MIDDLEWARE/AT/src/at_hardware_cmd.c.o
   1434	      0	     24	   1458	    5b2	E:/workCODE/SLM130NA-M018-C0005/1200_SDK/xinyiNBIot_AP/.build/CMakeFiles/xinyiNBSoC.dir/./MIDDLEWARE/AT/src/at_process.c.o
      2	      0	      0	      2	      2	E:/workCODE/SLM130NA-M018-C0005/1200_SDK/xinyiNBIot_AP/.build/CMakeFiles/xinyiNBSoC.dir/./MIDDLEWARE/AT/src/urc_process.c.o
    172	      0	      0	    172	     ac	E:/workCODE/SLM130NA-M018-C0005/1200_SDK/xinyiNBIot_AP/.build/CMakeFiles/xinyiNBSoC.dir/./MIDDLEWARE/HAL/src/hal_adc.c.o
    826	      0	      0	    826	    33a	E:/workCODE/SLM130NA-M018-C0005/1200_SDK/xinyiNBIot_AP/.build/CMakeFiles/xinyiNBSoC.dir/./MIDDLEWARE/HAL/src/hal_aes.c.o
   3128	      0	     13	   3141	    c45	E:/workCODE/SLM130NA-M018-C0005/1200_SDK/xinyiNBIot_AP/.build/CMakeFiles/xinyiNBSoC.dir/./MIDDLEWARE/HAL/src/hal_csp.c.o
    406	      0	      0	    406	    196	E:/workCODE/SLM130NA-M018-C0005/1200_SDK/xinyiNBIot_AP/.build/CMakeFiles/xinyiNBSoC.dir/./MIDDLEWARE/HAL/src/hal_gpio.c.o
   3330	      0	      8	   3338	    d0a	E:/workCODE/SLM130NA-M018-C0005/1200_SDK/xinyiNBIot_AP/.build/CMakeFiles/xinyiNBSoC.dir/./MIDDLEWARE/HAL/src/hal_i2c.c.o
    896	      0	      0	    896	    380	E:/workCODE/SLM130NA-M018-C0005/1200_SDK/xinyiNBIot_AP/.build/CMakeFiles/xinyiNBSoC.dir/./MIDDLEWARE/HAL/src/hal_lptimer.c.o
   1841	      0	      4	   1845	    735	E:/workCODE/SLM130NA-M018-C0005/1200_SDK/xinyiNBIot_AP/.build/CMakeFiles/xinyiNBSoC.dir/./MIDDLEWARE/HAL/src/hal_lpuart.c.o
   2630	      0	      4	   2634	    a4a	E:/workCODE/SLM130NA-M018-C0005/1200_SDK/xinyiNBIot_AP/.build/CMakeFiles/xinyiNBSoC.dir/./MIDDLEWARE/HAL/src/hal_spi.c.o
    922	      0	      0	    922	    39a	E:/workCODE/SLM130NA-M018-C0005/1200_SDK/xinyiNBIot_AP/.build/CMakeFiles/xinyiNBSoC.dir/./MIDDLEWARE/HAL/src/hal_timer.c.o
   1741	      0	      4	   1745	    6d1	E:/workCODE/SLM130NA-M018-C0005/1200_SDK/xinyiNBIot_AP/.build/CMakeFiles/xinyiNBSoC.dir/./MIDDLEWARE/HAL/src/hal_uart.c.o
     20	      0	      0	     20	     14	E:/workCODE/SLM130NA-M018-C0005/1200_SDK/xinyiNBIot_AP/.build/CMakeFiles/xinyiNBSoC.dir/./MIDDLEWARE/HAL/src/hal_watchdog.c.o
     54	      0	      0	     54	     36	E:/workCODE/SLM130NA-M018-C0005/1200_SDK/xinyiNBIot_AP/.build/CMakeFiles/xinyiNBSoC.dir/./MIDDLEWARE/HAL/src/hal_weak.c.o
   1034	      0	     32	   1066	    42a	E:/workCODE/SLM130NA-M018-C0005/1200_SDK/xinyiNBIot_AP/.build/CMakeFiles/xinyiNBSoC.dir/./MIDDLEWARE/at_uart/src/at_ipc_process.c.o
   1818	      0	   3141	   4959	   135f	E:/workCODE/SLM130NA-M018-C0005/1200_SDK/xinyiNBIot_AP/.build/CMakeFiles/xinyiNBSoC.dir/./MIDDLEWARE/at_uart/src/at_uart.c.o
    172	      0	      1	    173	     ad	E:/workCODE/SLM130NA-M018-C0005/1200_SDK/xinyiNBIot_AP/.build/CMakeFiles/xinyiNBSoC.dir/./MIDDLEWARE/at_uart/src/at_uart_sleep_ctl.c.o
    792	      0	      2	    794	    31a	E:/workCODE/SLM130NA-M018-C0005/1200_SDK/xinyiNBIot_AP/.build/CMakeFiles/xinyiNBSoC.dir/./MIDDLEWARE/at_uart/src/auto_baudrate.c.o
    188	      0	     16	    204	     cc	E:/workCODE/SLM130NA-M018-C0005/1200_SDK/xinyiNBIot_AP/.build/CMakeFiles/xinyiNBSoC.dir/./MIDDLEWARE/at_uart/src/zero_copy.c.o
    264	      0	      0	    264	    108	E:/workCODE/SLM130NA-M018-C0005/1200_SDK/xinyiNBIot_AP/.build/CMakeFiles/xinyiNBSoC.dir/./MIDDLEWARE/ipc_msg/src/user_ipc_msg.c.o
   1547	      0	    316	   1863	    747	E:/workCODE/SLM130NA-M018-C0005/1200_SDK/xinyiNBIot_AP/.build/CMakeFiles/xinyiNBSoC.dir/./MIDDLEWARE/mcu_adapt/src/mcu_gpio.c.o
   2800	      0	     32	   2832	    b10	E:/workCODE/SLM130NA-M018-C0005/1200_SDK/xinyiNBIot_AP/.build/CMakeFiles/xinyiNBSoC.dir/./MIDDLEWARE/mcu_adapt/src/mcu_i2c.c.o
   2566	      0	    290	   2856	    b28	E:/workCODE/SLM130NA-M018-C0005/1200_SDK/xinyiNBIot_AP/.build/CMakeFiles/xinyiNBSoC.dir/./MIDDLEWARE/mcu_adapt/src/mcu_lcd.c.o
   1484	      0	      2	   1486	    5ce	E:/workCODE/SLM130NA-M018-C0005/1200_SDK/xinyiNBIot_AP/.build/CMakeFiles/xinyiNBSoC.dir/./MIDDLEWARE/mcu_adapt/src/mcu_spi.c.o
   2038	      0	     64	   2102	    836	E:/workCODE/SLM130NA-M018-C0005/1200_SDK/xinyiNBIot_AP/.build/CMakeFiles/xinyiNBSoC.dir/./MIDDLEWARE/mcu_adapt/src/mcu_timer.c.o
   2704	      0	     64	   2768	    ad0	E:/workCODE/SLM130NA-M018-C0005/1200_SDK/xinyiNBIot_AP/.build/CMakeFiles/xinyiNBSoC.dir/./MIDDLEWARE/mcu_adapt/src/mcu_uart.c.o
   2410	     22	      0	   2432	    980	E:/workCODE/SLM130NA-M018-C0005/1200_SDK/xinyiNBIot_AP/.build/CMakeFiles/xinyiNBSoC.dir/./MIDDLEWARE/utilities/src/at_utils.c.o
    783	      0	     16	    799	    31f	E:/workCODE/SLM130NA-M018-C0005/1200_SDK/xinyiNBIot_AP/.build/CMakeFiles/xinyiNBSoC.dir/./MIDDLEWARE/utilities/src/xy_ftl.c.o
      0	      0	      0	      0	      0	E:/workCODE/SLM130NA-M018-C0005/1200_SDK/xinyiNBIot_AP/.build/CMakeFiles/xinyiNBSoC.dir/./MIDDLEWARE/utilities/src/xy_htol_test.c.o
    216	      0	      0	    216	     d8	E:/workCODE/SLM130NA-M018-C0005/1200_SDK/xinyiNBIot_AP/.build/CMakeFiles/xinyiNBSoC.dir/./MIDDLEWARE/utilities/src/xy_list.c.o
      6	      0	      0	      6	      6	E:/workCODE/SLM130NA-M018-C0005/1200_SDK/xinyiNBIot_AP/.build/CMakeFiles/xinyiNBSoC.dir/./MIDDLEWARE/utilities/src/xy_printf.c.o
    509	      0	      0	    509	    1fd	E:/workCODE/SLM130NA-M018-C0005/1200_SDK/xinyiNBIot_AP/.build/CMakeFiles/xinyiNBSoC.dir/./MIDDLEWARE/utilities/src/xy_utils.c.o
    388	      0	      0	    388	    184	E:/workCODE/SLM130NA-M018-C0005/1200_SDK/xinyiNBIot_AP/.build/CMakeFiles/xinyiNBSoC.dir/./PROJECT/common/basic_test/src/at_adc_test.c.o
    538	     34	    114	    686	    2ae	E:/workCODE/SLM130NA-M018-C0005/1200_SDK/xinyiNBIot_AP/.build/CMakeFiles/xinyiNBSoC.dir/./PROJECT/common/basic_test/src/at_aes_test.c.o
    602	      0	      0	    602	    25a	E:/workCODE/SLM130NA-M018-C0005/1200_SDK/xinyiNBIot_AP/.build/CMakeFiles/xinyiNBSoC.dir/./PROJECT/common/basic_test/src/at_cp_test.c.o
     40	     12	      4	     56	     38	E:/workCODE/SLM130NA-M018-C0005/1200_SDK/xinyiNBIot_AP/.build/CMakeFiles/xinyiNBSoC.dir/./PROJECT/common/basic_test/src/at_gpio_test.c.o
    820	      0	      0	    820	    334	E:/workCODE/SLM130NA-M018-C0005/1200_SDK/xinyiNBIot_AP/.build/CMakeFiles/xinyiNBSoC.dir/./PROJECT/common/basic_test/src/at_timer_test.c.o
   3605	      0	      0	   3605	    e15	E:/workCODE/SLM130NA-M018-C0005/1200_SDK/xinyiNBIot_AP/.build/CMakeFiles/xinyiNBSoC.dir/./PROJECT/common/basic_test/src/xy_at_test.c.o
    116	      0	      8	    124	     7c	E:/workCODE/SLM130NA-M018-C0005/1200_SDK/xinyiNBIot_AP/.build/CMakeFiles/xinyiNBSoC.dir/./PROJECT/common/basic_test/src/xy_mpu_test.c.o
   1833	      0	      0	   1833	    729	E:/workCODE/SLM130NA-M018-C0005/1200_SDK/xinyiNBIot_AP/.build/CMakeFiles/xinyiNBSoC.dir/./PROJECT/common/driver_test/CuTest/src/CuTest.c.o
   8587	      0	      0	   8587	   218b	E:/workCODE/SLM130NA-M018-C0005/1200_SDK/xinyiNBIot_AP/.build/CMakeFiles/xinyiNBSoC.dir/./PROJECT/common/driver_test/CuTest/src/CuTestTest.c.o
   2037	      4	     73	   2114	    842	E:/workCODE/SLM130NA-M018-C0005/1200_SDK/xinyiNBIot_AP/.build/CMakeFiles/xinyiNBSoC.dir/./PROJECT/common/driver_test/common/src/driver_test_common.c.o
      0	      0	      0	      0	      0	E:/workCODE/SLM130NA-M018-C0005/1200_SDK/xinyiNBIot_AP/.build/CMakeFiles/xinyiNBSoC.dir/./PROJECT/common/driver_test/master/src/csp_spi_master_test.c.o
      0	      0	      0	      0	      0	E:/workCODE/SLM130NA-M018-C0005/1200_SDK/xinyiNBIot_AP/.build/CMakeFiles/xinyiNBSoC.dir/./PROJECT/common/driver_test/master/src/csp_uart_master_test.c.o
      0	      0	      0	      0	      0	E:/workCODE/SLM130NA-M018-C0005/1200_SDK/xinyiNBIot_AP/.build/CMakeFiles/xinyiNBSoC.dir/./PROJECT/common/driver_test/master/src/i2c_master_test.c.o
      0	      0	      0	      0	      0	E:/workCODE/SLM130NA-M018-C0005/1200_SDK/xinyiNBIot_AP/.build/CMakeFiles/xinyiNBSoC.dir/./PROJECT/common/driver_test/master/src/master.c.o
      0	      0	      0	      0	      0	E:/workCODE/SLM130NA-M018-C0005/1200_SDK/xinyiNBIot_AP/.build/CMakeFiles/xinyiNBSoC.dir/./PROJECT/common/driver_test/master/src/spi_master_test.c.o
      0	      0	      0	      0	      0	E:/workCODE/SLM130NA-M018-C0005/1200_SDK/xinyiNBIot_AP/.build/CMakeFiles/xinyiNBSoC.dir/./PROJECT/common/driver_test/master/src/uart_master_test.c.o
      0	      0	      0	      0	      0	E:/workCODE/SLM130NA-M018-C0005/1200_SDK/xinyiNBIot_AP/.build/CMakeFiles/xinyiNBSoC.dir/./PROJECT/common/driver_test/slave/src/csp_spi_slave_test.c.o
      0	      0	      0	      0	      0	E:/workCODE/SLM130NA-M018-C0005/1200_SDK/xinyiNBIot_AP/.build/CMakeFiles/xinyiNBSoC.dir/./PROJECT/common/driver_test/slave/src/csp_uart_slave_test.c.o
      0	      0	      0	      0	      0	E:/workCODE/SLM130NA-M018-C0005/1200_SDK/xinyiNBIot_AP/.build/CMakeFiles/xinyiNBSoC.dir/./PROJECT/common/driver_test/slave/src/i2c_slave_test.c.o
      0	      0	      0	      0	      0	E:/workCODE/SLM130NA-M018-C0005/1200_SDK/xinyiNBIot_AP/.build/CMakeFiles/xinyiNBSoC.dir/./PROJECT/common/driver_test/slave/src/slave.c.o
      0	      0	      0	      0	      0	E:/workCODE/SLM130NA-M018-C0005/1200_SDK/xinyiNBIot_AP/.build/CMakeFiles/xinyiNBSoC.dir/./PROJECT/common/driver_test/slave/src/spi_slave_test.c.o
      0	      0	      0	      0	      0	E:/workCODE/SLM130NA-M018-C0005/1200_SDK/xinyiNBIot_AP/.build/CMakeFiles/xinyiNBSoC.dir/./PROJECT/common/driver_test/slave/src/uart_slave_test.c.o
    285	      0	      8	    293	    125	E:/workCODE/SLM130NA-M018-C0005/1200_SDK/xinyiNBIot_AP/.build/CMakeFiles/xinyiNBSoC.dir/./PROJECT/common/event/src/cloud_process.c.o
      6	      0	      0	      6	      6	E:/workCODE/SLM130NA-M018-C0005/1200_SDK/xinyiNBIot_AP/.build/CMakeFiles/xinyiNBSoC.dir/./PROJECT/common/event/src/data_gather.c.o
    297	      0	      4	    301	    12d	E:/workCODE/SLM130NA-M018-C0005/1200_SDK/xinyiNBIot_AP/.build/CMakeFiles/xinyiNBSoC.dir/./PROJECT/common/event/src/err_process.c.o
    807	      0	      4	    811	    32b	E:/workCODE/SLM130NA-M018-C0005/1200_SDK/xinyiNBIot_AP/.build/CMakeFiles/xinyiNBSoC.dir/./PROJECT/common/event/src/send_by_cdp.c.o
      0	      0	      0	      0	      0	E:/workCODE/SLM130NA-M018-C0005/1200_SDK/xinyiNBIot_AP/.build/CMakeFiles/xinyiNBSoC.dir/./PROJECT/common/event/src/send_by_ctwing.c.o
      0	      0	      0	      0	      0	E:/workCODE/SLM130NA-M018-C0005/1200_SDK/xinyiNBIot_AP/.build/CMakeFiles/xinyiNBSoC.dir/./PROJECT/common/event/src/send_by_http.c.o
      0	      0	      0	      0	      0	E:/workCODE/SLM130NA-M018-C0005/1200_SDK/xinyiNBIot_AP/.build/CMakeFiles/xinyiNBSoC.dir/./PROJECT/common/event/src/send_by_mqtt.c.o
      0	      0	      0	      0	      0	E:/workCODE/SLM130NA-M018-C0005/1200_SDK/xinyiNBIot_AP/.build/CMakeFiles/xinyiNBSoC.dir/./PROJECT/common/event/src/send_by_onenet.c.o
      0	      0	      0	      0	      0	E:/workCODE/SLM130NA-M018-C0005/1200_SDK/xinyiNBIot_AP/.build/CMakeFiles/xinyiNBSoC.dir/./PROJECT/common/event/src/send_by_socket.c.o
    272	      0	      0	    272	    110	E:/workCODE/SLM130NA-M018-C0005/1200_SDK/xinyiNBIot_AP/.build/CMakeFiles/xinyiNBSoC.dir/./PROJECT/common/fota/fota_by_http.c.o
    180	      0	   3074	   3254	    cb6	E:/workCODE/SLM130NA-M018-C0005/1200_SDK/xinyiNBIot_AP/.build/CMakeFiles/xinyiNBSoC.dir/./PROJECT/common/fota/fota_by_local.c.o
    103	      0	      0	    103	     67	E:/workCODE/SLM130NA-M018-C0005/1200_SDK/xinyiNBIot_AP/.build/CMakeFiles/xinyiNBSoC.dir/./PROJECT/default/src/main.c.o
     62	      0	      0	     62	     3e	E:/workCODE/SLM130NA-M018-C0005/1200_SDK/xinyiNBIot_AP/.build/CMakeFiles/xinyiNBSoC.dir/./PROJECT/default/src/user_init.c.o
    152	      0	      8	    160	     a0	E:/workCODE/SLM130NA-M018-C0005/1200_SDK/xinyiNBIot_AP/.build/CMakeFiles/xinyiNBSoC.dir/./SYSAPP/core_cm3/src/cm3_systick.c.o
    144	      0	      0	    144	     90	E:/workCODE/SLM130NA-M018-C0005/1200_SDK/xinyiNBIot_AP/.build/CMakeFiles/xinyiNBSoC.dir/./SYSAPP/core_cm3/src/core_cm3.c.o
    160	      0	      0	    160	     a0	E:/workCODE/SLM130NA-M018-C0005/1200_SDK/xinyiNBIot_AP/.build/CMakeFiles/xinyiNBSoC.dir/./SYSAPP/core_cm3/src/mpu.c.o
    300	      0	      0	    300	    12c	E:/workCODE/SLM130NA-M018-C0005/1200_SDK/xinyiNBIot_AP/.build/CMakeFiles/xinyiNBSoC.dir/./SYSAPP/core_cm3/src/mpu_protect.c.o
    176	      0	      0	    176	     b0	E:/workCODE/SLM130NA-M018-C0005/1200_SDK/xinyiNBIot_AP/.build/CMakeFiles/xinyiNBSoC.dir/./SYSAPP/core_cm3/src/nvic.c.o
    384	      0	      0	    384	    180	E:/workCODE/SLM130NA-M018-C0005/1200_SDK/xinyiNBIot_AP/.build/CMakeFiles/xinyiNBSoC.dir/./SYSAPP/startup/src/startup_cm3.s.o
   1242	      0	      7	   1249	    4e1	E:/workCODE/SLM130NA-M018-C0005/1200_SDK/xinyiNBIot_AP/.build/CMakeFiles/xinyiNBSoC.dir/./SYSAPP/system/src/adc_adapt.c.o
    252	      0	      4	    256	    100	E:/workCODE/SLM130NA-M018-C0005/1200_SDK/xinyiNBIot_AP/.build/CMakeFiles/xinyiNBSoC.dir/./SYSAPP/system/src/ap_watchdog.c.o
    480	      0	      0	    480	    1e0	E:/workCODE/SLM130NA-M018-C0005/1200_SDK/xinyiNBIot_AP/.build/CMakeFiles/xinyiNBSoC.dir/./SYSAPP/system/src/backup_mem.c.o
      0	      0	      0	      0	      0	E:/workCODE/SLM130NA-M018-C0005/1200_SDK/xinyiNBIot_AP/.build/CMakeFiles/xinyiNBSoC.dir/./SYSAPP/system/src/dyn_load.c.o
    104	      0	      4	    108	     6c	E:/workCODE/SLM130NA-M018-C0005/1200_SDK/xinyiNBIot_AP/.build/CMakeFiles/xinyiNBSoC.dir/./SYSAPP/system/src/event_api.c.o
    879	      0	    221	   1100	    44c	E:/workCODE/SLM130NA-M018-C0005/1200_SDK/xinyiNBIot_AP/.build/CMakeFiles/xinyiNBSoC.dir/./SYSAPP/system/src/fast_recovery.c.o
   2000	      0	     40	   2040	    7f8	E:/workCODE/SLM130NA-M018-C0005/1200_SDK/xinyiNBIot_AP/.build/CMakeFiles/xinyiNBSoC.dir/./SYSAPP/system/src/heap_6.c.o
      0	      0	      0	      0	      0	E:/workCODE/SLM130NA-M018-C0005/1200_SDK/xinyiNBIot_AP/.build/CMakeFiles/xinyiNBSoC.dir/./SYSAPP/system/src/module_runtime_dbg.c.o
      0	      0	      0	      0	      0	E:/workCODE/SLM130NA-M018-C0005/1200_SDK/xinyiNBIot_AP/.build/CMakeFiles/xinyiNBSoC.dir/./SYSAPP/system/src/runtime_dbg.c.o
   1484	     16	      0	   1500	    5dc	E:/workCODE/SLM130NA-M018-C0005/1200_SDK/xinyiNBIot_AP/.build/CMakeFiles/xinyiNBSoC.dir/./SYSAPP/system/src/sys_clk.c.o
      0	      0	      0	      0	      0	E:/workCODE/SLM130NA-M018-C0005/1200_SDK/xinyiNBIot_AP/.build/CMakeFiles/xinyiNBSoC.dir/./SYSAPP/system/src/sys_const.c.o
    962	      0	      9	    971	    3cb	E:/workCODE/SLM130NA-M018-C0005/1200_SDK/xinyiNBIot_AP/.build/CMakeFiles/xinyiNBSoC.dir/./SYSAPP/system/src/sys_ipc.c.o
    424	      0	      4	    428	    1ac	E:/workCODE/SLM130NA-M018-C0005/1200_SDK/xinyiNBIot_AP/.build/CMakeFiles/xinyiNBSoC.dir/./SYSAPP/system/src/sys_isr.c.o
   3192	      0	     13	   3205	    c85	E:/workCODE/SLM130NA-M018-C0005/1200_SDK/xinyiNBIot_AP/.build/CMakeFiles/xinyiNBSoC.dir/./SYSAPP/system/src/sys_lpm.c.o
    272	      0	      0	    272	    110	E:/workCODE/SLM130NA-M018-C0005/1200_SDK/xinyiNBIot_AP/.build/CMakeFiles/xinyiNBSoC.dir/./SYSAPP/system/src/sys_mem.c.o
    564	      0	     12	    576	    240	E:/workCODE/SLM130NA-M018-C0005/1200_SDK/xinyiNBIot_AP/.build/CMakeFiles/xinyiNBSoC.dir/./SYSAPP/system/src/sys_proc.c.o
   7060	    189	     76	   7325	   1c9d	E:/workCODE/SLM130NA-M018-C0005/1200_SDK/xinyiNBIot_AP/.build/CMakeFiles/xinyiNBSoC.dir/./SYSAPP/system/src/sys_rc32k.c.o
   1195	      4	      0	   1199	    4af	E:/workCODE/SLM130NA-M018-C0005/1200_SDK/xinyiNBIot_AP/.build/CMakeFiles/xinyiNBSoC.dir/./SYSAPP/system/src/sys_rtc.c.o
   2875	      8	    143	   3026	    bd2	E:/workCODE/SLM130NA-M018-C0005/1200_SDK/xinyiNBIot_AP/.build/CMakeFiles/xinyiNBSoC.dir/./SYSAPP/system/src/system.c.o
   1414	      0	      0	   1414	    586	E:/workCODE/SLM130NA-M018-C0005/1200_SDK/xinyiNBIot_AP/.build/CMakeFiles/xinyiNBSoC.dir/./SYSAPP/system/src/urgent_dbg_info.c.o
    298	      0	      0	    298	    12a	E:/workCODE/SLM130NA-M018-C0005/1200_SDK/xinyiNBIot_AP/.build/CMakeFiles/xinyiNBSoC.dir/./SYSAPP/system/src/utc_watchdog.c.o
   1308	      0	      0	   1308	    51c	E:/workCODE/SLM130NA-M018-C0005/1200_SDK/xinyiNBIot_AP/.build/CMakeFiles/xinyiNBSoC.dir/./SYSAPP/system/src/xy_cp.c.o
   3232	     44	      6	   3282	    cd2	E:/workCODE/SLM130NA-M018-C0005/1200_SDK/xinyiNBIot_AP/.build/CMakeFiles/xinyiNBSoC.dir/./SYSAPP/system/src/xy_flash.c.o
    786	      0	      4	    790	    316	E:/workCODE/SLM130NA-M018-C0005/1200_SDK/xinyiNBIot_AP/.build/CMakeFiles/xinyiNBSoC.dir/./SYSAPP/system/src/xy_fota.c.o
      4	      0	      0	      4	      4	E:/workCODE/SLM130NA-M018-C0005/1200_SDK/xinyiNBIot_AP/.build/CMakeFiles/xinyiNBSoC.dir/./SYSAPP/system/src/xy_gpio_rcr.c.o
    381	      0	      5	    386	    182	E:/workCODE/SLM130NA-M018-C0005/1200_SDK/xinyiNBIot_AP/.build/CMakeFiles/xinyiNBSoC.dir/./SYSAPP/system/src/xy_svd.c.o
   2020	      4	      0	   2024	    7e8	E:/workCODE/SLM130NA-M018-C0005/1200_SDK/xinyiNBIot_AP/.build/CMakeFiles/xinyiNBSoC.dir/./SYSAPP/system/src/xy_timer.c.o
